05-15 01:09:39.595 12034 12236 V IDM-CoapResponder : add Attribute 20020006-09da-4bed-9652-f507366fcfc5 Service
05-15 01:09:39.595 12034 12236 V IDM-CoapResponder : add Attribute 20010005-09da-4bed-9652-f507366fcfc5 Service
05-15 01:09:39.595 12034 12236 V IDM-CoapResponder : add Attribute 00000005-09da-4bed-9652-f507366fcfc5 Service
05-15 01:09:39.595 12034 12236 V IDM-CoapResponder : add Attribute 20020007-09da-4bed-9652-f507366fcfc5 Service
05-15 01:09:39.595 12034 12236 V IDM-CoapResponder : add Attribute 20010004-09da-4bed-9652-f507366fcfc5 Service
05-15 01:09:39.595 12034 12236 V IDM-CoapResponder : add Attribute 00000006-09da-4bed-9652-f507366fcfc5 Service
05-15 01:09:39.595 12034 12236 V IDM-CoapResponder : add Attribute 20020004-09da-4bed-9652-f507366fcfc5 Service
05-15 01:09:39.595 12034 12236 V IDM-CoapResponder : add Attribute 20010007-09da-4bed-9652-f507366fcfc5 Service
05-15 01:09:39.595 12034 12236 V IDM-CoapResponder : add Attribute 00000007-09da-4bed-9652-f507366fcfc5 Service
05-15 01:09:39.595 12034 12236 V IDM-CoapResponder : add Attribute 20020005-09da-4bed-9652-f507366fcfc5 Service
05-15 01:09:39.595 12034 12236 V IDM-CoapResponder : add Attribute 20010006-09da-4bed-9652-f507366fcfc5 Service
05-15 01:09:39.596 12034 12202 D IDM-PropertyUtils : is agreed: false
05-15 01:09:39.596 12034 12202 W IDM-MiConnectReport : report failure -2012 0
05-15 01:09:39.596 12034 12202 E IDM-stat: MiotReportManager : not available becase: is_enable_disable_build: true
05-15 01:09:39.597 12034 12057 D IDM-CertSavingManager : get cert3 from ram
05-15 01:09:39.598 12034 12057 D IDM-CertSavingManager : get cert2 from ram space
05-15 01:09:39.602 12034 12057 V IDM-MiIdentity : h: Receive message 1, hardware data 37c8b02fc947e222c97245c67104793923f751c6, hardwareHash 7c
05-15 01:09:39.602 12034 12057 D IDM-CertSavingManager : queryWhenLogin mijiaDid 37c8b02fc947e222c97245c67104793923f751c6, didHash 7c
05-15 01:09:39.603 12034 12246 D IDM-CertSavingManager : save all data fetched in new thread.
05-15 01:09:39.612 12034 12057 D IDM-CertSavingManager : get cert3 from ram
05-15 01:09:39.612 12034 12057 D IDM-CertSavingManager : get cert2 from ram space
05-15 01:09:39.614 12034 12249 D IDM-CertSavingManager : save all data fetched in new thread.
05-15 01:09:39.687 12034 12066 E IDM-NetWorkUtils : get: response ----->{
"all":{"allClose":"false"},
"cpu":{"intervalMillis":"100000"},
"heap":{"intervalMillis":"100000"},
"ram":{"intervalMillis":"100000"},
"traffic":{
"intervalMillis":"100000",
"sampleMillis":"1000"
},
"thread":{
"intervalMillis":"100000",
"threadFilter":"com.godeye.androidgodeye.mods.thread.ExcludeSystemThreadFilter",
"threadTagger":"com.godeye.androidgodeye.mods.thread.DefaultThreadTagger"
},
"appsize":{
"delayMillis":"0"
},
"handle":{
"intervalMillis":"100000"
}
}

05-15 01:09:39.687 12034 12066 E IDM-NetWorkUtils : get: response ----->200
05-15 01:09:39.688 12034 12066 E IDM-NetWorkUtils : get: response ----->OK
05-15 01:09:39.688 12034 12066 E IDM-NetWorkUtils : get: response ----->true
05-15 01:09:39.688 12034 12066 E IDM-NetWorkUtils : send get point end [200]
05-15 01:09:39.696 12034 12086 D IDM-IDMConfigCache : start updateIDMCloudConfig
05-15 01:09:39.696 12034 12056 I IDM-CloudCtrFileJob : done
05-15 01:09:39.696 12034 12056 D IDM-CloudCtrBaseJob : work
05-15 01:09:39.701 12034 12056 D IDM-CloudCtrUrlConfig : config release https://cdn.awsusor1.fds.api.mi-img.com/miot-standard-fds/release/config/appconfig_phone.json?GalaxyAccessKeyId=5151729087601&Expires=9223372036854775807&Signature=C0EZIcUck36IDNAzEeKAifzKbGk=
05-15 01:09:39.761 12034 12067 V IDM-MiIdentity : h: generateKeyPair end took 594 milliseconds.
05-15 01:09:39.934 12034 12086 D IDM-IDMConfigCache : idmConfigAppList size = 0
05-15 01:09:39.955 12034 12086 D IDM-IDMCloudTransfer : Sending request https://idm.iot.mi.com/idm/info/batch on null

05-15 01:09:40.106 12034 12059 D IDM-TimerStack : ServerTime end: 944
05-15 01:09:40.106 12034 12059 D IDM-Trace : server time: 1652591380491, delta: 944, elapsed: 121046480
05-15 01:09:40.119 12034 12056 I IDM-ConfigMgr : version cur 3 new 2
05-15 01:09:40.119 12034 12056 D IDM-CloudCtrBaseJob : done
05-15 01:09:40.119 12034 12056 D IDM-CertRefreshJob : Start work
05-15 01:09:40.120 12034 12056 D IDM-CertRefreshJob : End work
05-15 01:09:40.120 12034 12056 D IDM-BackgroundJob : BleRelayCtrFileJob start
05-15 01:09:40.123 12034 12056 D IDM-BackgroundJob : empty ble relay conf url, ignore
05-15 01:09:40.637 12034 12202 D IDM-TAG : Advertising flag is 2
05-15 01:09:40.637 12034 12202 V IDM-TAG : Short Id Hash is 333763
05-15 01:09:40.638 12034 12202 D IDM-BonjourGovernor : startAdvertising: enter
05-15 01:09:40.656 12034 12202 D IDM-BonjourGovernor : J-Debug pattern  count: 1
05-15 01:09:40.657 12034 12202 D IDM-BonjourGovernor : J-Debug pattern [\u4e00-\u9fa5]count: 0
05-15 01:09:40.657 12034 12202 V IDM-BonjourGovernor : J-Debug outside realLen: 60, nmLen: 21, asLen: 19, ipLen: 9, containChinese: false, jsonStr: {"nm":"Redmi Note 10S","as":"[8193, 8194]","ip":"18"}
05-15 01:09:40.657 12034 12202 V IDM-BonjourGovernor : J-Debug startAdvertising json: {"nm":"Redmi Note 10S","as":"[8193, 8194]","ip":"18"}
05-15 01:09:41.386 12034 12087 D IDM-BonjourGovernor : onServiceRegistered: 
05-15 01:09:41.387 12034 12202 D IDM-LocalAppServer : advertisingResult, discType:2, result3
05-15 01:09:41.387 12034 12202 D IDM-AppMgrNative : onAdvertisingResult enter, result:3
05-15 01:09:41.387 12034 12202 D IDM-LocalAppServer : advertisingResult, discType:2, result3
05-15 01:09:41.395 12034 12202 D IDM-AppMgrNative : onAdvertisingResult enter, result:3
05-15 01:09:41.395 12034 12202 D IDM-BonjourGovernor : startAdvertising: exit
05-15 01:09:41.395 12034 12202 D IDM-LocalAppServer : can not create p2p go.
05-15 01:09:41.395 12034 12202 E IDM-LocalAppServer : startAdvertising end.
05-15 01:09:41.395 12034 12202 I IDM-MiConnectService : startAdvertising 3
05-15 01:09:41.396 12034 12202 D IDM-PropertyUtils : is agreed: false
05-15 01:09:41.396 12034 12202 E IDM-s:miconnect:  : not available
05-15 01:09:41.396 12034 12202 E IDM-stat: MiotReportManager : not available becase: is_enable_disable_build: true
05-15 01:09:41.396 12034 12190 V IDM-HandoffProcessService : onAdvertisingResult: status = [3] MSG = [Start Advertising SUCCESS]
05-15 01:09:41.397 12034 12236 I IDM-AdvertisingManager : update 2
05-15 01:09:41.397 12034 12236 I IDM-AdvertisingManager : update after changed for BT, discType is 2
05-15 01:09:41.397 12034 12236 D IDM-BonjourGovernor : stopAdvertising: enter
05-15 01:09:41.399 12034 12087 D IDM-BonjourGovernor : onServiceUnregistered: 
05-15 01:09:41.399 12034 12236 D IDM-BonjourGovernor : stopAdvertising: exit
05-15 01:09:41.983 12034 12086 D IDM-IDMCloudTransfer : Received response for https://idm.iot.mi.com/idm/info/batch in 2028,0ms
date: Sun, 15 May 2022 05:09:42 GMT
content-type: application/json
vary: Origin
vary: Access-Control-Request-Method
vary: Access-Control-Request-Headers

05-15 01:09:41.988 12034 12086 D IDM-IDMCloudTransfer : requestAppConfigPost body = {"status":200,"message":"","result":[{"id":4,"clientId":"aa80e4f0","appName":"ToBSoundBox","signature":"E2:2C:DA:40:69:37:EA:C4:6B:DE:7A:A2:F2:09:2D:AA:CC:9E:FF:F6","certificate":"","platform":"Android","packageName":"com.xiaomi.micolauncher","online":2,"createTime":1607414192,"changeTime":1614132887,"comment":"","services":null,"findables":[{"serviceType":"urn:aiot-spec-v3:service:iot-local-control:00000001:1","actions":["ALL"]}]},{"id":3,"clientId":"a5c11fdd","appName":"TestTeamApp","signature":"7A:68:0A:8D:D9:99:21:43:B7:69:EA:93:9B:89:9A:8E:43:D2:09:67","certificate":"","platform":"Android","packageName":"com.iot.xiaomi.miconnecttest","online":2,"createTime":1607414027,"changeTime":1619058349,"comment":"","services":[{"serviceType":"urn:aiot-spec-v3:service:idm-test:00000001:1","actions":[]},{"serviceType":"urn:aiot-spec-v3:service:multi-screen-collaboration:00000001:1","actions":[]},{"serviceType":"urn:aiot-spec-v3:service:input:00000001:1","actions":[]},{"serviceType":"urn:aiot-spec-v3:service:iot-local-control:00000001:1","actions":[]},{"serviceType":"urn:aiot-spec-v3:service:ip-camera:00000001:1","actions":[]},{"serviceType":"urn:aiot-spec-v3:service:light:00000001:1","actions":[]},{"serviceType":"urn:aiot-spec-v3:service:motionsensor:00000001:1","actions":[]},{"serviceType":"urn:aiot-spec-v3:service:handoff:00000001:1","actions":[]},{"serviceType":"urn:aiot-spec-v3:com.mi.idm:service:micast-tv:00017802:1.0","actions":["ALL"]},{"serviceType":"urn:aiot-spec-v3:com.mi.idm:service:notification-local:00017804:1.0","actions":[]}],"findables":[{"serviceType":"urn:aiot-spec-v3:service:iot-local-control:00000001:1","actions":["ALL"]},{"serviceType":"urn:aiot-spec-v3:service:ip-camera:00000001:1","actions":["ALL"]},{"serviceType":"urn:aiot-spec-v3:service:light:00000001:1","actions":["ALL"]},{"serviceType":"urn:aiot-spec-v3:service:motionsensor:00000001:1","actions":["ALL"]},{"serviceType":"urn:aiot-spec-v3:service:handoff:00000001:1","actions":["ALL"]},{"serviceType":"urn:aiot-spec-v3:service:input:00000001:1","actions":["ALL"]},{"serviceType":"urn:aiot-spec-v3:service:multi-screen-collaboration:00000001:1","actions":["ALL"]},{"serviceType":"urn:aiot-spec-v3:service:idm-test:00000001:1","actions":[]},{"serviceType":"urn:aiot-spec-v3:com.mi.idm:service:micast-tv:00017802:1.0","actions":["ALL"]},{"serviceType":"urn:aiot-spec-v3:com.mi.idm:service:notification-local:00017804:1.0","actions":["ALL"]}]},{"id":1,"clientId":"adc78733","appName":"IDMTestApp","signature":"27:19:6E:38:6B:87:5E:76:AD:F7:00:E7:EA:84:E4:C6:EE:E3:3D:FA","certificate":"","platform":"Android","packageName":"com.xiaomi.miconnect","online":2,"createTime":1607413671,"changeTime":1620717390,"comment":"","services":[{"serviceType":"urn:aiot-spec-v3:service:idm-test:00000001:1","actions":[]}],"findables":[{"serviceType":"urn:aiot-spec-v3:service:light:00000001:1","actions":["ALL"]},{"serviceType":"urn:aiot-spec-v3:service:input:00000001:1","actions":["ALL"]},{"serviceType":"urn:aiot-spec-v3:service:multi-screen-collaboration:00000001:1","actions":["ALL"]}]},{"id":5,"clientId":"apmr9571","appName":"SampleCode","signature":"2C:29:D4:3E:24:1E:3F:57:02:1B:86:D4:9B:E7:0F:59:7F:1A:4C:4D","certificate":"","platform":"Android","packageName":"com.xiaomi.idm.sample","online":2,"createTime":1607414256,"changeTime":1618390694,"comment":"","services":[{"serviceType":"urn:aiot-spec-v3:service:idm-test:00000001:1","actions":["ALL"]},{"serviceType":"urn:aiot-spec-v3:com.mi.idm:service:micast-tv:00017802:1.0","actions":["ALL"]}],"findables":[{"serviceType":"urn:aiot-spec-v3:service:iot-local-control:00000001:1","actions":["ALL"]},{"serviceType":"urn:aiot-spec-v3:service:ip-camera:00000001:1","actions":["ALL"]},{"serviceType":"urn:aiot-spec-v3:service:light:00000001:1","actions":["ALL"]},{"serviceType":"urn:aiot-spec-v3:service:motionsensor:00000001:1","actions":["ALL"]},{"serviceType":"urn:aiot-spec-v3:service:handoff:00000001:1","actions":["ALL"]},{"serviceType":"urn:aiot-spec-v3:service:input:00000001:1","actions":["ALL"]},{"serviceType":"urn:aiot-spec-v3:service:multi-screen-collaboration:00000001:1","actions":["ALL"]}]},{"id":2,"clientId":"aca27627","appName":"xiaomimirror","signature":"7B:6D:C7:07:9C:34:73:9C:E8:11:59:71:9F:B5:EB:61:D2:A0:32:25","certificate":"","platform":"Android","packageName":"com.xiaomi.mirror","online":2,"createTime":1607413907,"changeTime":1616405217,"comment":"","services":[{"serviceType":"urn:aiot-spec-v3:service:multi-screen-collaboration:00000001:1","actions":[]}],"findables":[{"serviceType":"urn:aiot-spec-v3:service:multi-screen-collaboration:00000001:1","actions":["ALL"]}]},{"id":6,"clientId":"adio19d2","appName":"DuoKanTvBox","signature":"08:32:F8:EB:8B:B2:28:12:1A:6E:A9:0C:AD:D8:9D:58:2C:B1:9C:7D","certificate":"","platform":"Android","packageName":"com.duokan.airkan.tvbox","online":2,"createTime":1607414401,"changeTime":1607414433,"comment":"","services":null,"findables":[{"serviceType":"urn:aiot-spec-v3:service:input:00000001:1","actions":["ALL"]}]}],"timestamp":"2022-05-15 13:09:42.296"}
05-15 01:09:42.033 12034 12086 D IDM-IDMConfigCache : finish updateIDMCloudConfig
05-15 01:09:42.436 12034 12236 D IDM-TAG : Advertising flag is 2
05-15 01:09:42.437 12034 12236 V IDM-TAG : Short Id Hash is 333763
05-15 01:09:42.437 12034 12236 D IDM-BonjourGovernor : startAdvertising: enter
05-15 01:09:42.454 12034 12236 D IDM-BonjourGovernor : J-Debug pattern  count: 1
05-15 01:09:42.454 12034 12236 D IDM-BonjourGovernor : J-Debug pattern [\u4e00-\u9fa5]count: 0
05-15 01:09:42.455 12034 12236 V IDM-BonjourGovernor : J-Debug outside realLen: 60, nmLen: 21, asLen: 19, ipLen: 9, containChinese: false, jsonStr: {"nm":"Redmi Note 10S","as":"[8193, 8194]","ip":"18"}
05-15 01:09:42.455 12034 12236 V IDM-BonjourGovernor : J-Debug startAdvertising json: {"nm":"Redmi Note 10S","as":"[8193, 8194]","ip":"18"}
05-15 01:09:43.205 12034 12087 D IDM-BonjourGovernor : onServiceRegistered: 
05-15 01:09:43.206 12034 12236 D IDM-LocalAppServer : advertisingResult, discType:2, result3
05-15 01:09:43.206 12034 12236 D IDM-LocalAppServer : result = START_ADVERTISING_SUCCESS, no need callback!
05-15 01:09:43.206 12034 12236 D IDM-LocalAppServer : advertisingResult, discType:2, result3
05-15 01:09:43.206 12034 12236 D IDM-LocalAppServer : result = START_ADVERTISING_SUCCESS, no need callback!
05-15 01:09:43.206 12034 12236 D IDM-BonjourGovernor : startAdvertising: exit
05-15 01:09:43.207 12034 12236 D IDM-LocalAppServer : can not create p2p go.
05-15 01:09:43.207 12034 12236 E IDM-LocalAppServer : startAdvertising end.
05-15 01:09:43.207 12034 12236 I IDM-MiConnectService : startAdvertising 3
05-15 01:09:43.207 12034 12236 D IDM-PropertyUtils : is agreed: false
05-15 01:09:43.208 12034 12236 E IDM-s:miconnect:  : not available
05-15 01:09:43.208 12034 12236 E IDM-stat: MiotReportManager : not available becase: is_enable_disable_build: true
05-15 01:26:37.553 12034 14243 D IDM-BonjourGovernor : stopAdvertising: enter
05-15 01:26:37.557 12034 12087 D IDM-BonjourGovernor : onServiceUnregistered: 
05-15 01:26:37.557 12034 14243 D IDM-BonjourGovernor : stopAdvertising: exit
05-15 01:26:37.557 12034 14243 I IDM-AbstractBtGovernor : isAvailable enter
05-15 01:26:37.557 12034 14243 D IDM-AbstractBtGovernor : is support BT: false
05-15 01:28:25.466 12034 14243 D IDM-TAG : Advertising flag is 2
05-15 01:28:25.467 12034 14243 V IDM-TAG : Short Id Hash is 333763
05-15 01:28:25.468 12034 14243 D IDM-BonjourGovernor : startAdvertising: enter
05-15 01:28:25.475 12034 14243 D IDM-BonjourGovernor : J-Debug pattern  count: 1
05-15 01:28:25.475 12034 14243 D IDM-BonjourGovernor : J-Debug pattern [\u4e00-\u9fa5]count: 0
05-15 01:28:25.476 12034 14243 V IDM-BonjourGovernor : J-Debug outside realLen: 60, nmLen: 21, asLen: 19, ipLen: 9, containChinese: false, jsonStr: {"nm":"Redmi Note 10S","as":"[8193, 8194]","ip":"18"}
05-15 01:28:25.476 12034 14243 V IDM-BonjourGovernor : J-Debug startAdvertising json: {"nm":"Redmi Note 10S","as":"[8193, 8194]","ip":"18"}
05-15 01:28:26.135 12034 12087 D IDM-BonjourGovernor : onServiceRegistered: 
05-15 01:28:26.135 12034 14243 D IDM-LocalAppServer : advertisingResult, discType:2, result3
05-15 01:28:26.136 12034 14243 D IDM-LocalAppServer : result = START_ADVERTISING_SUCCESS, no need callback!
05-15 01:28:26.136 12034 14243 D IDM-LocalAppServer : advertisingResult, discType:2, result3
05-15 01:28:26.136 12034 14243 D IDM-LocalAppServer : result = START_ADVERTISING_SUCCESS, no need callback!
05-15 01:28:26.136 12034 14243 D IDM-BonjourGovernor : startAdvertising: exit
05-15 01:28:26.136 12034 14243 D IDM-DiscoveryManager : start
05-15 01:28:26.136 12034 14243 I IDM-AbstractBtGovernor : isAvailable enter
05-15 01:28:26.136 12034 14243 D IDM-AbstractBtGovernor : is support BT: false
05-15 01:40:18.746 12034 14243 D IDM-BonjourGovernor : stopAdvertising: enter
05-15 01:40:18.752 12034 12087 D IDM-BonjourGovernor : onServiceUnregistered: 
05-15 01:40:18.752 12034 14243 D IDM-BonjourGovernor : stopAdvertising: exit
05-15 01:40:18.754 12034 14243 I IDM-AbstractBtGovernor : isAvailable enter
05-15 01:40:18.755 12034 14243 D IDM-AbstractBtGovernor : is support BT: false
05-15 01:40:18.965 12034 14243 D IDM-TAG : Advertising flag is 2
05-15 01:40:18.965 12034 14243 V IDM-TAG : Short Id Hash is 333763
05-15 01:40:18.966 12034 14243 D IDM-BonjourGovernor : startAdvertising: enter
05-15 01:40:18.979 12034 14243 D IDM-BonjourGovernor : J-Debug pattern  count: 1
05-15 01:40:18.979 12034 14243 D IDM-BonjourGovernor : J-Debug pattern [\u4e00-\u9fa5]count: 0
05-15 01:40:18.980 12034 14243 V IDM-BonjourGovernor : J-Debug outside realLen: 60, nmLen: 21, asLen: 19, ipLen: 9, containChinese: false, jsonStr: {"nm":"Redmi Note 10S","as":"[8193, 8194]","ip":"18"}
05-15 01:40:18.980 12034 14243 V IDM-BonjourGovernor : J-Debug startAdvertising json: {"nm":"Redmi Note 10S","as":"[8193, 8194]","ip":"18"}
05-15 01:40:19.697 12034 12087 D IDM-BonjourGovernor : onServiceRegistered: 
05-15 01:40:19.697 12034 14243 D IDM-LocalAppServer : advertisingResult, discType:2, result3
05-15 01:40:19.697 12034 14243 D IDM-LocalAppServer : result = START_ADVERTISING_SUCCESS, no need callback!
05-15 01:40:19.698 12034 14243 D IDM-LocalAppServer : advertisingResult, discType:2, result3
05-15 01:40:19.698 12034 14243 D IDM-LocalAppServer : result = START_ADVERTISING_SUCCESS, no need callback!
05-15 01:40:19.698 12034 14243 D IDM-BonjourGovernor : startAdvertising: exit
05-15 01:40:19.698 12034 14243 D IDM-DiscoveryManager : start
05-15 01:40:19.698 12034 14243 I IDM-AbstractBtGovernor : isAvailable enter
05-15 01:40:19.698 12034 14243 D IDM-AbstractBtGovernor : is support BT: false
05-15 01:40:57.867 18143 18143 I IDM-LogUtil : LogUtils init, A new application started
05-15 01:40:57.874 18143 18143 D IDM-PermissionManager : mIsSelfDebugSignature = false
05-15 01:40:57.878 18143 18143 I IDM-PermissionManager : load permission assets
05-15 01:40:57.884 18143 18143 I IDM-PermissionManager : failed to check uid for com.miui.huanji -1
05-15 01:40:57.884 18143 18143 I IDM-PermissionManager : failed to check uid for com.duokan.phone.remotecontroller -1
05-15 01:40:57.885 18143 18143 I IDM-PermissionManager : failed to check uid for com.iot.xiaomi.miconnecttest -1
05-15 01:40:57.885 18143 18143 I IDM-PermissionManager : failed to check uid for com.xiaomi.idm_autotest_android -1
05-15 01:40:57.885 18143 18143 I IDM-PermissionManager : failed to check uid for com.miui.video -1
05-15 01:40:57.886 18143 18143 I IDM-PermissionManager : failed to check uid for com.xiaomi.mitime -1
05-15 01:40:57.887 18143 18143 I IDM-PermissionManager : failed to check uid for com.xiaomi.wearable -1
05-15 01:40:57.887 18143 18143 I IDM-PermissionManager : failed to check uid for com.xiaomi.idm.sample -1
05-15 01:40:57.888 18143 18143 I IDM-PermissionManager : perm loaded v: 8
05-15 01:40:57.888 18143 18143 D IDM-ConfigMgr : config file: /data/user/0/com.xiaomi.mi_connect_service/files/config/config
05-15 01:40:57.910 18143 18143 D IDM-TimerStack : parseConfig start
05-15 01:40:57.912 18143 18143 W IDM-ConfigMgr : api invokes before apps loaded
05-15 01:40:57.912 18143 18143 D IDM-TimerStack : parseConfig end: 3
05-15 01:40:57.912 18143 18143 I IDM-ConfigMgr : 13 items loaded
05-15 01:40:57.913 18143 18143 I IDM-ConfigMgr : 4 data items loaded
05-15 01:40:57.913 18143 18143 D IDM-RegionUtil : CL
05-15 01:40:57.941 18143 18143 D IDM-PropertyUtils : is agreed: false
05-15 01:40:57.959 18143 18165 I IDM-CloudCtrFileJob : work
05-15 01:40:57.962 18143 18143 D IDM-PropertyUtils : is agreed: false
05-15 01:40:57.965 18143 18143 D IDM-DeviceUtil : platform type property: default
05-15 01:40:57.965 18143 18143 E IDM-Constant : is international: true
05-15 01:40:57.965 18143 18143 E IDM-s:miconnect:  : not available
05-15 01:40:57.966 18143 18168 V IDM-url : server time url: https://us-idm.api.io.mi.com/app/appgateway/miot/miconnect_server/MiconnectService/common/serverTime
05-15 01:40:57.966 18143 18168 D IDM-TimerStack : ServerTime start
05-15 01:40:57.969 18143 18143 V IDM-NetworkApi : mijia api base is : https://us.api.io.mi.com/
05-15 01:40:57.976 18143 18143 D IDM-MiIdentity : h: MiIdentity init start: ACCOUNT_VERIFY true
05-15 01:40:57.976 18143 18143 V IDM-MiIdentity : MiIdentityStore: MiIdentityStore init
05-15 01:40:57.986 18143 18143 V IDM-MiIdentity : MiIdentityStore: loadMiIdentityInfo took 10 milliseconds.
05-15 01:40:57.999 18143 18143 V IDM-MiIdentity : h: MiIdentity init end took 23 milliseconds.
05-15 01:40:57.999 18143 18179 V IDM-MiIdentity : h: MiIdentity onAccountChange, old 6552773799, new 6552773799
05-15 01:40:57.999 18143 18166 V IDM-MiIdentity : h: Receive message 0, hardware data 37c8b02fc947e222c97245c67104793923f751c6, hardwareHash 7c
05-15 01:40:57.999 18143 18166 D IDM-CertSavingManager : queryWhenLogin mijiaDid 37c8b02fc947e222c97245c67104793923f751c6, didHash 7c
05-15 01:40:58.002 18143 18143 I IDM-MiConnectService : onCreate versionName:2.1.137 userId:0
05-15 01:40:58.003 18143 18143 D IDM-PropertyUtils : is agreed: false
05-15 01:40:58.003 18143 18143 E IDM-s:miconnect:  : not available
05-15 01:40:58.004 18143 18143 D IDM-DeviceUtil : platform type property: default
05-15 01:40:58.005 18143 18143 D IDM-BonjourGovernor : BonjourGovernor ver: 9.8.09.01
05-15 01:40:58.005 18143 18175 E IDM-apm-idm : {"machineCode":"us","countryCode":"CL"}
05-15 01:40:58.005 18143 18175 E IDM-apm-idm : url=https://cdn.awsusor1.fds.api.mi-img.com/miot-miconnect-apm/idmapm/release/apm_control.json
05-15 01:40:58.005 18143 18175 D IDM-PropertyUtils : is agreed: false
05-15 01:40:58.005 18143 18194 D IDM-TimerStack : load all start
05-15 01:40:58.007 18143 18195 D IDM-CoapResponder : startCoapServer
05-15 01:40:58.007 18143 18195 V IDM-CoapResponder : 0: Start coap server on ports 56666
05-15 01:40:58.020 18143 18194 D IDM-TimerStack : load all end: 14
05-15 01:40:58.020 18143 18195 D IDM-CoapResponder : Start CoapServer Successful
05-15 01:40:58.228 18143 18143 D IDM-MiConnectService : SYSTEM userId else: 0,APP USERID 1000
05-15 01:40:58.228 18143 18143 D IDM-BtGovernor : BtApi getBleGovernor
05-15 01:40:58.231 18143 18143 I IDM-BleClientService :  BleAttributeClientOperation Consturctor, dev.1.2.0
05-15 01:40:58.231 18143 18143 D IDM-BleDiscovery : init enter, mIsInitiated=false
05-15 01:40:58.231 18143 18143 D IDM-BleDiscovery : mBleScanner is null
05-15 01:40:58.233 18143 18143 I IDM-BleServerService :  BleAttributeServerOperation Consturctor, dev.1.2.0
05-15 01:40:58.233 18143 18143 I IDM-BleClientViaAttService :  BleClientService Consturctor, dev.1.2.0
05-15 01:40:58.234 18143 18143 I IDM-BleServerViaAttService :  BleServerService Consturctor, dev.1.2.0
05-15 01:40:58.238 18143 18143 I IDM-Discovery :  BleDiscovery Consturctor, dev.1.2.0
05-15 01:40:58.238 18143 18143 D IDM-Discovery : scan mode=2
05-15 01:40:58.238 18143 18143 D IDM-BtGovernor : BtApi BtGovernor Constructor, dev.1.2.0
05-15 01:40:58.240 18143 18143 D IDM-BtGovernor : BT Adapter was not supported ! 
05-15 01:40:58.240 18143 18143 I IDM-BleAdvertising :  BleAdvertising Consturctor, dev.1.2.0
05-15 01:40:58.240 18143 18143 E IDM-BleAdvertising : get BleAdvertiser failed
05-15 01:40:58.240 18143 18143 D IDM-PropertyUtils : is agreed: false
05-15 01:40:58.240 18143 18143 W IDM-MiConnectReport : report failure -1107 0
05-15 01:40:58.241 18143 18143 E IDM-stat: MiotReportManager : not available becase: is_enable_disable_build: true
05-15 01:40:58.242 18143 18143 E IDM-BtGovernor : Log enabled =false
05-15 01:40:58.242 18143 18143 D IDM-AbstractBtGovernor : BleApi setCallback
05-15 01:40:58.242 18143 18143 D IDM-BleBackGround : setCallback is set
05-15 01:40:58.242 18143 18143 D IDM-AbstractBtGovernor : BleApi enableStateListener
05-15 01:40:58.242 18143 18143 I IDM-AbstractBtGovernor : isAvailable enter
05-15 01:40:58.242 18143 18143 D IDM-AbstractBtGovernor : is support BT: false
05-15 01:40:58.243 18143 18143 D IDM-BtClassicGovernor : Classic Api getBtGovernor
05-15 01:40:58.243 18143 18143 I IDM-BleClientService :  BleAttributeClientOperation Consturctor, dev.1.2.0
05-15 01:40:58.243 18143 18143 D IDM-BleDiscovery : init enter, mIsInitiated=false
05-15 01:40:58.243 18143 18143 D IDM-BleDiscovery : mBleScanner is null
05-15 01:40:58.243 18143 18143 I IDM-BleClientViaAttService :  BleClientService Consturctor, dev.1.2.0
05-15 01:40:58.243 18143 18143 I IDM-BleServerViaAttService :  BleServerService Consturctor, dev.1.2.0
05-15 01:40:58.245 18143 18143 D IDM-BtClassicGovernor : Classic Api BtGovernor Constructor, dev.1.2.0
05-15 01:40:58.246 18143 18143 I IDM-BleAdvertising :  BleAdvertising Consturctor, dev.1.2.0
05-15 01:40:58.246 18143 18143 E IDM-BleAdvertising : get BleAdvertiser failed
05-15 01:40:58.246 18143 18143 D IDM-PropertyUtils : is agreed: false
05-15 01:40:58.247 18143 18143 W IDM-MiConnectReport : report failure -1107 0
05-15 01:40:58.247 18143 18143 E IDM-stat: MiotReportManager : not available becase: is_enable_disable_build: true
05-15 01:40:58.247 18143 18143 E IDM-BtClassicGovernor : Log enabled =false
05-15 01:40:58.247 18143 18143 I IDM-BtClassicGovernor : Classic setCallback
05-15 01:40:58.247 18143 18143 D IDM-AbstractBtGovernor : BleApi setCallback
05-15 01:40:58.247 18143 18143 D IDM-AbstractBtGovernor : BleApi enableStateListener
05-15 01:40:58.247 18143 18143 I IDM-BtClassicGovernor : BtClassical isAvailable enter
05-15 01:40:58.247 18143 18143 I IDM-AbstractBtGovernor : isAvailable enter
05-15 01:40:58.247 18143 18143 D IDM-AbstractBtGovernor : is support BT: false
05-15 01:40:58.247 18143 18143 D IDM-BtClassicGovernor : is support BT: false
05-15 01:40:58.247 18143 18143 D IDM-PropertyUtils : is agreed: false
05-15 01:40:58.248 18143 18143 W IDM-MiConnectReport : report failure -1024 0
05-15 01:40:58.248 18143 18143 E IDM-stat: MiotReportManager : not available becase: is_enable_disable_build: true
05-15 01:40:58.248 18143 18143 D IDM-BleGovernor : BleApi getBleGovernor
05-15 01:40:58.248 18143 18143 I IDM-BleClientService :  BleAttributeClientOperation Consturctor, dev.1.2.0
05-15 01:40:58.248 18143 18143 D IDM-BleDiscovery : init enter, mIsInitiated=false
05-15 01:40:58.248 18143 18143 D IDM-BleDiscovery : mBleScanner is null
05-15 01:40:58.248 18143 18143 I IDM-BleClientViaAttService :  BleClientService Consturctor, dev.1.2.0
05-15 01:40:58.249 18143 18143 I IDM-BleServerViaAttService :  BleServerService Consturctor, dev.1.2.0
05-15 01:40:58.250 18143 18143 D IDM-BleDiscovery : init enter, mIsInitiated=false
05-15 01:40:58.250 18143 18143 D IDM-BleDiscovery : mBleScanner is null
05-15 01:40:58.252 18143 18143 D IDM-BleGovernor : BT Adapter was not supported ! 
05-15 01:40:58.252 18143 18143 I IDM-BleAdvertising :  BleAdvertising Consturctor, dev.1.2.0
05-15 01:40:58.252 18143 18143 E IDM-BleAdvertising : get BleAdvertiser failed
05-15 01:40:58.252 18143 18143 D IDM-PropertyUtils : is agreed: false
05-15 01:40:58.253 18143 18143 W IDM-MiConnectReport : report failure -1107 0
05-15 01:40:58.253 18143 18143 E IDM-stat: MiotReportManager : not available becase: is_enable_disable_build: true
05-15 01:40:58.253 18143 18143 I IDM-BleGovernor : BleApi setCallback enter
05-15 01:40:58.253 18143 18143 D IDM-AbstractBtGovernor : BleApi setCallback
05-15 01:40:58.253 18143 18143 D IDM-AbstractBtGovernor : BleApi enableStateListener
05-15 01:40:58.253 18143 18143 I IDM-BleGovernor : isAvailable enter
05-15 01:40:58.253 18143 18143 I IDM-AbstractBtGovernor : isAvailable enter
05-15 01:40:58.253 18143 18143 D IDM-AbstractBtGovernor : is support BT: false
05-15 01:40:58.254 18143 18143 I IDM-WifiGovernor : Common: WifiGovernor Constructor
05-15 01:40:58.277 18143 18143 D IDM-WifiGovernor : Common: support5gBand: ret: true
05-15 01:40:58.278 18143 18143 D IDM-WifiGovernor : Common: Support DTLS: false
05-15 01:40:58.278 18143 18143 I IDM-WifiGovernor : Common: WifiGovernor constructor exit
05-15 01:40:58.278 18143 18143 I IDM-WifiGovernor : Common: isAvailable enter
05-15 01:40:58.278 18143 18143 I IDM-WifiGovernor : Common: isAvailable exit: true
05-15 01:40:58.278 18143 18143 I IDM-WifiGovernor : Common: WifiGovernor init enter
05-15 01:40:58.284 18143 18143 D IDM-WifiGovernor : Common: Start coap server successfully. retry: 0
05-15 01:40:58.284 18143 18143 I IDM-WifiGovernor : Common: WifiGovernor init exit
05-15 01:40:58.284 18143 18143 I IDM-WifiGovernor : Common: setCallback: com.xiaomi.mi_connect_service.MiConnectService$d@fb3386b
05-15 01:40:58.287 18143 18143 I IDM-NfcAdvPresenter : registerReceiver
05-15 01:40:58.287 18143 18143 D IDM-DeviceUtil : platform type property: default
05-15 01:40:58.288 18143 18143 D IDM-DeviceUtil : platform type property: default
05-15 01:40:58.288 18143 18143 I IDM-NfcScanHelper : ---start---state:IDEL
05-15 01:40:58.290 18143 18143 I IDM-NfcMessagePublisher : use NfcScanHelper
05-15 01:40:58.290 18143 18143 D IDM-DeviceUtil : platform type property: default
05-15 01:40:58.291 18143 18143 D IDM-DeviceUtil : platform type property: default
05-15 01:40:58.292 18143 18143 I IDM-NfcGovernor : isAvailable false
05-15 01:40:58.292 18143 18143 D IDM-MiConnectService : NFC available false
05-15 01:40:58.292 18143 18143 D IDM-DeviceUtil : platform type property: default
05-15 01:40:58.292 18143 18143 I IDM-NfcGovernor : isAvailable false
05-15 01:40:58.292 18143 18143 I IDM-BleGovernor : BleApi setAdvertisingCallback enter
05-15 01:40:58.292 18143 18143 E IDM-BleGovernor : BtGovernor died. need to init
05-15 01:40:58.293 18143 18143 D IDM-PropertyUtils : is agreed: false
05-15 01:40:58.293 18143 18143 W IDM-MiConnectReport : report failure -1053 0
05-15 01:40:58.293 18143 18143 E IDM-stat: MiotReportManager : not available becase: is_enable_disable_build: true
05-15 01:40:58.293 18143 18143 I IDM-BtClassicGovernor : BtClassical setAdvertisingCallback enter
05-15 01:40:58.293 18143 18143 E IDM-BtClassicGovernor : BtGovernor died. need to init
05-15 01:40:58.293 18143 18143 D IDM-PropertyUtils : is agreed: false
05-15 01:40:58.293 18143 18143 W IDM-MiConnectReport : report failure -1092 0
05-15 01:40:58.293 18143 18143 E IDM-stat: MiotReportManager : not available becase: is_enable_disable_build: true
05-15 01:40:58.293 18143 18143 I IDM-BtGovernor : BtApi setAdvertisingCallback enter
05-15 01:40:58.294 18143 18143 E IDM-BtGovernor : BtGovernor died. need to init
05-15 01:40:58.294 18143 18143 I IDM-BleGovernor : BleApi setDiscoveryCallback enter
05-15 01:40:58.294 18143 18143 E IDM-BleGovernor : BtGovernor died. need to init
05-15 01:40:58.294 18143 18143 D IDM-PropertyUtils : is agreed: false
05-15 01:40:58.294 18143 18143 W IDM-MiConnectReport : report failure -1053 0
05-15 01:40:58.294 18143 18143 E IDM-stat: MiotReportManager : not available becase: is_enable_disable_build: true
05-15 01:40:58.294 18143 18143 D IDM-BleDiscovery : setCallback enter
05-15 01:40:58.294 18143 18143 I IDM-BtClassicGovernor : BtClassic setDiscoveryCallback enter
05-15 01:40:58.295 18143 18143 E IDM-BtClassicGovernor : BtGovernor died. need to init
05-15 01:40:58.295 18143 18143 D IDM-PropertyUtils : is agreed: false
05-15 01:40:58.295 18143 18143 W IDM-MiConnectReport : report failure -1092 0
05-15 01:40:58.295 18143 18143 E IDM-stat: MiotReportManager : not available becase: is_enable_disable_build: true
05-15 01:40:58.295 18143 18143 D IDM-BtDiscovery : setCallback enter
05-15 01:40:58.295 18143 18143 I IDM-BtGovernor : BtApi setDiscoveryCallback enter
05-15 01:40:58.295 18143 18143 E IDM-BtGovernor : BtGovernor died. need to init
05-15 01:40:58.295 18143 18143 I IDM-WifiGovernor : Common: setDiscoveryCallback: b.h.o.q$a@940cfe0
05-15 01:40:58.296 18143 18143 E IDM-BleGovernor : BLE is not enabled
05-15 01:40:58.296 18143 18143 D IDM-AbstractBtGovernor : BleApi setAttributeCallback enter
05-15 01:40:58.296 18143 18143 I IDM-BtClassicGovernor : BtClassical setAttributeCallback enter
05-15 01:40:58.296 18143 18143 E IDM-BtClassicGovernor : BLE is not enabled
05-15 01:40:58.296 18143 18143 D IDM-AbstractBtGovernor : BleApi setAttributeCallback enter
05-15 01:40:58.296 18143 18143 I IDM-BtGovernor : BtApi setAttributeCallback enter
05-15 01:40:58.296 18143 18143 E IDM-BtGovernor : BLE is not enabled
05-15 01:40:58.296 18143 18143 D IDM-AbstractBtGovernor : BleApi setAttributeCallback enter
05-15 01:40:58.296 18143 18143 I IDM-WifiGovernor : Common: setAttributeCallback: b.h.o.k$a@72ef299
05-15 01:40:58.304 18143 18143 V IDM-DeviceUtil : Get Phone name Redmi Note 10S
05-15 01:40:58.305 18143 18143 D IDM-MiConnectService : ScreenStateObserver.EnableObserve main
05-15 01:40:58.306 18143 18143 D IDM-MiConnectService : UserSwitchedObserver.EnableObserve main
05-15 01:40:58.320 18143 18143 D IDM-MiConnectService : Register name change observer for phone
05-15 01:40:58.320 18143 18143 D IDM-MiConnectService : PhoneSystemNameChangeObserver.EnableObserve main
05-15 01:40:58.321 18143 18143 D IDM-IDMRuntime : Initializing Managers...
05-15 01:40:58.322 18143 18143 D IDM-IDMConfigCache : isDebugSignature = false
05-15 01:40:58.322 18143 18143 D IDM-IDMClientProcManager : Initializing
05-15 01:40:58.332 18143 18143 D IDM-IDMServerProcManager : Initializing
05-15 01:40:58.332 18143 18143 D IDM-IDMConnectionManager : Initializing
05-15 01:40:58.332 18143 18143 D IDM-IDMRuntime : Initializing BuiltInServices...
05-15 01:40:58.336 18143 18195 D IDM-IDMConfigCache : initAssetsCache in pool thread
05-15 01:40:58.338 18143 18143 E IDM-IotLocalControlSerivceImpl : IotLocalControlSerivceImpl IDM_LOCALSERVICE_UUIDffff3ffc-09da-4bed-9652-f507366fcfc5
05-15 01:40:58.388 18143 18175 E IDM-NetWorkUtils : get: response ----->{
"all":{"allClose":"false"},
"cpu":{"intervalMillis":"100000"},
"heap":{"intervalMillis":"100000"},
"ram":{"intervalMillis":"100000"},
"traffic":{
"intervalMillis":"100000",
"sampleMillis":"1000"
},
"thread":{
"intervalMillis":"100000",
"threadFilter":"com.godeye.androidgodeye.mods.thread.ExcludeSystemThreadFilter",
"threadTagger":"com.godeye.androidgodeye.mods.thread.DefaultThreadTagger"
},
"appsize":{
"delayMillis":"0"
},
"handle":{
"intervalMillis":"100000"
}
}

05-15 01:40:58.388 18143 18175 E IDM-NetWorkUtils : get: response ----->200
05-15 01:40:58.388 18143 18175 E IDM-NetWorkUtils : get: response ----->OK
05-15 01:40:58.388 18143 18175 E IDM-NetWorkUtils : get: response ----->true
05-15 01:40:58.388 18143 18175 E IDM-NetWorkUtils : send get point end [200]
05-15 01:40:58.393 18143 18165 I IDM-CloudCtrFileJob : done
05-15 01:40:58.393 18143 18195 D IDM-IDMConfigCache : start updateIDMCloudConfig
05-15 01:40:58.393 18143 18165 D IDM-CloudCtrBaseJob : work
05-15 01:40:58.397 18143 18143 D IDM-IDMNative : init
05-15 01:40:58.402 18143 18143 D IDM-AppMgrNative : init
05-15 01:40:58.402 18143 18143 D IDM-IDMNative : setIdentity, idhash: 333763, name: Redmi Note 10S
05-15 01:40:58.404 18143 18143 D IDM-IDMNative : startAdvertising, service:ffff3ffc-09da-4bed-9652-f507366fcfc5 discType:3 commType:8 serviceSecurityType:0
05-15 01:40:58.410 18143 18165 D IDM-CloudCtrUrlConfig : config release https://cdn.awsusor1.fds.api.mi-img.com/miot-standard-fds/release/config/appconfig_phone.json?GalaxyAccessKeyId=5151729087601&Expires=9223372036854775807&Signature=C0EZIcUck36IDNAzEeKAifzKbGk=
05-15 01:40:58.411 18143 18143 D IDM-IDMNative : startAdvertising, service:70a8f436-e358-4e27-8bc3-1bbc10bfb731 discType:2 commType:2 serviceSecurityType:0
05-15 01:40:58.411 18143 18143 D IDM-AppMgrNative : registerApp
05-15 01:40:58.412 18143 18143 D IDM-MiConnectService : executor id:8194
05-15 01:40:58.412 18143 18143 D IDM-MiConnectService : generate executor for 8194
05-15 01:40:58.412 18143 18143 D IDM-MiConnectService : executor id:8194
05-15 01:40:58.412 18143 18143 D IDM-IDMRuntime : Initializing HandoffProcessService...
05-15 01:40:58.413 18143 18359 I IDM-MiConnectService : app thread created app thread for 8194
05-15 01:40:58.413 18143 18359 I IDM-MiConnectService : setCallBack appid: 8194,roleType: 1
05-15 01:40:58.413 18143 18359 D IDM-PropertyUtils : is agreed: false
05-15 01:40:58.414 18143 18359 E IDM-s:miconnect:  : not available
05-15 01:40:58.414 18143 18359 E IDM-stat: MiotReportManager : not available becase: is_enable_disable_build: true
05-15 01:40:58.414 18143 18359 I IDM-MiConnectService : startAdvertising discType 2
05-15 01:40:58.414 18143 18359 D IDM-LocalAppServer : initSuppSetting: commSetting = 2
05-15 01:40:58.418 18143 18359 D IDM-LocalAppServer : initCurrSetting: commSetting = 2
05-15 01:40:58.421 18143 18359 D IDM-LocalAppServerHolder : add App Server 8194
05-15 01:40:58.421 18143 18359 D IDM-PropertyUtils : is agreed: false
05-15 01:40:58.421 18143 18359 E IDM-s:miconnect:  : not available
05-15 01:40:58.421 18143 18359 I IDM-MiConnectService : startAdvertising 2
05-15 01:40:58.422 18143 18359 E IDM-LocalAppServer : startAdvertising
05-15 01:40:58.425 18143 18143 V IDM-NetworkApi : mijia api base is : https://us.api.io.mi.com/
05-15 01:40:58.425 18143 18143 D IDM-DeviceUtil : platform type property: default
05-15 01:40:58.426 18143 18143 D IDM-ConnectionManager : ConnectionManagerImpl construct with version code:1,debug:false
05-15 01:40:58.426 18143 18143 I IDM-WifiGovernor : Common: setHostCallback: b.h.o.k.D@4f61e27
05-15 01:40:58.426 18143 18143 I IDM-WifiGovernor : Common: setHostCallback: b.h.o.k.D@4f61e27
05-15 01:40:58.426 18143 18143 I IDM-WifiGovernor : Common: setConnectionCallback: b.h.o.k.q@324e8d4
05-15 01:40:58.426 18143 18143 I IDM-WifiGovernor : Common: setConnectionCallback: b.h.o.k.q@324e8d4
05-15 01:40:58.430 18143 18143 D IDM-CommStateMonitor : onReceive: android.net.conn.CONNECTIVITY_CHANGE
05-15 01:40:58.432 18143 18143 D IDM-MiConnectService : onBind action:com.xiaomi.mi_connect_service.MiConnectService
05-15 01:40:58.434 18143 18143 D IDM-IDMServerProcManager : register ServerProc, clientId = [a023jkdf]
05-15 01:40:58.441 18143 18143 D IDM-PackkageUtil : pkg com.xiaomi.mi_connect_service
05-15 01:40:58.441 18143 18143 E IDM-IDMSecurityManager : checkRegisterClientId InnerCalling no need check clientId
05-15 01:40:58.441 18143 18143 D IDM-IDMNativeWraper : clientId = [a023jkdf], sdk version = [2001137]
05-15 01:40:58.442 18143 18143 D IDM-IDMNativeWraper : clientId = [a023jkdf], Use Native V2
05-15 01:40:58.442 18143 18143 V IDM-HandoffProcessService : IDMServer onProcessConnected, ready to register service
05-15 01:40:58.442 18143 18143 V IDM-HandoffProcessService : register Handoff service
05-15 01:40:58.443 18143 18143 D IDM-IDMServerProcManager : registerService
05-15 01:40:58.445 18143 18143 D IDM-PackkageUtil : pkg com.xiaomi.mi_connect_service
05-15 01:40:58.445 18143 18143 E IDM-IDMSecurityManager : checkServiceRegistrable InnerCalling no need check
05-15 01:40:58.448 18143 18143 D IDM-PackkageUtil : pkg com.xiaomi.mi_connect_service
05-15 01:40:58.451 18143 18143 D IDM-PackkageUtil : pkg com.xiaomi.mi_connect_service
05-15 01:40:58.451 18143 18143 D IDM-MiConnectService : filterCommTypeOnPermission for com.xiaomi.mi_connect_service
05-15 01:40:58.451 18143 18166 D IDM-CertSavingManager : get cert3 from ram
05-15 01:40:58.452 18143 18143 D IDM-IDMServerProc : register Service, serviceId = [cd4da1e9-a067-4ebe-a9b8-d06036cb0b00]
05-15 01:40:58.452 18143 18143 D IDM-IDMNativeWraper : startAdvertising V2
05-15 01:40:58.452 18143 18143 D IDM-IDMNative : startAdvertising, service:cd4da1e9-a067-4ebe-a9b8-d06036cb0b00 discType:2 commType:2 serviceSecurityType:0
05-15 01:40:58.453 18143 18143 D IDM-AppMgrNative : registerApp
05-15 01:40:58.453 18143 18143 D IDM-MiConnectService : executor id:8193
05-15 01:40:58.453 18143 18143 D IDM-MiConnectService : generate executor for 8193
05-15 01:40:58.455 18143 18143 D IDM-MiConnectService : executor id:8193
05-15 01:40:58.455 18143 18143 V IDM-HandoffProcessService : IDMClient onProcessConnected
05-15 01:40:58.455 18143 18143 D IDM-IDMClientProcManager : registerIDMClient: clientId = [a023jkdf]
05-15 01:40:58.456 18143 18364 I IDM-MiConnectService : app thread created app thread for 8193
05-15 01:40:58.459 18143 18143 D IDM-PackkageUtil : pkg com.xiaomi.mi_connect_service
05-15 01:40:58.459 18143 18143 E IDM-IDMSecurityManager : checkRegisterClientId InnerCalling no need check clientId
05-15 01:40:58.460 18143 18143 D IDM-IDMClientProcManager : param size = [4]
05-15 01:40:58.461 18143 18143 E IDM-IDMClientProcManager : IdentifyParam = [# com.xiaomi.mi_connect_service.proto.IPCParam$IdentifyParam@7bc6f]
05-15 01:40:58.461 18143 18143 D IDM-IDMNativeWraper : clientId = [a023jkdf], sdk version = [2001137]
05-15 01:40:58.461 18143 18143 D IDM-IDMNativeWraper : clientId = [a023jkdf], Use Native V2
05-15 01:40:58.461 18143 18143 E IDM-PropertyAgent : DeviceService  init 
05-15 01:40:58.462 18143 18143 I IDM-PropertyAgent : setTokenInfo
05-15 01:40:58.463 18143 18364 I IDM-MiConnectService : setCallBack appid: 8193,roleType: 1
05-15 01:40:58.463 18143 18364 D IDM-PropertyUtils : is agreed: false
05-15 01:40:58.464 18143 18364 E IDM-s:miconnect:  : not available
05-15 01:40:58.464 18143 18364 E IDM-stat: MiotReportManager : not available becase: is_enable_disable_build: true
05-15 01:40:58.464 18143 18364 I IDM-MiConnectService : startAdvertising discType 2
05-15 01:40:58.464 18143 18364 D IDM-LocalAppServer : initSuppSetting: commSetting = 2
05-15 01:40:58.464 18143 18143 D IDM-IDMNativeWraper : registerIDMClient V2
05-15 01:40:58.464 18143 18143 D IDM-IDMNative : registerIDMClient, id:a023jkdf
05-15 01:40:58.468 18143 18364 D IDM-LocalAppServer : initCurrSetting: commSetting = 2
05-15 01:40:58.469 18143 18166 D IDM-CertSavingManager : get cert3 from sp
05-15 01:40:58.470 18143 18166 D IDM-CertSavingManager : get cert2 from ram space
05-15 01:40:58.471 18143 18364 D IDM-LocalAppServerHolder : add App Server 8193
05-15 01:40:58.471 18143 18364 D IDM-PropertyUtils : is agreed: false
05-15 01:40:58.472 18143 18364 E IDM-s:miconnect:  : not available
05-15 01:40:58.472 18143 18364 I IDM-MiConnectService : startAdvertising 2
05-15 01:40:58.472 18143 18364 E IDM-LocalAppServer : startAdvertising
05-15 01:40:58.474 18143 18166 D IDM-CertSavingManager : get cert2 from sp file
05-15 01:40:58.475 18143 18359 V IDM-CertSavingManager : current saving is empty
05-15 01:40:58.475 18143 18366 D IDM-CertSavingManager : save all data fetched in new thread.
05-15 01:40:58.475 18143 18359 V IDM-MiIdentity : h: validateCurrentSaving took 0 milliseconds.
05-15 01:40:58.475 18143 18359 I IDM-AttributeManager : update 2
05-15 01:40:58.475 18143 18166 V IDM-MiIdentity : h: Receive message 1, hardware data 37c8b02fc947e222c97245c67104793923f751c6, hardwareHash 7c
05-15 01:40:58.476 18143 18359 D IDM-CoapStorage : addAttribute uuid: 00000000-09da-4bed-9652-f507366fcfc5
05-15 01:40:58.476 18143 18359 D IDM-CoapStorage : addAttribute uuid: 00000001-09da-4bed-9652-f507366fcfc5
05-15 01:40:58.476 18143 18359 D IDM-CoapStorage : addAttribute uuid: 00000003-09da-4bed-9652-f507366fcfc5
05-15 01:40:58.476 18143 18166 D IDM-CertSavingManager : queryWhenLogin mijiaDid 37c8b02fc947e222c97245c67104793923f751c6, didHash 7c
05-15 01:40:58.476 18143 18359 D IDM-CoapStorage : addAttribute uuid: 00000004-09da-4bed-9652-f507366fcfc5
05-15 01:40:58.476 18143 18359 D IDM-CoapStorage : addAttribute uuid: 00000005-09da-4bed-9652-f507366fcfc5
05-15 01:40:58.476 18143 18359 D IDM-CoapStorage : addAttribute uuid: 00000006-09da-4bed-9652-f507366fcfc5
05-15 01:40:58.476 18143 18359 D IDM-CoapStorage : addAttribute uuid: 00000008-09da-4bed-9652-f507366fcfc5
05-15 01:40:58.476 18143 18359 D IDM-CoapStorage : addAttribute uuid: 00000007-09da-4bed-9652-f507366fcfc5
05-15 01:40:58.477 18143 18359 D IDM-CoapStorage : addAttribute uuid: 20020001-09da-4bed-9652-f507366fcfc5
05-15 01:40:58.477 18143 18359 D IDM-CoapStorage : addAttribute uuid: 20020002-09da-4bed-9652-f507366fcfc5
05-15 01:40:58.477 18143 18359 D IDM-CoapStorage : addAttribute uuid: 20020003-09da-4bed-9652-f507366fcfc5
05-15 01:40:58.477 18143 18359 D IDM-CoapStorage : addAttribute uuid: 20020004-09da-4bed-9652-f507366fcfc5
05-15 01:40:58.477 18143 18359 D IDM-CoapStorage : addAttribute uuid: 20020005-09da-4bed-9652-f507366fcfc5
05-15 01:40:58.477 18143 18359 D IDM-CoapStorage : addAttribute uuid: 20020006-09da-4bed-9652-f507366fcfc5
05-15 01:40:58.478 18143 18364 V IDM-CertSavingManager : current saving is empty
05-15 01:40:58.478 18143 18359 D IDM-CoapStorage : addAttribute uuid: 20020007-09da-4bed-9652-f507366fcfc5
05-15 01:40:58.478 18143 18364 V IDM-MiIdentity : h: validateCurrentSaving took 0 milliseconds.
05-15 01:40:58.478 18143 18359 D IDM-CoapStorage : addAttribute uuid: 20020008-09da-4bed-9652-f507366fcfc5
05-15 01:40:58.478 18143 18364 I IDM-AttributeManager : update 2
05-15 01:40:58.478 18143 18359 D IDM-CoapStorage : addAttribute uuid: 20020009-09da-4bed-9652-f507366fcfc5
05-15 01:40:58.478 18143 18364 D IDM-CoapStorage : addAttribute uuid: 00000000-09da-4bed-9652-f507366fcfc5
05-15 01:40:58.478 18143 18359 D IDM-CoapStorage : addAttribute uuid: 2002000a-09da-4bed-9652-f507366fcfc5
05-15 01:40:58.478 18143 18364 D IDM-CoapStorage : addAttribute uuid: 00000001-09da-4bed-9652-f507366fcfc5
05-15 01:40:58.478 18143 18359 D IDM-CoapStorage : addAttribute uuid: 2002000b-09da-4bed-9652-f507366fcfc5
05-15 01:40:58.478 18143 18364 D IDM-CoapStorage : addAttribute uuid: 00000003-09da-4bed-9652-f507366fcfc5
05-15 01:40:58.478 18143 18359 D IDM-CoapStorage : addAttribute uuid: 2002000c-09da-4bed-9652-f507366fcfc5
05-15 01:40:58.478 18143 18364 D IDM-CoapStorage : addAttribute uuid: 00000004-09da-4bed-9652-f507366fcfc5
05-15 01:40:58.478 18143 18359 D IDM-CoapStorage : addAttribute uuid: 2002000d-09da-4bed-9652-f507366fcfc5
05-15 01:40:58.478 18143 18364 D IDM-CoapStorage : addAttribute uuid: 00000005-09da-4bed-9652-f507366fcfc5
05-15 01:40:58.478 18143 18359 D IDM-CoapResponder : addService
05-15 01:40:58.478 18143 18364 D IDM-CoapStorage : addAttribute uuid: 00000006-09da-4bed-9652-f507366fcfc5
05-15 01:40:58.478 18143 18359 V IDM-CoapResponder : add Attribute 00000008-09da-4bed-9652-f507366fcfc5 Service
05-15 01:40:58.479 18143 18364 D IDM-CoapStorage : addAttribute uuid: 00000008-09da-4bed-9652-f507366fcfc5
05-15 01:40:58.479 18143 18364 D IDM-CoapStorage : addAttribute uuid: 00000007-09da-4bed-9652-f507366fcfc5
05-15 01:40:58.479 18143 18359 V IDM-CoapResponder : add Attribute 2002000a-09da-4bed-9652-f507366fcfc5 Service
05-15 01:40:58.479 18143 18359 V IDM-CoapResponder : add Attribute 2002000b-09da-4bed-9652-f507366fcfc5 Service
05-15 01:40:58.479 18143 18359 V IDM-CoapResponder : add Attribute 20020008-09da-4bed-9652-f507366fcfc5 Service
05-15 01:40:58.479 18143 18359 V IDM-CoapResponder : add Attribute 20020009-09da-4bed-9652-f507366fcfc5 Service
05-15 01:40:58.479 18143 18359 V IDM-CoapResponder : add Attribute 2002000c-09da-4bed-9652-f507366fcfc5 Service
05-15 01:40:58.479 18143 18359 V IDM-CoapResponder : add Attribute 2002000d-09da-4bed-9652-f507366fcfc5 Service
05-15 01:40:58.479 18143 18359 V IDM-CoapResponder : add Attribute 00000000-09da-4bed-9652-f507366fcfc5 Service
05-15 01:40:58.479 18143 18364 D IDM-CoapStorage : addAttribute uuid: 20020001-09da-4bed-9652-f507366fcfc5
05-15 01:40:58.479 18143 18359 V IDM-CoapResponder : add Attribute 20020002-09da-4bed-9652-f507366fcfc5 Service
05-15 01:40:58.479 18143 18359 V IDM-CoapResponder : add Attribute 00000001-09da-4bed-9652-f507366fcfc5 Service
05-15 01:40:58.479 18143 18364 D IDM-CoapStorage : addAttribute uuid: 20020002-09da-4bed-9652-f507366fcfc5
05-15 01:40:58.480 18143 18359 V IDM-CoapResponder : add Attribute 20020003-09da-4bed-9652-f507366fcfc5 Service
05-15 01:40:58.480 18143 18364 D IDM-CoapStorage : addAttribute uuid: 20020003-09da-4bed-9652-f507366fcfc5
05-15 01:40:58.480 18143 18359 V IDM-CoapResponder : add Attribute 00000003-09da-4bed-9652-f507366fcfc5 Service
05-15 01:40:58.480 18143 18364 D IDM-CoapStorage : addAttribute uuid: 20020004-09da-4bed-9652-f507366fcfc5
05-15 01:40:58.480 18143 18359 V IDM-CoapResponder : add Attribute 20020001-09da-4bed-9652-f507366fcfc5 Service
05-15 01:40:58.480 18143 18364 D IDM-CoapStorage : addAttribute uuid: 20020005-09da-4bed-9652-f507366fcfc5
05-15 01:40:58.480 18143 18359 V IDM-CoapResponder : add Attribute 00000004-09da-4bed-9652-f507366fcfc5 Service
05-15 01:40:58.480 18143 18364 D IDM-CoapStorage : addAttribute uuid: 20020006-09da-4bed-9652-f507366fcfc5
05-15 01:40:58.480 18143 18359 V IDM-CoapResponder : add Attribute 20020006-09da-4bed-9652-f507366fcfc5 Service
05-15 01:40:58.480 18143 18359 V IDM-CoapResponder : add Attribute 00000005-09da-4bed-9652-f507366fcfc5 Service
05-15 01:40:58.480 18143 18364 D IDM-CoapStorage : addAttribute uuid: 20020007-09da-4bed-9652-f507366fcfc5
05-15 01:40:58.480 18143 18359 V IDM-CoapResponder : add Attribute 20020007-09da-4bed-9652-f507366fcfc5 Service
05-15 01:40:58.480 18143 18364 D IDM-CoapStorage : addAttribute uuid: 20020008-09da-4bed-9652-f507366fcfc5
05-15 01:40:58.480 18143 18364 D IDM-CoapStorage : addAttribute uuid: 20020009-09da-4bed-9652-f507366fcfc5
05-15 01:40:58.480 18143 18364 D IDM-CoapStorage : addAttribute uuid: 2002000a-09da-4bed-9652-f507366fcfc5
05-15 01:40:58.480 18143 18364 D IDM-CoapStorage : addAttribute uuid: 2002000b-09da-4bed-9652-f507366fcfc5
05-15 01:40:58.481 18143 18364 D IDM-CoapStorage : addAttribute uuid: 2002000c-09da-4bed-9652-f507366fcfc5
05-15 01:40:58.481 18143 18364 D IDM-CoapStorage : addAttribute uuid: 2002000d-09da-4bed-9652-f507366fcfc5
05-15 01:40:58.481 18143 18364 D IDM-CoapStorage : addAttribute uuid: 20010001-09da-4bed-9652-f507366fcfc5
05-15 01:40:58.481 18143 18364 D IDM-CoapStorage : addAttribute uuid: 20010002-09da-4bed-9652-f507366fcfc5
05-15 01:40:58.481 18143 18364 D IDM-CoapStorage : addAttribute uuid: 20010003-09da-4bed-9652-f507366fcfc5
