05-15 01:40:58.481 18143 18364 D IDM-CoapStorage : addAttribute uuid: 20010004-09da-4bed-9652-f507366fcfc5
05-15 01:40:58.481 18143 18364 D IDM-CoapStorage : addAttribute uuid: 20010005-09da-4bed-9652-f507366fcfc5
05-15 01:40:58.481 18143 18364 D IDM-CoapStorage : addAttribute uuid: 20010006-09da-4bed-9652-f507366fcfc5
05-15 01:40:58.481 18143 18364 D IDM-CoapStorage : addAttribute uuid: 20010007-09da-4bed-9652-f507366fcfc5
05-15 01:40:58.482 18143 18364 D IDM-CoapStorage : addAttribute uuid: 20010008-09da-4bed-9652-f507366fcfc5
05-15 01:40:58.482 18143 18364 D IDM-CoapStorage : addAttribute uuid: 20010009-09da-4bed-9652-f507366fcfc5
05-15 01:40:58.482 18143 18364 D IDM-CoapStorage : addAttribute uuid: 2001000a-09da-4bed-9652-f507366fcfc5
05-15 01:40:58.482 18143 18364 D IDM-CoapStorage : addAttribute uuid: 2001000b-09da-4bed-9652-f507366fcfc5
05-15 01:40:58.482 18143 18364 D IDM-CoapStorage : addAttribute uuid: 2001000c-09da-4bed-9652-f507366fcfc5
05-15 01:40:58.482 18143 18364 D IDM-CoapStorage : addAttribute uuid: 2001000d-09da-4bed-9652-f507366fcfc5
05-15 01:40:58.482 18143 18364 D IDM-CoapResponder : addService
05-15 01:40:58.482 18143 18364 V IDM-CoapResponder : add Attribute 00000008-09da-4bed-9652-f507366fcfc5 Service
05-15 01:40:58.482 18143 18364 V IDM-CoapResponder : add Attribute 2002000a-09da-4bed-9652-f507366fcfc5 Service
05-15 01:40:58.482 18143 18364 V IDM-CoapResponder : add Attribute 20010009-09da-4bed-9652-f507366fcfc5 Service
05-15 01:40:58.483 18143 18364 V IDM-CoapResponder : add Attribute 2002000b-09da-4bed-9652-f507366fcfc5 Service
05-15 01:40:58.483 18143 18364 V IDM-CoapResponder : add Attribute 20010008-09da-4bed-9652-f507366fcfc5 Service
05-15 01:40:58.483 18143 18364 V IDM-CoapResponder : add Attribute 20020008-09da-4bed-9652-f507366fcfc5 Service
05-15 01:40:58.483 18143 18364 V IDM-CoapResponder : add Attribute 2001000b-09da-4bed-9652-f507366fcfc5 Service
05-15 01:40:58.483 18143 18364 V IDM-CoapResponder : add Attribute 20020009-09da-4bed-9652-f507366fcfc5 Service
05-15 01:40:58.483 18143 18364 V IDM-CoapResponder : add Attribute 2001000a-09da-4bed-9652-f507366fcfc5 Service
05-15 01:40:58.483 18143 18364 V IDM-CoapResponder : add Attribute 2001000d-09da-4bed-9652-f507366fcfc5 Service
05-15 01:40:58.483 18143 18364 V IDM-CoapResponder : add Attribute 2001000c-09da-4bed-9652-f507366fcfc5 Service
05-15 01:40:58.483 18143 18364 V IDM-CoapResponder : add Attribute 2002000c-09da-4bed-9652-f507366fcfc5 Service
05-15 01:40:58.483 18143 18364 V IDM-CoapResponder : add Attribute 2002000d-09da-4bed-9652-f507366fcfc5 Service
05-15 01:40:58.483 18143 18364 V IDM-CoapResponder : add Attribute 00000000-09da-4bed-9652-f507366fcfc5 Service
05-15 01:40:58.484 18143 18359 V IDM-CoapResponder : add Attribute 00000006-09da-4bed-9652-f507366fcfc5 Service
05-15 01:40:58.484 18143 18359 V IDM-CoapResponder : add Attribute 20020004-09da-4bed-9652-f507366fcfc5 Service
05-15 01:40:58.485 18143 18359 V IDM-CoapResponder : add Attribute 20010007-09da-4bed-9652-f507366fcfc5 Service
05-15 01:40:58.485 18143 18359 V IDM-CoapResponder : add Attribute 00000007-09da-4bed-9652-f507366fcfc5 Service
05-15 01:40:58.485 18143 18359 V IDM-CoapResponder : add Attribute 20020005-09da-4bed-9652-f507366fcfc5 Service
05-15 01:40:58.484 18143 18364 V IDM-CoapResponder : add Attribute 20020002-09da-4bed-9652-f507366fcfc5 Service
05-15 01:40:58.486 18143 18364 V IDM-CoapResponder : add Attribute 20010001-09da-4bed-9652-f507366fcfc5 Service
05-15 01:40:58.487 18143 18364 V IDM-CoapResponder : add Attribute 00000001-09da-4bed-9652-f507366fcfc5 Service
05-15 01:40:58.487 18143 18359 V IDM-CoapResponder : add Attribute 20010006-09da-4bed-9652-f507366fcfc5 Service
05-15 01:40:58.487 18143 18359 I IDM-AdvertisingManager : update 2
05-15 01:40:58.487 18143 18359 I IDM-AdvertisingManager : update after changed for BT, discType is 2
05-15 01:40:58.487 18143 18364 V IDM-CoapResponder : add Attribute 20020003-09da-4bed-9652-f507366fcfc5 Service
05-15 01:40:58.487 18143 18359 D IDM-BonjourGovernor : stopAdvertising: enter
05-15 01:40:58.487 18143 18364 V IDM-CoapResponder : add Attribute 20010003-09da-4bed-9652-f507366fcfc5 Service
05-15 01:40:58.487 18143 18359 E IDM-BonjourGovernor : stopAdvertising: exit since not in advertising
05-15 01:40:58.487 18143 18359 D IDM-PropertyUtils : is agreed: false
05-15 01:40:58.487 18143 18359 W IDM-MiConnectReport : report failure -2012 0
05-15 01:40:58.488 18143 18359 E IDM-stat: MiotReportManager : not available becase: is_enable_disable_build: true
05-15 01:40:58.488 18143 18364 V IDM-CoapResponder : add Attribute 00000003-09da-4bed-9652-f507366fcfc5 Service
05-15 01:40:58.488 18143 18364 V IDM-CoapResponder : add Attribute 20020001-09da-4bed-9652-f507366fcfc5 Service
05-15 01:40:58.488 18143 18364 V IDM-CoapResponder : add Attribute 20010002-09da-4bed-9652-f507366fcfc5 Service
05-15 01:40:58.489 18143 18364 V IDM-CoapResponder : add Attribute 00000004-09da-4bed-9652-f507366fcfc5 Service
05-15 01:40:58.490 18143 18364 V IDM-CoapResponder : add Attribute 20020006-09da-4bed-9652-f507366fcfc5 Service
05-15 01:40:58.490 18143 18364 V IDM-CoapResponder : add Attribute 20010005-09da-4bed-9652-f507366fcfc5 Service
05-15 01:40:58.490 18143 18364 V IDM-CoapResponder : add Attribute 00000005-09da-4bed-9652-f507366fcfc5 Service
05-15 01:40:58.490 18143 18364 V IDM-CoapResponder : add Attribute 20020007-09da-4bed-9652-f507366fcfc5 Service
05-15 01:40:58.490 18143 18364 V IDM-CoapResponder : add Attribute 20010004-09da-4bed-9652-f507366fcfc5 Service
05-15 01:40:58.490 18143 18364 V IDM-CoapResponder : add Attribute 00000006-09da-4bed-9652-f507366fcfc5 Service
05-15 01:40:58.490 18143 18364 V IDM-CoapResponder : add Attribute 20020004-09da-4bed-9652-f507366fcfc5 Service
05-15 01:40:58.490 18143 18364 V IDM-CoapResponder : add Attribute 20010007-09da-4bed-9652-f507366fcfc5 Service
05-15 01:40:58.490 18143 18364 V IDM-CoapResponder : add Attribute 00000007-09da-4bed-9652-f507366fcfc5 Service
05-15 01:40:58.490 18143 18364 V IDM-CoapResponder : add Attribute 20020005-09da-4bed-9652-f507366fcfc5 Service
05-15 01:40:58.490 18143 18364 V IDM-CoapResponder : add Attribute 20010006-09da-4bed-9652-f507366fcfc5 Service
05-15 01:40:58.493 18143 18166 D IDM-CertSavingManager : get cert3 from ram
05-15 01:40:58.494 18143 18166 D IDM-CertSavingManager : get cert2 from ram space
05-15 01:40:58.495 18143 18166 V IDM-MiIdentity : h: Receive message 1, hardware data 37c8b02fc947e222c97245c67104793923f751c6, hardwareHash 7c
05-15 01:40:58.495 18143 18166 D IDM-CertSavingManager : queryWhenLogin mijiaDid 37c8b02fc947e222c97245c67104793923f751c6, didHash 7c
05-15 01:40:58.495 18143 18367 D IDM-CertSavingManager : save all data fetched in new thread.
05-15 01:40:58.506 18143 18166 D IDM-CertSavingManager : get cert3 from ram
05-15 01:40:58.507 18143 18166 D IDM-CertSavingManager : get cert2 from ram space
05-15 01:40:58.509 18143 18368 D IDM-CertSavingManager : save all data fetched in new thread.
05-15 01:40:58.618 18143 18176 V IDM-MiIdentity : h: generateKeyPair end took 641 milliseconds.
05-15 01:40:58.631 18143 18195 D IDM-IDMConfigCache : idmConfigAppList size = 0
05-15 01:40:58.652 18143 18195 D IDM-IDMCloudTransfer : Sending request https://idm.iot.mi.com/idm/info/batch on null

05-15 01:40:58.814 18143 18165 I IDM-ConfigMgr : version cur 3 new 2
05-15 01:40:58.814 18143 18165 D IDM-CloudCtrBaseJob : done
05-15 01:40:58.814 18143 18165 D IDM-CertRefreshJob : Start work
05-15 01:40:58.814 18143 18165 D IDM-CertRefreshJob : End work
05-15 01:40:58.814 18143 18165 D IDM-BackgroundJob : BleRelayCtrFileJob start
05-15 01:40:58.819 18143 18165 D IDM-BackgroundJob : empty ble relay conf url, ignore
05-15 01:40:58.907 18143 18168 D IDM-TimerStack : ServerTime end: 940
05-15 01:40:58.908 18143 18168 D IDM-Trace : server time: 1652593259294, delta: 940, elapsed: 122925281
05-15 01:40:59.526 18143 18359 D IDM-TAG : Advertising flag is 2
05-15 01:40:59.527 18143 18359 V IDM-TAG : Short Id Hash is 333763
05-15 01:40:59.527 18143 18359 D IDM-BonjourGovernor : startAdvertising: enter
05-15 01:40:59.538 18143 18359 D IDM-BonjourGovernor : J-Debug pattern  count: 1
05-15 01:40:59.539 18143 18359 D IDM-BonjourGovernor : J-Debug pattern [\u4e00-\u9fa5]count: 0
05-15 01:40:59.540 18143 18359 V IDM-BonjourGovernor : J-Debug outside realLen: 60, nmLen: 21, asLen: 19, ipLen: 9, containChinese: false, jsonStr: {"nm":"Redmi Note 10S","as":"[8193, 8194]","ip":"18"}
05-15 01:40:59.540 18143 18359 V IDM-BonjourGovernor : J-Debug startAdvertising json: {"nm":"Redmi Note 10S","as":"[8193, 8194]","ip":"18"}
05-15 01:41:00.186 18143 18197 D IDM-BonjourGovernor : onServiceRegistered: 
05-15 01:41:00.187 18143 18359 D IDM-LocalAppServer : advertisingResult, discType:2, result3
05-15 01:41:00.187 18143 18359 D IDM-AppMgrNative : onAdvertisingResult enter, result:3
05-15 01:41:00.188 18143 18359 D IDM-LocalAppServer : advertisingResult, discType:2, result3
05-15 01:41:00.188 18143 18359 D IDM-AppMgrNative : onAdvertisingResult enter, result:3
05-15 01:41:00.188 18143 18359 D IDM-BonjourGovernor : startAdvertising: exit
05-15 01:41:00.188 18143 18359 D IDM-LocalAppServer : can not create p2p go.
05-15 01:41:00.188 18143 18359 E IDM-LocalAppServer : startAdvertising end.
05-15 01:41:00.188 18143 18359 I IDM-MiConnectService : startAdvertising 3
05-15 01:41:00.188 18143 18359 D IDM-PropertyUtils : is agreed: false
05-15 01:41:00.188 18143 18359 E IDM-s:miconnect:  : not available
05-15 01:41:00.189 18143 18359 E IDM-stat: MiotReportManager : not available becase: is_enable_disable_build: true
05-15 01:41:00.189 18143 18364 I IDM-AdvertisingManager : update 2
05-15 01:41:00.189 18143 18364 I IDM-AdvertisingManager : update after changed for BT, discType is 2
05-15 01:41:00.189 18143 18364 D IDM-BonjourGovernor : stopAdvertising: enter
05-15 01:41:00.189 18143 18348 V IDM-HandoffProcessService : onAdvertisingResult: status = [3] MSG = [Start Advertising SUCCESS]
05-15 01:41:00.217 18143 18197 D IDM-BonjourGovernor : onServiceUnregistered: 
05-15 01:41:00.217 18143 18364 D IDM-BonjourGovernor : stopAdvertising: exit
05-15 01:41:00.675 18143 18195 D IDM-IDMCloudTransfer : Received response for https://idm.iot.mi.com/idm/info/batch in 2022,8ms
date: Sun, 15 May 2022 05:41:00 GMT
content-type: application/json
vary: Origin
vary: Access-Control-Request-Method
vary: Access-Control-Request-Headers

05-15 01:41:00.677 18143 18195 D IDM-IDMCloudTransfer : requestAppConfigPost body = {"status":200,"message":"","result":[{"id":4,"clientId":"aa80e4f0","appName":"ToBSoundBox","signature":"E2:2C:DA:40:69:37:EA:C4:6B:DE:7A:A2:F2:09:2D:AA:CC:9E:FF:F6","certificate":"","platform":"Android","packageName":"com.xiaomi.micolauncher","online":2,"createTime":1607414192,"changeTime":1614132887,"comment":"","services":null,"findables":[{"serviceType":"urn:aiot-spec-v3:service:iot-local-control:00000001:1","actions":["ALL"]}]},{"id":3,"clientId":"a5c11fdd","appName":"TestTeamApp","signature":"7A:68:0A:8D:D9:99:21:43:B7:69:EA:93:9B:89:9A:8E:43:D2:09:67","certificate":"","platform":"Android","packageName":"com.iot.xiaomi.miconnecttest","online":2,"createTime":1607414027,"changeTime":1619058349,"comment":"","services":[{"serviceType":"urn:aiot-spec-v3:service:idm-test:00000001:1","actions":[]},{"serviceType":"urn:aiot-spec-v3:service:multi-screen-collaboration:00000001:1","actions":[]},{"serviceType":"urn:aiot-spec-v3:service:input:00000001:1","actions":[]},{"serviceType":"urn:aiot-spec-v3:service:iot-local-control:00000001:1","actions":[]},{"serviceType":"urn:aiot-spec-v3:service:ip-camera:00000001:1","actions":[]},{"serviceType":"urn:aiot-spec-v3:service:light:00000001:1","actions":[]},{"serviceType":"urn:aiot-spec-v3:service:motionsensor:00000001:1","actions":[]},{"serviceType":"urn:aiot-spec-v3:service:handoff:00000001:1","actions":[]},{"serviceType":"urn:aiot-spec-v3:com.mi.idm:service:micast-tv:00017802:1.0","actions":["ALL"]},{"serviceType":"urn:aiot-spec-v3:com.mi.idm:service:notification-local:00017804:1.0","actions":[]}],"findables":[{"serviceType":"urn:aiot-spec-v3:service:iot-local-control:00000001:1","actions":["ALL"]},{"serviceType":"urn:aiot-spec-v3:service:ip-camera:00000001:1","actions":["ALL"]},{"serviceType":"urn:aiot-spec-v3:service:light:00000001:1","actions":["ALL"]},{"serviceType":"urn:aiot-spec-v3:service:motionsensor:00000001:1","actions":["ALL"]},{"serviceType":"urn:aiot-spec-v3:service:handoff:00000001:1","actions":["ALL"]},{"serviceType":"urn:aiot-spec-v3:service:input:00000001:1","actions":["ALL"]},{"serviceType":"urn:aiot-spec-v3:service:multi-screen-collaboration:00000001:1","actions":["ALL"]},{"serviceType":"urn:aiot-spec-v3:service:idm-test:00000001:1","actions":[]},{"serviceType":"urn:aiot-spec-v3:com.mi.idm:service:micast-tv:00017802:1.0","actions":["ALL"]},{"serviceType":"urn:aiot-spec-v3:com.mi.idm:service:notification-local:00017804:1.0","actions":["ALL"]}]},{"id":1,"clientId":"adc78733","appName":"IDMTestApp","signature":"27:19:6E:38:6B:87:5E:76:AD:F7:00:E7:EA:84:E4:C6:EE:E3:3D:FA","certificate":"","platform":"Android","packageName":"com.xiaomi.miconnect","online":2,"createTime":1607413671,"changeTime":1620717390,"comment":"","services":[{"serviceType":"urn:aiot-spec-v3:service:idm-test:00000001:1","actions":[]}],"findables":[{"serviceType":"urn:aiot-spec-v3:service:light:00000001:1","actions":["ALL"]},{"serviceType":"urn:aiot-spec-v3:service:input:00000001:1","actions":["ALL"]},{"serviceType":"urn:aiot-spec-v3:service:multi-screen-collaboration:00000001:1","actions":["ALL"]}]},{"id":5,"clientId":"apmr9571","appName":"SampleCode","signature":"2C:29:D4:3E:24:1E:3F:57:02:1B:86:D4:9B:E7:0F:59:7F:1A:4C:4D","certificate":"","platform":"Android","packageName":"com.xiaomi.idm.sample","online":2,"createTime":1607414256,"changeTime":1618390694,"comment":"","services":[{"serviceType":"urn:aiot-spec-v3:service:idm-test:00000001:1","actions":["ALL"]},{"serviceType":"urn:aiot-spec-v3:com.mi.idm:service:micast-tv:00017802:1.0","actions":["ALL"]}],"findables":[{"serviceType":"urn:aiot-spec-v3:service:iot-local-control:00000001:1","actions":["ALL"]},{"serviceType":"urn:aiot-spec-v3:service:ip-camera:00000001:1","actions":["ALL"]},{"serviceType":"urn:aiot-spec-v3:service:light:00000001:1","actions":["ALL"]},{"serviceType":"urn:aiot-spec-v3:service:motionsensor:00000001:1","actions":["ALL"]},{"serviceType":"urn:aiot-spec-v3:service:handoff:00000001:1","actions":["ALL"]},{"serviceType":"urn:aiot-spec-v3:service:input:00000001:1","actions":["ALL"]},{"serviceType":"urn:aiot-spec-v3:service:multi-screen-collaboration:00000001:1","actions":["ALL"]}]},{"id":2,"clientId":"aca27627","appName":"xiaomimirror","signature":"7B:6D:C7:07:9C:34:73:9C:E8:11:59:71:9F:B5:EB:61:D2:A0:32:25","certificate":"","platform":"Android","packageName":"com.xiaomi.mirror","online":2,"createTime":1607413907,"changeTime":1616405217,"comment":"","services":[{"serviceType":"urn:aiot-spec-v3:service:multi-screen-collaboration:00000001:1","actions":[]}],"findables":[{"serviceType":"urn:aiot-spec-v3:service:multi-screen-collaboration:00000001:1","actions":["ALL"]}]},{"id":6,"clientId":"adio19d2","appName":"DuoKanTvBox","signature":"08:32:F8:EB:8B:B2:28:12:1A:6E:A9:0C:AD:D8:9D:58:2C:B1:9C:7D","certificate":"","platform":"Android","packageName":"com.duokan.airkan.tvbox","online":2,"createTime":1607414401,"changeTime":1607414433,"comment":"","services":null,"findables":[{"serviceType":"urn:aiot-spec-v3:service:input:00000001:1","actions":["ALL"]}]}],"timestamp":"2022-05-15 13:41:00.987"}
05-15 01:41:00.699 18143 18195 D IDM-IDMConfigCache : finish updateIDMCloudConfig
05-15 01:41:01.257 18143 18364 D IDM-TAG : Advertising flag is 2
05-15 01:41:01.257 18143 18364 V IDM-TAG : Short Id Hash is 333763
05-15 01:41:01.258 18143 18364 D IDM-BonjourGovernor : startAdvertising: enter
05-15 01:41:01.262 18143 18364 D IDM-BonjourGovernor : J-Debug pattern  count: 1
05-15 01:41:01.262 18143 18364 D IDM-BonjourGovernor : J-Debug pattern [\u4e00-\u9fa5]count: 0
05-15 01:41:01.262 18143 18364 V IDM-BonjourGovernor : J-Debug outside realLen: 60, nmLen: 21, asLen: 19, ipLen: 9, containChinese: false, jsonStr: {"nm":"Redmi Note 10S","as":"[8193, 8194]","ip":"18"}
05-15 01:41:01.262 18143 18364 V IDM-BonjourGovernor : J-Debug startAdvertising json: {"nm":"Redmi Note 10S","as":"[8193, 8194]","ip":"18"}
05-15 01:41:01.934 18143 18197 D IDM-BonjourGovernor : onServiceRegistered: 
05-15 01:41:01.934 18143 18364 D IDM-LocalAppServer : advertisingResult, discType:2, result3
05-15 01:41:01.935 18143 18364 D IDM-LocalAppServer : result = START_ADVERTISING_SUCCESS, no need callback!
05-15 01:41:01.935 18143 18364 D IDM-LocalAppServer : advertisingResult, discType:2, result3
05-15 01:41:01.935 18143 18364 D IDM-LocalAppServer : result = START_ADVERTISING_SUCCESS, no need callback!
05-15 01:41:01.935 18143 18364 D IDM-BonjourGovernor : startAdvertising: exit
05-15 01:41:01.936 18143 18364 D IDM-LocalAppServer : can not create p2p go.
05-15 01:41:01.936 18143 18364 E IDM-LocalAppServer : startAdvertising end.
05-15 01:41:01.936 18143 18364 I IDM-MiConnectService : startAdvertising 3
05-15 01:41:01.936 18143 18364 D IDM-PropertyUtils : is agreed: false
05-15 01:41:01.937 18143 18364 E IDM-s:miconnect:  : not available
05-15 01:41:01.937 18143 18364 E IDM-stat: MiotReportManager : not available becase: is_enable_disable_build: true
05-15 01:50:19.182 18143 18143 D IDM-CommStateMonitor : onReceive: android.net.conn.CONNECTIVITY_CHANGE
05-15 01:50:20.109 18143 18143 D IDM-CommStateMonitor : onReceive: android.net.conn.CONNECTIVITY_CHANGE
05-15 01:51:44.182 18143 22133 D IDM-BonjourGovernor : stopAdvertising: enter
05-15 01:51:44.185 18143 18197 D IDM-BonjourGovernor : onServiceUnregistered: 
05-15 01:51:44.185 18143 22133 D IDM-BonjourGovernor : stopAdvertising: exit
05-15 01:51:44.186 18143 22133 I IDM-AbstractBtGovernor : isAvailable enter
05-15 01:51:44.186 18143 22133 D IDM-AbstractBtGovernor : is support BT: false
05-15 01:51:45.290 18143 22133 D IDM-TAG : Advertising flag is 2
05-15 01:51:45.291 18143 22133 V IDM-TAG : Short Id Hash is 333763
05-15 01:51:45.291 18143 22133 D IDM-BonjourGovernor : startAdvertising: enter
05-15 01:51:45.297 18143 22133 D IDM-BonjourGovernor : J-Debug pattern  count: 1
05-15 01:51:45.298 18143 22133 D IDM-BonjourGovernor : J-Debug pattern [\u4e00-\u9fa5]count: 0
05-15 01:51:45.298 18143 22133 V IDM-BonjourGovernor : J-Debug outside realLen: 60, nmLen: 21, asLen: 19, ipLen: 9, containChinese: false, jsonStr: {"nm":"Redmi Note 10S","as":"[8193, 8194]","ip":"18"}
05-15 01:51:45.298 18143 22133 V IDM-BonjourGovernor : J-Debug startAdvertising json: {"nm":"Redmi Note 10S","as":"[8193, 8194]","ip":"18"}
05-15 01:51:46.028 18143 18197 D IDM-BonjourGovernor : onServiceRegistered: 
05-15 01:51:46.028 18143 22133 D IDM-LocalAppServer : advertisingResult, discType:2, result3
05-15 01:51:46.028 18143 22133 D IDM-LocalAppServer : result = START_ADVERTISING_SUCCESS, no need callback!
05-15 01:51:46.028 18143 22133 D IDM-LocalAppServer : advertisingResult, discType:2, result3
05-15 01:51:46.029 18143 22133 D IDM-LocalAppServer : result = START_ADVERTISING_SUCCESS, no need callback!
05-15 01:51:46.029 18143 22133 D IDM-BonjourGovernor : startAdvertising: exit
05-15 01:51:46.029 18143 22133 D IDM-DiscoveryManager : start
05-15 01:51:46.029 18143 22133 I IDM-AbstractBtGovernor : isAvailable enter
05-15 01:51:46.029 18143 22133 D IDM-AbstractBtGovernor : is support BT: false
05-15 01:51:52.857 18143 22133 D IDM-BonjourGovernor : stopAdvertising: enter
05-15 01:51:52.861 18143 18197 D IDM-BonjourGovernor : onServiceUnregistered: 
05-15 01:51:52.861 18143 22133 D IDM-BonjourGovernor : stopAdvertising: exit
05-15 01:51:52.861 18143 22133 I IDM-AbstractBtGovernor : isAvailable enter
05-15 01:51:52.862 18143 22133 D IDM-AbstractBtGovernor : is support BT: false
05-15 01:51:53.012 18143 22133 D IDM-TAG : Advertising flag is 2
05-15 01:51:53.012 18143 22133 V IDM-TAG : Short Id Hash is 333763
05-15 01:51:53.012 18143 22133 D IDM-BonjourGovernor : startAdvertising: enter
05-15 01:51:53.024 18143 22133 D IDM-BonjourGovernor : J-Debug pattern  count: 1
05-15 01:51:53.024 18143 22133 D IDM-BonjourGovernor : J-Debug pattern [\u4e00-\u9fa5]count: 0
05-15 01:51:53.024 18143 22133 V IDM-BonjourGovernor : J-Debug outside realLen: 60, nmLen: 21, asLen: 19, ipLen: 9, containChinese: false, jsonStr: {"nm":"Redmi Note 10S","as":"[8193, 8194]","ip":"18"}
05-15 01:51:53.024 18143 22133 V IDM-BonjourGovernor : J-Debug startAdvertising json: {"nm":"Redmi Note 10S","as":"[8193, 8194]","ip":"18"}
05-15 01:51:53.676 18143 18197 D IDM-BonjourGovernor : onServiceRegistered: 
05-15 01:51:53.676 18143 22133 D IDM-LocalAppServer : advertisingResult, discType:2, result3
05-15 01:51:53.676 18143 22133 D IDM-LocalAppServer : result = START_ADVERTISING_SUCCESS, no need callback!
05-15 01:51:53.676 18143 22133 D IDM-LocalAppServer : advertisingResult, discType:2, result3
05-15 01:51:53.676 18143 22133 D IDM-LocalAppServer : result = START_ADVERTISING_SUCCESS, no need callback!
05-15 01:51:53.676 18143 22133 D IDM-BonjourGovernor : startAdvertising: exit
05-15 01:51:53.677 18143 22133 D IDM-DiscoveryManager : start
05-15 01:51:53.677 18143 22133 I IDM-AbstractBtGovernor : isAvailable enter
05-15 01:51:53.677 18143 22133 D IDM-AbstractBtGovernor : is support BT: false
05-15 02:01:08.740 18143 18179 V IDM-MiIdentity : h: MiIdentity onAccountChange, old 6552773799, new 6552773799
05-15 02:01:23.930 18143 18179 V IDM-MiIdentity : h: MiIdentity onAccountChange, old 6552773799, new 6552773799
05-15 02:06:35.148 18143 22133 D IDM-BonjourGovernor : stopAdvertising: enter
05-15 02:06:35.160 18143 18197 D IDM-BonjourGovernor : onServiceUnregistered: 
05-15 02:06:35.162 18143 22133 D IDM-BonjourGovernor : stopAdvertising: exit
05-15 02:06:35.163 18143 22133 I IDM-AbstractBtGovernor : isAvailable enter
05-15 02:06:35.163 18143 22133 D IDM-AbstractBtGovernor : is support BT: false
05-15 02:06:53.793 18143 22133 D IDM-TAG : Advertising flag is 2
05-15 02:06:53.793 18143 22133 V IDM-TAG : Short Id Hash is 333763
05-15 02:06:53.793 18143 22133 D IDM-BonjourGovernor : startAdvertising: enter
05-15 02:06:53.799 18143 22133 D IDM-BonjourGovernor : J-Debug pattern  count: 1
05-15 02:06:53.800 18143 22133 D IDM-BonjourGovernor : J-Debug pattern [\u4e00-\u9fa5]count: 0
05-15 02:06:53.800 18143 22133 V IDM-BonjourGovernor : J-Debug outside realLen: 60, nmLen: 21, asLen: 19, ipLen: 10, containChinese: false, jsonStr: {"nm":"Redmi Note 10S","as":"[8193, 8194]","ip":"129"}
05-15 02:06:53.800 18143 22133 V IDM-BonjourGovernor : J-Debug startAdvertising json: {"nm":"Redmi Note 10S","as":"[8193, 8194]","ip":"129"}
05-15 02:06:54.492 18143 18197 D IDM-BonjourGovernor : onServiceRegistered: 
05-15 02:06:54.492 18143 22133 D IDM-LocalAppServer : advertisingResult, discType:2, result3
05-15 02:06:54.492 18143 22133 D IDM-LocalAppServer : result = START_ADVERTISING_SUCCESS, no need callback!
05-15 02:06:54.492 18143 22133 D IDM-LocalAppServer : advertisingResult, discType:2, result3
05-15 02:06:54.493 18143 22133 D IDM-LocalAppServer : result = START_ADVERTISING_SUCCESS, no need callback!
05-15 02:06:54.493 18143 22133 D IDM-BonjourGovernor : startAdvertising: exit
05-15 02:06:54.493 18143 22133 D IDM-DiscoveryManager : start
05-15 02:06:54.496 18143 22133 I IDM-AbstractBtGovernor : isAvailable enter
05-15 02:06:54.496 18143 22133 D IDM-AbstractBtGovernor : is support BT: false
05-15 02:09:17.304 18143 22133 D IDM-BonjourGovernor : stopAdvertising: enter
05-15 02:09:17.307 18143 18197 D IDM-BonjourGovernor : onServiceUnregistered: 
05-15 02:09:17.308 18143 22133 D IDM-BonjourGovernor : stopAdvertising: exit
05-15 02:09:17.308 18143 22133 I IDM-AbstractBtGovernor : isAvailable enter
05-15 02:09:17.308 18143 22133 D IDM-AbstractBtGovernor : is support BT: false
05-15 02:09:53.404 18143 22133 D IDM-TAG : Advertising flag is 2
05-15 02:09:53.404 18143 22133 V IDM-TAG : Short Id Hash is 333763
05-15 02:09:53.404 18143 22133 D IDM-BonjourGovernor : startAdvertising: enter
05-15 02:09:53.409 18143 22133 D IDM-BonjourGovernor : J-Debug pattern  count: 1
05-15 02:09:53.409 18143 22133 D IDM-BonjourGovernor : J-Debug pattern [\u4e00-\u9fa5]count: 0
05-15 02:09:53.409 18143 22133 V IDM-BonjourGovernor : J-Debug outside realLen: 60, nmLen: 21, asLen: 19, ipLen: 10, containChinese: false, jsonStr: {"nm":"Redmi Note 10S","as":"[8193, 8194]","ip":"129"}
05-15 02:09:53.409 18143 22133 V IDM-BonjourGovernor : J-Debug startAdvertising json: {"nm":"Redmi Note 10S","as":"[8193, 8194]","ip":"129"}
05-15 02:09:54.041 18143 18197 D IDM-BonjourGovernor : onServiceRegistered: 
05-15 02:09:54.041 18143 22133 D IDM-LocalAppServer : advertisingResult, discType:2, result3
05-15 02:09:54.041 18143 22133 D IDM-LocalAppServer : result = START_ADVERTISING_SUCCESS, no need callback!
05-15 02:09:54.041 18143 22133 D IDM-LocalAppServer : advertisingResult, discType:2, result3
05-15 02:09:54.042 18143 22133 D IDM-LocalAppServer : result = START_ADVERTISING_SUCCESS, no need callback!
05-15 02:09:54.042 18143 22133 D IDM-BonjourGovernor : startAdvertising: exit
05-15 02:09:54.042 18143 22133 D IDM-DiscoveryManager : start
05-15 02:09:54.042 18143 22133 I IDM-AbstractBtGovernor : isAvailable enter
05-15 02:09:54.042 18143 22133 D IDM-AbstractBtGovernor : is support BT: false
05-15 02:12:37.222 18143 22133 D IDM-BonjourGovernor : stopAdvertising: enter
05-15 02:12:37.225 18143 18197 D IDM-BonjourGovernor : onServiceUnregistered: 
05-15 02:12:37.225 18143 22133 D IDM-BonjourGovernor : stopAdvertising: exit
05-15 02:12:37.225 18143 22133 I IDM-AbstractBtGovernor : isAvailable enter
05-15 02:12:37.225 18143 22133 D IDM-AbstractBtGovernor : is support BT: false
05-15 02:12:37.391 18143 22133 D IDM-TAG : Advertising flag is 2
05-15 02:12:37.391 18143 22133 V IDM-TAG : Short Id Hash is 333763
05-15 02:12:37.391 18143 22133 D IDM-BonjourGovernor : startAdvertising: enter
05-15 02:12:37.402 18143 22133 D IDM-BonjourGovernor : J-Debug pattern  count: 1
05-15 02:12:37.403 18143 22133 D IDM-BonjourGovernor : J-Debug pattern [\u4e00-\u9fa5]count: 0
05-15 02:12:37.403 18143 22133 V IDM-BonjourGovernor : J-Debug outside realLen: 60, nmLen: 21, asLen: 19, ipLen: 10, containChinese: false, jsonStr: {"nm":"Redmi Note 10S","as":"[8193, 8194]","ip":"129"}
05-15 02:12:37.404 18143 22133 V IDM-BonjourGovernor : J-Debug startAdvertising json: {"nm":"Redmi Note 10S","as":"[8193, 8194]","ip":"129"}
05-15 02:12:38.037 18143 18197 D IDM-BonjourGovernor : onServiceRegistered: 
05-15 02:12:38.038 18143 22133 D IDM-LocalAppServer : advertisingResult, discType:2, result3
05-15 02:12:38.038 18143 22133 D IDM-LocalAppServer : result = START_ADVERTISING_SUCCESS, no need callback!
05-15 02:12:38.038 18143 22133 D IDM-LocalAppServer : advertisingResult, discType:2, result3
05-15 02:12:38.038 18143 22133 D IDM-LocalAppServer : result = START_ADVERTISING_SUCCESS, no need callback!
05-15 02:12:38.039 18143 22133 D IDM-BonjourGovernor : startAdvertising: exit
05-15 02:12:38.039 18143 22133 D IDM-DiscoveryManager : start
05-15 02:12:38.039 18143 22133 I IDM-AbstractBtGovernor : isAvailable enter
05-15 02:12:38.039 18143 22133 D IDM-AbstractBtGovernor : is support BT: false
05-15 02:14:07.068 18143 22133 D IDM-BonjourGovernor : stopAdvertising: enter
05-15 02:14:07.073 18143 18197 D IDM-BonjourGovernor : onServiceUnregistered: 
05-15 02:14:07.073 18143 22133 D IDM-BonjourGovernor : stopAdvertising: exit
05-15 02:14:07.073 18143 22133 I IDM-AbstractBtGovernor : isAvailable enter
05-15 02:14:07.073 18143 22133 D IDM-AbstractBtGovernor : is support BT: false
05-15 02:14:37.164 18143 22133 D IDM-TAG : Advertising flag is 2
05-15 02:14:37.164 18143 22133 V IDM-TAG : Short Id Hash is 333763
05-15 02:14:37.164 18143 22133 D IDM-BonjourGovernor : startAdvertising: enter
05-15 02:14:37.169 18143 22133 D IDM-BonjourGovernor : J-Debug pattern  count: 1
05-15 02:14:37.169 18143 22133 D IDM-BonjourGovernor : J-Debug pattern [\u4e00-\u9fa5]count: 0
05-15 02:14:37.169 18143 22133 V IDM-BonjourGovernor : J-Debug outside realLen: 60, nmLen: 21, asLen: 19, ipLen: 10, containChinese: false, jsonStr: {"nm":"Redmi Note 10S","as":"[8193, 8194]","ip":"129"}
05-15 02:14:37.169 18143 22133 V IDM-BonjourGovernor : J-Debug startAdvertising json: {"nm":"Redmi Note 10S","as":"[8193, 8194]","ip":"129"}
05-15 02:14:37.822 18143 18197 D IDM-BonjourGovernor : onServiceRegistered: 
05-15 02:14:37.823 18143 22133 D IDM-LocalAppServer : advertisingResult, discType:2, result3
05-15 02:14:37.823 18143 22133 D IDM-LocalAppServer : result = START_ADVERTISING_SUCCESS, no need callback!
05-15 02:14:37.823 18143 22133 D IDM-LocalAppServer : advertisingResult, discType:2, result3
05-15 02:14:37.823 18143 22133 D IDM-LocalAppServer : result = START_ADVERTISING_SUCCESS, no need callback!
05-15 02:14:37.823 18143 22133 D IDM-BonjourGovernor : startAdvertising: exit
05-15 02:14:37.824 18143 22133 D IDM-DiscoveryManager : start
05-15 02:14:37.824 18143 22133 I IDM-AbstractBtGovernor : isAvailable enter
05-15 02:14:37.824 18143 22133 D IDM-AbstractBtGovernor : is support BT: false
05-15 02:29:36.349 18143 18143 I IDM-PermissionManager : load permission assets
05-15 02:29:36.374 18143 18143 D IDM-IDMCloudManager : onPackageAdded pkg = com.google.android.apps.tachyon
05-15 02:29:59.534 18143 18179 V IDM-MiIdentity : h: MiIdentity onAccountChange, old 6552773799, new 6552773799
05-15 02:41:10.620 11822 11822 I IDM-LogUtil : LogUtils init, A new application started
05-15 02:41:10.625 11822 11822 D IDM-PermissionManager : mIsSelfDebugSignature = false
05-15 02:41:10.628 11822 11822 I IDM-PermissionManager : load permission assets
05-15 02:41:10.633 11822 11822 I IDM-PermissionManager : failed to check uid for com.miui.huanji -1
05-15 02:41:10.634 11822 11822 I IDM-PermissionManager : failed to check uid for com.duokan.phone.remotecontroller -1
05-15 02:41:10.635 11822 11822 I IDM-PermissionManager : failed to check uid for com.iot.xiaomi.miconnecttest -1
05-15 02:41:10.635 11822 11822 I IDM-PermissionManager : failed to check uid for com.xiaomi.idm_autotest_android -1
05-15 02:41:10.635 11822 11822 I IDM-PermissionManager : failed to check uid for com.miui.video -1
05-15 02:41:10.636 11822 11822 I IDM-PermissionManager : failed to check uid for com.xiaomi.mitime -1
05-15 02:41:10.636 11822 11822 I IDM-PermissionManager : failed to check uid for com.xiaomi.wearable -1
05-15 02:41:10.637 11822 11822 I IDM-PermissionManager : failed to check uid for com.xiaomi.idm.sample -1
05-15 02:41:10.637 11822 11822 I IDM-PermissionManager : perm loaded v: 8
05-15 02:41:10.639 11822 11822 D IDM-ConfigMgr : config file: /data/user/0/com.xiaomi.mi_connect_service/files/config/config
05-15 02:41:10.663 11822 11822 D IDM-TimerStack : parseConfig start
05-15 02:41:10.666 11822 11822 W IDM-ConfigMgr : api invokes before apps loaded
05-15 02:41:10.666 11822 11822 D IDM-TimerStack : parseConfig end: 3
05-15 02:41:10.666 11822 11822 I IDM-ConfigMgr : 13 items loaded
05-15 02:41:10.667 11822 11822 I IDM-ConfigMgr : 4 data items loaded
05-15 02:41:10.667 11822 11822 D IDM-RegionUtil : CL
05-15 02:41:10.686 11822 11822 D IDM-PropertyUtils : is agreed: false
05-15 02:41:10.705 11822 11844 I IDM-CloudCtrFileJob : work
05-15 02:41:10.707 11822 11822 D IDM-PropertyUtils : is agreed: false
05-15 02:41:10.710 11822 11822 D IDM-DeviceUtil : platform type property: default
05-15 02:41:10.711 11822 11822 E IDM-Constant : is international: true
05-15 02:41:10.711 11822 11822 E IDM-s:miconnect:  : not available
05-15 02:41:10.712 11822 11847 V IDM-url : server time url: https://us-idm.api.io.mi.com/app/appgateway/miot/miconnect_server/MiconnectService/common/serverTime
05-15 02:41:10.712 11822 11847 D IDM-TimerStack : ServerTime start
05-15 02:41:10.717 11822 11822 V IDM-NetworkApi : mijia api base is : https://us.api.io.mi.com/
05-15 02:41:10.722 11822 11822 D IDM-MiIdentity : h: MiIdentity init start: ACCOUNT_VERIFY true
05-15 02:41:10.722 11822 11822 V IDM-MiIdentity : MiIdentityStore: MiIdentityStore init
05-15 02:41:10.729 11822 11822 V IDM-MiIdentity : MiIdentityStore: loadMiIdentityInfo took 7 milliseconds.
05-15 02:41:10.739 11822 11822 V IDM-MiIdentity : h: MiIdentity init end took 17 milliseconds.
05-15 02:41:10.739 11822 11857 V IDM-MiIdentity : h: MiIdentity onAccountChange, old 6552773799, new 6552773799
05-15 02:41:10.739 11822 11845 V IDM-MiIdentity : h: Receive message 0, hardware data 37c8b02fc947e222c97245c67104793923f751c6, hardwareHash 7c
05-15 02:41:10.740 11822 11845 D IDM-CertSavingManager : queryWhenLogin mijiaDid 37c8b02fc947e222c97245c67104793923f751c6, didHash 7c
05-15 02:41:10.742 11822 11822 I IDM-MiConnectService : onCreate versionName:2.1.137 userId:0
05-15 02:41:10.744 11822 11822 D IDM-PropertyUtils : is agreed: false
05-15 02:41:10.744 11822 11822 E IDM-s:miconnect:  : not available
05-15 02:41:10.744 11822 11822 D IDM-DeviceUtil : platform type property: default
05-15 02:41:10.746 11822 11822 D IDM-BonjourGovernor : BonjourGovernor ver: 9.8.09.01
05-15 02:41:10.753 11822 11854 E IDM-apm-idm : {"machineCode":"us","countryCode":"CL"}
05-15 02:41:10.753 11822 11854 E IDM-apm-idm : url=https://cdn.awsusor1.fds.api.mi-img.com/miot-miconnect-apm/idmapm/release/apm_control.json
05-15 02:41:10.753 11822 11854 D IDM-PropertyUtils : is agreed: false
05-15 02:41:10.755 11822 11866 D IDM-TimerStack : load all start
05-15 02:41:10.758 11822 11868 D IDM-CoapResponder : startCoapServer
05-15 02:41:10.758 11822 11868 V IDM-CoapResponder : 0: Start coap server on ports 56666
05-15 02:41:10.773 11822 11868 D IDM-CoapResponder : Start CoapServer Successful
05-15 02:41:10.773 11822 11866 D IDM-TimerStack : load all end: 17
05-15 02:41:10.977 11822 11822 D IDM-MiConnectService : SYSTEM userId else: 0,APP USERID 1000
05-15 02:41:10.977 11822 11822 D IDM-BtGovernor : BtApi getBleGovernor
05-15 02:41:10.980 11822 11822 I IDM-BleClientService :  BleAttributeClientOperation Consturctor, dev.1.2.0
05-15 02:41:10.980 11822 11822 D IDM-BleDiscovery : init enter, mIsInitiated=false
05-15 02:41:10.980 11822 11822 D IDM-BleDiscovery : mBleScanner is null
05-15 02:41:10.980 11822 11822 I IDM-BleServerService :  BleAttributeServerOperation Consturctor, dev.1.2.0
05-15 02:41:10.981 11822 11822 I IDM-BleClientViaAttService :  BleClientService Consturctor, dev.1.2.0
05-15 02:41:10.982 11822 11822 I IDM-BleServerViaAttService :  BleServerService Consturctor, dev.1.2.0
05-15 02:41:10.987 11822 11822 I IDM-Discovery :  BleDiscovery Consturctor, dev.1.2.0
05-15 02:41:10.987 11822 11822 D IDM-Discovery : scan mode=2
05-15 02:41:10.987 11822 11822 D IDM-BtGovernor : BtApi BtGovernor Constructor, dev.1.2.0
05-15 02:41:10.992 11822 11822 D IDM-BtGovernor : BT Adapter was not supported ! 
05-15 02:41:10.992 11822 11822 I IDM-BleAdvertising :  BleAdvertising Consturctor, dev.1.2.0
05-15 02:41:10.992 11822 11822 E IDM-BleAdvertising : get BleAdvertiser failed
05-15 02:41:10.992 11822 11822 D IDM-PropertyUtils : is agreed: false
05-15 02:41:10.993 11822 11822 W IDM-MiConnectReport : report failure -1107 0
05-15 02:41:10.993 11822 11822 E IDM-stat: MiotReportManager : not available becase: is_enable_disable_build: true
05-15 02:41:10.994 11822 11822 E IDM-BtGovernor : Log enabled =false
05-15 02:41:10.994 11822 11822 D IDM-AbstractBtGovernor : BleApi setCallback
05-15 02:41:10.994 11822 11822 D IDM-BleBackGround : setCallback is set
05-15 02:41:10.994 11822 11822 D IDM-AbstractBtGovernor : BleApi enableStateListener
05-15 02:41:10.995 11822 11822 I IDM-AbstractBtGovernor : isAvailable enter
05-15 02:41:10.995 11822 11822 D IDM-AbstractBtGovernor : is support BT: false
05-15 02:41:10.995 11822 11822 D IDM-BtClassicGovernor : Classic Api getBtGovernor
05-15 02:41:10.995 11822 11822 I IDM-BleClientService :  BleAttributeClientOperation Consturctor, dev.1.2.0
05-15 02:41:10.995 11822 11822 D IDM-BleDiscovery : init enter, mIsInitiated=false
05-15 02:41:10.996 11822 11822 D IDM-BleDiscovery : mBleScanner is null
05-15 02:41:10.996 11822 11822 I IDM-BleClientViaAttService :  BleClientService Consturctor, dev.1.2.0
05-15 02:41:10.996 11822 11822 I IDM-BleServerViaAttService :  BleServerService Consturctor, dev.1.2.0
05-15 02:41:10.998 11822 11822 D IDM-BtClassicGovernor : Classic Api BtGovernor Constructor, dev.1.2.0
05-15 02:41:10.999 11822 11822 I IDM-BleAdvertising :  BleAdvertising Consturctor, dev.1.2.0
05-15 02:41:11.000 11822 11822 E IDM-BleAdvertising : get BleAdvertiser failed
05-15 02:41:11.000 11822 11822 D IDM-PropertyUtils : is agreed: false
05-15 02:41:11.000 11822 11822 W IDM-MiConnectReport : report failure -1107 0
05-15 02:41:11.000 11822 11822 E IDM-stat: MiotReportManager : not available becase: is_enable_disable_build: true
05-15 02:41:11.000 11822 11822 E IDM-BtClassicGovernor : Log enabled =false
05-15 02:41:11.000 11822 11822 I IDM-BtClassicGovernor : Classic setCallback
05-15 02:41:11.000 11822 11822 D IDM-AbstractBtGovernor : BleApi setCallback
05-15 02:41:11.000 11822 11822 D IDM-AbstractBtGovernor : BleApi enableStateListener
05-15 02:41:11.001 11822 11822 I IDM-BtClassicGovernor : BtClassical isAvailable enter
05-15 02:41:11.001 11822 11822 I IDM-AbstractBtGovernor : isAvailable enter
05-15 02:41:11.001 11822 11822 D IDM-AbstractBtGovernor : is support BT: false
05-15 02:41:11.001 11822 11822 D IDM-BtClassicGovernor : is support BT: false
05-15 02:41:11.001 11822 11822 D IDM-PropertyUtils : is agreed: false
05-15 02:41:11.001 11822 11822 W IDM-MiConnectReport : report failure -1024 0
05-15 02:41:11.001 11822 11822 E IDM-stat: MiotReportManager : not available becase: is_enable_disable_build: true
05-15 02:41:11.001 11822 11822 D IDM-BleGovernor : BleApi getBleGovernor
05-15 02:41:11.002 11822 11822 I IDM-BleClientService :  BleAttributeClientOperation Consturctor, dev.1.2.0
05-15 02:41:11.002 11822 11822 D IDM-BleDiscovery : init enter, mIsInitiated=false
05-15 02:41:11.002 11822 11822 D IDM-BleDiscovery : mBleScanner is null
05-15 02:41:11.002 11822 11822 I IDM-BleClientViaAttService :  BleClientService Consturctor, dev.1.2.0
05-15 02:41:11.002 11822 11822 I IDM-BleServerViaAttService :  BleServerService Consturctor, dev.1.2.0
05-15 02:41:11.005 11822 11822 D IDM-BleDiscovery : init enter, mIsInitiated=false
05-15 02:41:11.005 11822 11822 D IDM-BleDiscovery : mBleScanner is null
05-15 02:41:11.008 11822 11822 D IDM-BleGovernor : BT Adapter was not supported ! 
05-15 02:41:11.008 11822 11822 I IDM-BleAdvertising :  BleAdvertising Consturctor, dev.1.2.0
05-15 02:41:11.008 11822 11822 E IDM-BleAdvertising : get BleAdvertiser failed
05-15 02:41:11.008 11822 11822 D IDM-PropertyUtils : is agreed: false
05-15 02:41:11.008 11822 11822 W IDM-MiConnectReport : report failure -1107 0
05-15 02:41:11.008 11822 11822 E IDM-stat: MiotReportManager : not available becase: is_enable_disable_build: true
05-15 02:41:11.009 11822 11822 I IDM-BleGovernor : BleApi setCallback enter
05-15 02:41:11.009 11822 11822 D IDM-AbstractBtGovernor : BleApi setCallback
05-15 02:41:11.010 11822 11822 D IDM-AbstractBtGovernor : BleApi enableStateListener
05-15 02:41:11.010 11822 11822 I IDM-BleGovernor : isAvailable enter
05-15 02:41:11.010 11822 11822 I IDM-AbstractBtGovernor : isAvailable enter
05-15 02:41:11.011 11822 11822 D IDM-AbstractBtGovernor : is support BT: false
05-15 02:41:11.011 11822 11822 I IDM-WifiGovernor : Common: WifiGovernor Constructor
05-15 02:41:11.024 11822 11822 D IDM-WifiGovernor : Common: support5gBand: ret: true
05-15 02:41:11.025 11822 11822 D IDM-WifiGovernor : Common: Support DTLS: false
05-15 02:41:11.026 11822 11822 I IDM-WifiGovernor : Common: WifiGovernor constructor exit
05-15 02:41:11.026 11822 11822 I IDM-WifiGovernor : Common: isAvailable enter
05-15 02:41:11.026 11822 11822 I IDM-WifiGovernor : Common: isAvailable exit: true
05-15 02:41:11.026 11822 11822 I IDM-WifiGovernor : Common: WifiGovernor init enter
05-15 02:41:11.036 11822 11822 D IDM-WifiGovernor : Common: Start coap server successfully. retry: 0
05-15 02:41:11.037 11822 11822 I IDM-WifiGovernor : Common: WifiGovernor init exit
05-15 02:41:11.037 11822 11822 I IDM-WifiGovernor : Common: setCallback: com.xiaomi.mi_connect_service.MiConnectService$d@fb3386b
05-15 02:41:11.039 11822 11822 I IDM-NfcAdvPresenter : registerReceiver
05-15 02:41:11.040 11822 11822 D IDM-DeviceUtil : platform type property: default
05-15 02:41:11.040 11822 11822 D IDM-DeviceUtil : platform type property: default
05-15 02:41:11.041 11822 11822 I IDM-NfcScanHelper : ---start---state:IDEL
05-15 02:41:11.042 11822 11822 I IDM-NfcMessagePublisher : use NfcScanHelper
05-15 02:41:11.043 11822 11822 D IDM-DeviceUtil : platform type property: default
05-15 02:41:11.064 11822 11822 D IDM-DeviceUtil : platform type property: default
05-15 02:41:11.065 11822 11822 I IDM-NfcGovernor : isAvailable false
05-15 02:41:11.065 11822 11822 D IDM-MiConnectService : NFC available false
05-15 02:41:11.065 11822 11822 D IDM-DeviceUtil : platform type property: default
05-15 02:41:11.065 11822 11822 I IDM-NfcGovernor : isAvailable false
05-15 02:41:11.066 11822 11822 I IDM-BleGovernor : BleApi setAdvertisingCallback enter
05-15 02:41:11.066 11822 11822 E IDM-BleGovernor : BtGovernor died. need to init
05-15 02:41:11.066 11822 11822 D IDM-PropertyUtils : is agreed: false
05-15 02:41:11.066 11822 11822 W IDM-MiConnectReport : report failure -1053 0
05-15 02:41:11.066 11822 11822 E IDM-stat: MiotReportManager : not available becase: is_enable_disable_build: true
05-15 02:41:11.066 11822 11822 I IDM-BtClassicGovernor : BtClassical setAdvertisingCallback enter
05-15 02:41:11.066 11822 11822 E IDM-BtClassicGovernor : BtGovernor died. need to init
05-15 02:41:11.066 11822 11822 D IDM-PropertyUtils : is agreed: false
05-15 02:41:11.066 11822 11822 W IDM-MiConnectReport : report failure -1092 0
05-15 02:41:11.067 11822 11822 E IDM-stat: MiotReportManager : not available becase: is_enable_disable_build: true
05-15 02:41:11.067 11822 11822 I IDM-BtGovernor : BtApi setAdvertisingCallback enter
05-15 02:41:11.067 11822 11822 E IDM-BtGovernor : BtGovernor died. need to init
05-15 02:41:11.067 11822 11822 I IDM-BleGovernor : BleApi setDiscoveryCallback enter
05-15 02:41:11.067 11822 11822 E IDM-BleGovernor : BtGovernor died. need to init
05-15 02:41:11.067 11822 11822 D IDM-PropertyUtils : is agreed: false
05-15 02:41:11.067 11822 11822 W IDM-MiConnectReport : report failure -1053 0
05-15 02:41:11.067 11822 11822 E IDM-stat: MiotReportManager : not available becase: is_enable_disable_build: true
05-15 02:41:11.067 11822 11822 D IDM-BleDiscovery : setCallback enter
05-15 02:41:11.067 11822 11822 I IDM-BtClassicGovernor : BtClassic setDiscoveryCallback enter
05-15 02:41:11.067 11822 11822 E IDM-BtClassicGovernor : BtGovernor died. need to init
05-15 02:41:11.068 11822 11822 D IDM-PropertyUtils : is agreed: false
05-15 02:41:11.068 11822 11822 W IDM-MiConnectReport : report failure -1092 0
05-15 02:41:11.068 11822 11822 E IDM-stat: MiotReportManager : not available becase: is_enable_disable_build: true
05-15 02:41:11.068 11822 11822 D IDM-BtDiscovery : setCallback enter
05-15 02:41:11.073 11822 11822 I IDM-BtGovernor : BtApi setDiscoveryCallback enter
05-15 02:41:11.073 11822 11822 E IDM-BtGovernor : BtGovernor died. need to init
05-15 02:41:11.073 11822 11822 I IDM-WifiGovernor : Common: setDiscoveryCallback: b.h.o.q$a@adfa13f
05-15 02:41:11.074 11822 11822 E IDM-BleGovernor : BLE is not enabled
05-15 02:41:11.074 11822 11822 D IDM-AbstractBtGovernor : BleApi setAttributeCallback enter
05-15 02:41:11.074 11822 11822 I IDM-BtClassicGovernor : BtClassical setAttributeCallback enter
05-15 02:41:11.074 11822 11822 E IDM-BtClassicGovernor : BLE is not enabled
05-15 02:41:11.074 11822 11822 D IDM-AbstractBtGovernor : BleApi setAttributeCallback enter
05-15 02:41:11.074 11822 11822 I IDM-BtGovernor : BtApi setAttributeCallback enter
05-15 02:41:11.074 11822 11822 E IDM-BtGovernor : BLE is not enabled
05-15 02:41:11.074 11822 11822 D IDM-AbstractBtGovernor : BleApi setAttributeCallback enter
05-15 02:41:11.075 11822 11822 I IDM-WifiGovernor : Common: setAttributeCallback: b.h.o.k$a@a130a0c
05-15 02:41:11.083 11822 11822 V IDM-DeviceUtil : Get Phone name Redmi Note 10S
05-15 02:41:11.083 11822 11822 D IDM-MiConnectService : ScreenStateObserver.EnableObserve main
05-15 02:41:11.086 11822 11822 D IDM-MiConnectService : UserSwitchedObserver.EnableObserve main
05-15 02:41:11.096 11822 11822 D IDM-MiConnectService : Register name change observer for phone
05-15 02:41:11.096 11822 11822 D IDM-MiConnectService : PhoneSystemNameChangeObserver.EnableObserve main
05-15 02:41:11.097 11822 11822 D IDM-IDMRuntime : Initializing Managers...
05-15 02:41:11.099 11822 11822 D IDM-IDMConfigCache : isDebugSignature = false
05-15 02:41:11.100 11822 11822 D IDM-IDMClientProcManager : Initializing
05-15 02:41:11.104 11822 11822 D IDM-IDMServerProcManager : Initializing
05-15 02:41:11.105 11822 11822 D IDM-IDMConnectionManager : Initializing
05-15 02:41:11.105 11822 11822 D IDM-IDMRuntime : Initializing BuiltInServices...
05-15 02:41:11.120 11822 11868 D IDM-IDMConfigCache : initAssetsCache in pool thread
05-15 02:41:11.124 11822 11822 E IDM-IotLocalControlSerivceImpl : IotLocalControlSerivceImpl IDM_LOCALSERVICE_UUIDffff3ffc-09da-4bed-9652-f507366fcfc5
05-15 02:41:11.141 11822 11854 E IDM-NetWorkUtils : get: response ----->{
"all":{"allClose":"false"},
"cpu":{"intervalMillis":"100000"},
"heap":{"intervalMillis":"100000"},
"ram":{"intervalMillis":"100000"},
"traffic":{
"intervalMillis":"100000",
"sampleMillis":"1000"
},
"thread":{
"intervalMillis":"100000",
"threadFilter":"com.godeye.androidgodeye.mods.thread.ExcludeSystemThreadFilter",
"threadTagger":"com.godeye.androidgodeye.mods.thread.DefaultThreadTagger"
},
"appsize":{
"delayMillis":"0"
},
"handle":{
"intervalMillis":"100000"
}
}

05-15 02:41:11.141 11822 11854 E IDM-NetWorkUtils : get: response ----->200
05-15 02:41:11.141 11822 11854 E IDM-NetWorkUtils : get: response ----->OK
05-15 02:41:11.141 11822 11854 E IDM-NetWorkUtils : get: response ----->true
05-15 02:41:11.141 11822 11854 E IDM-NetWorkUtils : send get point end [200]
05-15 02:41:11.146 11822 11844 I IDM-CloudCtrFileJob : done
05-15 02:41:11.146 11822 11868 D IDM-IDMConfigCache : start updateIDMCloudConfig
05-15 02:41:11.146 11822 11844 D IDM-CloudCtrBaseJob : work
05-15 02:41:11.151 11822 11844 D IDM-CloudCtrUrlConfig : config release https://cdn.awsusor1.fds.api.mi-img.com/miot-standard-fds/release/config/appconfig_phone.json?GalaxyAccessKeyId=5151729087601&Expires=9223372036854775807&Signature=C0EZIcUck36IDNAzEeKAifzKbGk=
05-15 02:41:11.158 11822 11822 D IDM-IDMNative : init
05-15 02:41:11.164 11822 11822 D IDM-AppMgrNative : init
05-15 02:41:11.168 11822 11822 D IDM-IDMNative : setIdentity, idhash: 333763, name: Redmi Note 10S
05-15 02:41:11.175 11822 11822 D IDM-IDMNative : startAdvertising, service:ffff3ffc-09da-4bed-9652-f507366fcfc5 discType:3 commType:8 serviceSecurityType:0
05-15 02:41:11.176 11822 11822 D IDM-IDMNative : startAdvertising, service:cc088c31-d33c-44ce-a9dd-6bbf6b52dd1c discType:2 commType:2 serviceSecurityType:0
05-15 02:41:11.177 11822 11822 D IDM-AppMgrNative : registerApp
05-15 02:41:11.177 11822 11822 D IDM-MiConnectService : executor id:8194
05-15 02:41:11.177 11822 11822 D IDM-MiConnectService : generate executor for 8194
05-15 02:41:11.177 11822 11822 D IDM-MiConnectService : executor id:8194
05-15 02:41:11.178 11822 11822 D IDM-IDMRuntime : Initializing HandoffProcessService...
05-15 02:41:11.180 11822 11963 I IDM-MiConnectService : app thread created app thread for 8194
05-15 02:41:11.180 11822 11963 I IDM-MiConnectService : setCallBack appid: 8194,roleType: 1
05-15 02:41:11.180 11822 11963 D IDM-PropertyUtils : is agreed: false
05-15 02:41:11.180 11822 11963 E IDM-s:miconnect:  : not available
05-15 02:41:11.180 11822 11963 E IDM-stat: MiotReportManager : not available becase: is_enable_disable_build: true
05-15 02:41:11.180 11822 11963 I IDM-MiConnectService : startAdvertising discType 2
05-15 02:41:11.181 11822 11963 D IDM-LocalAppServer : initSuppSetting: commSetting = 2
05-15 02:41:11.185 11822 11963 D IDM-LocalAppServer : initCurrSetting: commSetting = 2
05-15 02:41:11.188 11822 11822 V IDM-NetworkApi : mijia api base is : https://us.api.io.mi.com/
05-15 02:41:11.189 11822 11963 D IDM-LocalAppServerHolder : add App Server 8194
05-15 02:41:11.189 11822 11963 D IDM-PropertyUtils : is agreed: false
05-15 02:41:11.189 11822 11963 E IDM-s:miconnect:  : not available
05-15 02:41:11.190 11822 11963 I IDM-MiConnectService : startAdvertising 2
05-15 02:41:11.190 11822 11963 E IDM-LocalAppServer : startAdvertising
05-15 02:41:11.196 11822 11822 D IDM-DeviceUtil : platform type property: default
05-15 02:41:11.197 11822 11822 D IDM-ConnectionManager : ConnectionManagerImpl construct with version code:1,debug:false
05-15 02:41:11.199 11822 11822 I IDM-WifiGovernor : Common: setHostCallback: b.h.o.k.D@2716b1
05-15 02:41:11.199 11822 11822 I IDM-WifiGovernor : Common: setHostCallback: b.h.o.k.D@2716b1
05-15 02:41:11.200 11822 11822 I IDM-WifiGovernor : Common: setConnectionCallback: b.h.o.k.q@774c796
05-15 02:41:11.200 11822 11822 I IDM-WifiGovernor : Common: setConnectionCallback: b.h.o.k.q@774c796
05-15 02:41:11.226 11822 11822 D IDM-CommStateMonitor : onReceive: android.net.conn.CONNECTIVITY_CHANGE
05-15 02:41:11.228 11822 11822 D IDM-MiConnectService : onBind action:com.xiaomi.mi_connect_service.MiConnectService
05-15 02:41:11.231 11822 11822 V IDM-HandoffProcessService : IDMClient onProcessConnected
05-15 02:41:11.233 11822 11822 D IDM-IDMClientProcManager : registerIDMClient: clientId = [a023jkdf]
05-15 02:41:11.242 11822 11822 D IDM-PackkageUtil : pkg com.xiaomi.mi_connect_service
