05-15 04:11:15.017 29331 29331 E IDM-IDMSecurityManager : checkRegisterClientId InnerCalling no need check clientId
05-15 04:11:15.017 29331 29331 D IDM-IDMNativeWraper : clientId = [a023jkdf], sdk version = [2001137]
05-15 04:11:15.020 29331 29331 D IDM-IDMNativeWraper : clientId = [a023jkdf], Use Native V2
05-15 04:11:15.021 29331 29331 V IDM-HandoffProcessService : IDMServer onProcessConnected, ready to register service
05-15 04:11:15.021 29331 29331 V IDM-HandoffProcessService : register Handoff service
05-15 04:11:15.023 29331 29331 D IDM-IDMServerProcManager : registerService
05-15 04:11:15.024 29331 29331 D IDM-PackkageUtil : pkg com.xiaomi.mi_connect_service
05-15 04:11:15.025 29331 29331 E IDM-IDMSecurityManager : checkServiceRegistrable InnerCalling no need check
05-15 04:11:15.027 29331 29331 D IDM-PackkageUtil : pkg com.xiaomi.mi_connect_service
05-15 04:11:15.028 29331 29354 D IDM-CertSavingManager : get cert3 from ram
05-15 04:11:15.034 29331 29331 D IDM-PackkageUtil : pkg com.xiaomi.mi_connect_service
05-15 04:11:15.034 29331 29331 D IDM-MiConnectService : filterCommTypeOnPermission for com.xiaomi.mi_connect_service
05-15 04:11:15.034 29331 29331 D IDM-IDMServerProc : register Service, serviceId = [4758df47-5879-43fa-80a7-07e850f129bd]
05-15 04:11:15.034 29331 29331 D IDM-IDMNativeWraper : startAdvertising V2
05-15 04:11:15.034 29331 29331 D IDM-IDMNative : startAdvertising, service:4758df47-5879-43fa-80a7-07e850f129bd discType:2 commType:2 serviceSecurityType:0
05-15 04:11:15.035 29331 29331 D IDM-AppMgrNative : registerApp
05-15 04:11:15.036 29331 29331 D IDM-MiConnectService : executor id:8193
05-15 04:11:15.036 29331 29331 D IDM-MiConnectService : generate executor for 8193
05-15 04:11:15.036 29331 29331 D IDM-MiConnectService : executor id:8193
05-15 04:11:15.037 29331 29331 V IDM-HandoffProcessService : IDMClient onProcessConnected
05-15 04:11:15.038 29331 29354 D IDM-CertSavingManager : get cert3 from sp
05-15 04:11:15.039 29331 29331 D IDM-IDMClientProcManager : registerIDMClient: clientId = [a023jkdf]
05-15 04:11:15.041 29331 29567 I IDM-MiConnectService : app thread created app thread for 8193
05-15 04:11:15.041 29331 29567 I IDM-MiConnectService : setCallBack appid: 8193,roleType: 1
05-15 04:11:15.042 29331 29567 D IDM-PropertyUtils : is agreed: false
05-15 04:11:15.042 29331 29567 E IDM-s:miconnect:  : not available
05-15 04:11:15.042 29331 29567 E IDM-stat: MiotReportManager : not available becase: is_enable_disable_build: true
05-15 04:11:15.042 29331 29567 I IDM-MiConnectService : startAdvertising discType 2
05-15 04:11:15.042 29331 29567 D IDM-LocalAppServer : initSuppSetting: commSetting = 2
05-15 04:11:15.044 29331 29331 D IDM-PackkageUtil : pkg com.xiaomi.mi_connect_service
05-15 04:11:15.044 29331 29331 E IDM-IDMSecurityManager : checkRegisterClientId InnerCalling no need check clientId
05-15 04:11:15.044 29331 29331 D IDM-IDMClientProcManager : param size = [4]
05-15 04:11:15.045 29331 29331 E IDM-IDMClientProcManager : IdentifyParam = [# com.xiaomi.mi_connect_service.proto.IPCParam$IdentifyParam@7bc6f]
05-15 04:11:15.046 29331 29331 D IDM-IDMNativeWraper : clientId = [a023jkdf], sdk version = [2001137]
05-15 04:11:15.046 29331 29331 D IDM-IDMNativeWraper : clientId = [a023jkdf], Use Native V2
05-15 04:11:15.046 29331 29331 E IDM-PropertyAgent : DeviceService  init 
05-15 04:11:15.046 29331 29331 I IDM-PropertyAgent : setTokenInfo
05-15 04:11:15.046 29331 29354 D IDM-CertSavingManager : get cert2 from ram space
05-15 04:11:15.048 29331 29567 D IDM-LocalAppServer : initCurrSetting: commSetting = 2
05-15 04:11:15.058 29331 29567 D IDM-LocalAppServerHolder : add App Server 8193
05-15 04:11:15.058 29331 29567 D IDM-PropertyUtils : is agreed: false
05-15 04:11:15.058 29331 29567 E IDM-s:miconnect:  : not available
05-15 04:11:15.059 29331 29567 I IDM-MiConnectService : startAdvertising 2
05-15 04:11:15.059 29331 29567 E IDM-LocalAppServer : startAdvertising
05-15 04:11:15.061 29331 29331 D IDM-IDMNativeWraper : registerIDMClient V2
05-15 04:11:15.061 29331 29331 D IDM-IDMNative : registerIDMClient, id:a023jkdf
05-15 04:11:15.077 29331 29354 D IDM-CertSavingManager : get cert2 from sp file
05-15 04:11:15.078 29331 29548 V IDM-CertSavingManager : current saving is empty
05-15 04:11:15.079 29331 29567 V IDM-CertSavingManager : current saving is empty
05-15 04:11:15.079 29331 29548 V IDM-MiIdentity : h: validateCurrentSaving took 1 milliseconds.
05-15 04:11:15.079 29331 29567 V IDM-MiIdentity : h: validateCurrentSaving took 1 milliseconds.
05-15 04:11:15.079 29331 29548 I IDM-AttributeManager : update 2
05-15 04:11:15.079 29331 29567 I IDM-AttributeManager : update 2
05-15 04:11:15.079 29331 29354 V IDM-MiIdentity : h: Receive message 1, hardware data 37c8b02fc947e222c97245c67104793923f751c6, hardwareHash 7c
05-15 04:11:15.079 29331 29548 D IDM-CoapStorage : addAttribute uuid: 00000000-09da-4bed-9652-f507366fcfc5
05-15 04:11:15.079 29331 29354 D IDM-CertSavingManager : queryWhenLogin mijiaDid 37c8b02fc947e222c97245c67104793923f751c6, didHash 7c
05-15 04:11:15.079 29331 29548 D IDM-CoapStorage : addAttribute uuid: 00000001-09da-4bed-9652-f507366fcfc5
05-15 04:11:15.079 29331 29548 D IDM-CoapStorage : addAttribute uuid: 00000003-09da-4bed-9652-f507366fcfc5
05-15 04:11:15.079 29331 29567 D IDM-CoapStorage : addAttribute uuid: 00000000-09da-4bed-9652-f507366fcfc5
05-15 04:11:15.080 29331 29567 D IDM-CoapStorage : addAttribute uuid: 00000001-09da-4bed-9652-f507366fcfc5
05-15 04:11:15.080 29331 29567 D IDM-CoapStorage : addAttribute uuid: 00000003-09da-4bed-9652-f507366fcfc5
05-15 04:11:15.080 29331 29567 D IDM-CoapStorage : addAttribute uuid: 00000004-09da-4bed-9652-f507366fcfc5
05-15 04:11:15.080 29331 29567 D IDM-CoapStorage : addAttribute uuid: 00000005-09da-4bed-9652-f507366fcfc5
05-15 04:11:15.080 29331 29567 D IDM-CoapStorage : addAttribute uuid: 00000006-09da-4bed-9652-f507366fcfc5
05-15 04:11:15.080 29331 29567 D IDM-CoapStorage : addAttribute uuid: 00000008-09da-4bed-9652-f507366fcfc5
05-15 04:11:15.080 29331 29567 D IDM-CoapStorage : addAttribute uuid: 00000007-09da-4bed-9652-f507366fcfc5
05-15 04:11:15.082 29331 29567 D IDM-CoapStorage : addAttribute uuid: 20020001-09da-4bed-9652-f507366fcfc5
05-15 04:11:15.082 29331 29567 D IDM-CoapStorage : addAttribute uuid: 20020002-09da-4bed-9652-f507366fcfc5
05-15 04:11:15.082 29331 29567 D IDM-CoapStorage : addAttribute uuid: 20020003-09da-4bed-9652-f507366fcfc5
05-15 04:11:15.082 29331 29567 D IDM-CoapStorage : addAttribute uuid: 20020004-09da-4bed-9652-f507366fcfc5
05-15 04:11:15.082 29331 29567 D IDM-CoapStorage : addAttribute uuid: 20020005-09da-4bed-9652-f507366fcfc5
05-15 04:11:15.082 29331 29567 D IDM-CoapStorage : addAttribute uuid: 20020006-09da-4bed-9652-f507366fcfc5
05-15 04:11:15.082 29331 29567 D IDM-CoapStorage : addAttribute uuid: 20020007-09da-4bed-9652-f507366fcfc5
05-15 04:11:15.082 29331 29567 D IDM-CoapStorage : addAttribute uuid: 20020008-09da-4bed-9652-f507366fcfc5
05-15 04:11:15.083 29331 29567 D IDM-CoapStorage : addAttribute uuid: 20020009-09da-4bed-9652-f507366fcfc5
05-15 04:11:15.083 29331 29567 D IDM-CoapStorage : addAttribute uuid: 2002000a-09da-4bed-9652-f507366fcfc5
05-15 04:11:15.083 29331 29567 D IDM-CoapStorage : addAttribute uuid: 2002000b-09da-4bed-9652-f507366fcfc5
05-15 04:11:15.083 29331 29567 D IDM-CoapStorage : addAttribute uuid: 2002000c-09da-4bed-9652-f507366fcfc5
05-15 04:11:15.083 29331 29567 D IDM-CoapStorage : addAttribute uuid: 2002000d-09da-4bed-9652-f507366fcfc5
05-15 04:11:15.083 29331 29567 D IDM-CoapStorage : addAttribute uuid: 20010001-09da-4bed-9652-f507366fcfc5
05-15 04:11:15.083 29331 29567 D IDM-CoapStorage : addAttribute uuid: 20010002-09da-4bed-9652-f507366fcfc5
05-15 04:11:15.083 29331 29567 D IDM-CoapStorage : addAttribute uuid: 20010003-09da-4bed-9652-f507366fcfc5
05-15 04:11:15.083 29331 29567 D IDM-CoapStorage : addAttribute uuid: 20010004-09da-4bed-9652-f507366fcfc5
05-15 04:11:15.083 29331 29567 D IDM-CoapStorage : addAttribute uuid: 20010005-09da-4bed-9652-f507366fcfc5
05-15 04:11:15.084 29331 29567 D IDM-CoapStorage : addAttribute uuid: 20010006-09da-4bed-9652-f507366fcfc5
05-15 04:11:15.084 29331 29567 D IDM-CoapStorage : addAttribute uuid: 20010007-09da-4bed-9652-f507366fcfc5
05-15 04:11:15.084 29331 29567 D IDM-CoapStorage : addAttribute uuid: 20010008-09da-4bed-9652-f507366fcfc5
05-15 04:11:15.084 29331 29567 D IDM-CoapStorage : addAttribute uuid: 20010009-09da-4bed-9652-f507366fcfc5
05-15 04:11:15.084 29331 29567 D IDM-CoapStorage : addAttribute uuid: 2001000a-09da-4bed-9652-f507366fcfc5
05-15 04:11:15.084 29331 29567 D IDM-CoapStorage : addAttribute uuid: 2001000b-09da-4bed-9652-f507366fcfc5
05-15 04:11:15.084 29331 29567 D IDM-CoapStorage : addAttribute uuid: 2001000c-09da-4bed-9652-f507366fcfc5
05-15 04:11:15.084 29331 29567 D IDM-CoapStorage : addAttribute uuid: 2001000d-09da-4bed-9652-f507366fcfc5
05-15 04:11:15.084 29331 29567 D IDM-CoapResponder : addService
05-15 04:11:15.084 29331 29579 D IDM-CertSavingManager : save all data fetched in new thread.
05-15 04:11:15.084 29331 29567 V IDM-CoapResponder : add Attribute 00000008-09da-4bed-9652-f507366fcfc5 Service
05-15 04:11:15.085 29331 29567 V IDM-CoapResponder : add Attribute 2002000a-09da-4bed-9652-f507366fcfc5 Service
05-15 04:11:15.085 29331 29548 D IDM-CoapStorage : addAttribute uuid: 00000004-09da-4bed-9652-f507366fcfc5
05-15 04:11:15.085 29331 29548 D IDM-CoapStorage : addAttribute uuid: 00000005-09da-4bed-9652-f507366fcfc5
05-15 04:11:15.086 29331 29548 D IDM-CoapStorage : addAttribute uuid: 00000006-09da-4bed-9652-f507366fcfc5
05-15 04:11:15.086 29331 29548 D IDM-CoapStorage : addAttribute uuid: 00000008-09da-4bed-9652-f507366fcfc5
05-15 04:11:15.086 29331 29548 D IDM-CoapStorage : addAttribute uuid: 00000007-09da-4bed-9652-f507366fcfc5
05-15 04:11:15.086 29331 29548 D IDM-CoapStorage : addAttribute uuid: 20020001-09da-4bed-9652-f507366fcfc5
05-15 04:11:15.086 29331 29548 D IDM-CoapStorage : addAttribute uuid: 20020002-09da-4bed-9652-f507366fcfc5
05-15 04:11:15.086 29331 29548 D IDM-CoapStorage : addAttribute uuid: 20020003-09da-4bed-9652-f507366fcfc5
05-15 04:11:15.086 29331 29548 D IDM-CoapStorage : addAttribute uuid: 20020004-09da-4bed-9652-f507366fcfc5
05-15 04:11:15.086 29331 29548 D IDM-CoapStorage : addAttribute uuid: 20020005-09da-4bed-9652-f507366fcfc5
05-15 04:11:15.086 29331 29548 D IDM-CoapStorage : addAttribute uuid: 20020006-09da-4bed-9652-f507366fcfc5
05-15 04:11:15.087 29331 29548 D IDM-CoapStorage : addAttribute uuid: 20020007-09da-4bed-9652-f507366fcfc5
05-15 04:11:15.087 29331 29548 D IDM-CoapStorage : addAttribute uuid: 20020008-09da-4bed-9652-f507366fcfc5
05-15 04:11:15.087 29331 29548 D IDM-CoapStorage : addAttribute uuid: 20020009-09da-4bed-9652-f507366fcfc5
05-15 04:11:15.087 29331 29548 D IDM-CoapStorage : addAttribute uuid: 2002000a-09da-4bed-9652-f507366fcfc5
05-15 04:11:15.087 29331 29548 D IDM-CoapStorage : addAttribute uuid: 2002000b-09da-4bed-9652-f507366fcfc5
05-15 04:11:15.087 29331 29548 D IDM-CoapStorage : addAttribute uuid: 2002000c-09da-4bed-9652-f507366fcfc5
05-15 04:11:15.087 29331 29548 D IDM-CoapStorage : addAttribute uuid: 2002000d-09da-4bed-9652-f507366fcfc5
05-15 04:11:15.087 29331 29548 D IDM-CoapStorage : addAttribute uuid: 20010001-09da-4bed-9652-f507366fcfc5
05-15 04:11:15.087 29331 29548 D IDM-CoapStorage : addAttribute uuid: 20010002-09da-4bed-9652-f507366fcfc5
05-15 04:11:15.087 29331 29548 D IDM-CoapStorage : addAttribute uuid: 20010003-09da-4bed-9652-f507366fcfc5
05-15 04:11:15.088 29331 29548 D IDM-CoapStorage : addAttribute uuid: 20010004-09da-4bed-9652-f507366fcfc5
05-15 04:11:15.088 29331 29548 D IDM-CoapStorage : addAttribute uuid: 20010005-09da-4bed-9652-f507366fcfc5
05-15 04:11:15.088 29331 29548 D IDM-CoapStorage : addAttribute uuid: 20010006-09da-4bed-9652-f507366fcfc5
05-15 04:11:15.088 29331 29548 D IDM-CoapStorage : addAttribute uuid: 20010007-09da-4bed-9652-f507366fcfc5
05-15 04:11:15.088 29331 29548 D IDM-CoapStorage : addAttribute uuid: 20010008-09da-4bed-9652-f507366fcfc5
05-15 04:11:15.088 29331 29548 D IDM-CoapStorage : addAttribute uuid: 20010009-09da-4bed-9652-f507366fcfc5
05-15 04:11:15.088 29331 29548 D IDM-CoapStorage : addAttribute uuid: 2001000a-09da-4bed-9652-f507366fcfc5
05-15 04:11:15.088 29331 29548 D IDM-CoapStorage : addAttribute uuid: 2001000b-09da-4bed-9652-f507366fcfc5
05-15 04:11:15.088 29331 29548 D IDM-CoapStorage : addAttribute uuid: 2001000c-09da-4bed-9652-f507366fcfc5
05-15 04:11:15.088 29331 29548 D IDM-CoapStorage : addAttribute uuid: 2001000d-09da-4bed-9652-f507366fcfc5
05-15 04:11:15.088 29331 29548 D IDM-CoapResponder : addService
05-15 04:11:15.088 29331 29548 V IDM-CoapResponder : add Attribute 00000008-09da-4bed-9652-f507366fcfc5 Service
05-15 04:11:15.089 29331 29548 V IDM-CoapResponder : add Attribute 2002000a-09da-4bed-9652-f507366fcfc5 Service
05-15 04:11:15.089 29331 29548 V IDM-CoapResponder : add Attribute 20010009-09da-4bed-9652-f507366fcfc5 Service
05-15 04:11:15.089 29331 29548 V IDM-CoapResponder : add Attribute 2002000b-09da-4bed-9652-f507366fcfc5 Service
05-15 04:11:15.089 29331 29548 V IDM-CoapResponder : add Attribute 20010008-09da-4bed-9652-f507366fcfc5 Service
05-15 04:11:15.089 29331 29548 V IDM-CoapResponder : add Attribute 20020008-09da-4bed-9652-f507366fcfc5 Service
05-15 04:11:15.089 29331 29548 V IDM-CoapResponder : add Attribute 2001000b-09da-4bed-9652-f507366fcfc5 Service
05-15 04:11:15.089 29331 29548 V IDM-CoapResponder : add Attribute 20020009-09da-4bed-9652-f507366fcfc5 Service
05-15 04:11:15.089 29331 29548 V IDM-CoapResponder : add Attribute 2001000a-09da-4bed-9652-f507366fcfc5 Service
05-15 04:11:15.089 29331 29548 V IDM-CoapResponder : add Attribute 2001000d-09da-4bed-9652-f507366fcfc5 Service
05-15 04:11:15.089 29331 29548 V IDM-CoapResponder : add Attribute 2001000c-09da-4bed-9652-f507366fcfc5 Service
05-15 04:11:15.090 29331 29548 V IDM-CoapResponder : add Attribute 2002000c-09da-4bed-9652-f507366fcfc5 Service
05-15 04:11:15.090 29331 29548 V IDM-CoapResponder : add Attribute 2002000d-09da-4bed-9652-f507366fcfc5 Service
05-15 04:11:15.090 29331 29548 V IDM-CoapResponder : add Attribute 00000000-09da-4bed-9652-f507366fcfc5 Service
05-15 04:11:15.090 29331 29548 V IDM-CoapResponder : add Attribute 20020002-09da-4bed-9652-f507366fcfc5 Service
05-15 04:11:15.090 29331 29548 V IDM-CoapResponder : add Attribute 20010001-09da-4bed-9652-f507366fcfc5 Service
05-15 04:11:15.090 29331 29548 V IDM-CoapResponder : add Attribute 00000001-09da-4bed-9652-f507366fcfc5 Service
05-15 04:11:15.090 29331 29548 V IDM-CoapResponder : add Attribute 20020003-09da-4bed-9652-f507366fcfc5 Service
05-15 04:11:15.090 29331 29548 V IDM-CoapResponder : add Attribute 20010003-09da-4bed-9652-f507366fcfc5 Service
05-15 04:11:15.090 29331 29548 V IDM-CoapResponder : add Attribute 00000003-09da-4bed-9652-f507366fcfc5 Service
05-15 04:11:15.090 29331 29548 V IDM-CoapResponder : add Attribute 20020001-09da-4bed-9652-f507366fcfc5 Service
05-15 04:11:15.090 29331 29548 V IDM-CoapResponder : add Attribute 20010002-09da-4bed-9652-f507366fcfc5 Service
05-15 04:11:15.090 29331 29548 V IDM-CoapResponder : add Attribute 00000004-09da-4bed-9652-f507366fcfc5 Service
05-15 04:11:15.091 29331 29548 V IDM-CoapResponder : add Attribute 20020006-09da-4bed-9652-f507366fcfc5 Service
05-15 04:11:15.091 29331 29548 V IDM-CoapResponder : add Attribute 20010005-09da-4bed-9652-f507366fcfc5 Service
05-15 04:11:15.091 29331 29363 E IDM-NetWorkUtils : get: response ----->{
"all":{"allClose":"false"},
"cpu":{"intervalMillis":"100000"},
"heap":{"intervalMillis":"100000"},
"ram":{"intervalMillis":"100000"},
"traffic":{
"intervalMillis":"100000",
"sampleMillis":"1000"
},
"thread":{
"intervalMillis":"100000",
"threadFilter":"com.godeye.androidgodeye.mods.thread.ExcludeSystemThreadFilter",
"threadTagger":"com.godeye.androidgodeye.mods.thread.DefaultThreadTagger"
},
"appsize":{
"delayMillis":"0"
},
"handle":{
"intervalMillis":"100000"
}
}

05-15 04:11:15.091 29331 29548 V IDM-CoapResponder : add Attribute 00000005-09da-4bed-9652-f507366fcfc5 Service
05-15 04:11:15.091 29331 29548 V IDM-CoapResponder : add Attribute 20020007-09da-4bed-9652-f507366fcfc5 Service
05-15 04:11:15.091 29331 29548 V IDM-CoapResponder : add Attribute 20010004-09da-4bed-9652-f507366fcfc5 Service
05-15 04:11:15.091 29331 29548 V IDM-CoapResponder : add Attribute 00000006-09da-4bed-9652-f507366fcfc5 Service
05-15 04:11:15.091 29331 29548 V IDM-CoapResponder : add Attribute 20020004-09da-4bed-9652-f507366fcfc5 Service
05-15 04:11:15.091 29331 29548 V IDM-CoapResponder : add Attribute 20010007-09da-4bed-9652-f507366fcfc5 Service
05-15 04:11:15.091 29331 29548 V IDM-CoapResponder : add Attribute 00000007-09da-4bed-9652-f507366fcfc5 Service
05-15 04:11:15.091 29331 29548 V IDM-CoapResponder : add Attribute 20020005-09da-4bed-9652-f507366fcfc5 Service
05-15 04:11:15.092 29331 29548 V IDM-CoapResponder : add Attribute 20010006-09da-4bed-9652-f507366fcfc5 Service
05-15 04:11:15.092 29331 29548 I IDM-AdvertisingManager : update 2
05-15 04:11:15.092 29331 29548 I IDM-AdvertisingManager : update after changed for BT, discType is 2
05-15 04:11:15.092 29331 29548 D IDM-BonjourGovernor : stopAdvertising: enter
05-15 04:11:15.092 29331 29548 E IDM-BonjourGovernor : stopAdvertising: exit since not in advertising
05-15 04:11:15.092 29331 29548 D IDM-PropertyUtils : is agreed: false
05-15 04:11:15.092 29331 29548 W IDM-MiConnectReport : report failure -2012 0
05-15 04:11:15.092 29331 29548 E IDM-stat: MiotReportManager : not available becase: is_enable_disable_build: true
05-15 04:11:15.093 29331 29363 E IDM-NetWorkUtils : get: response ----->200
05-15 04:11:15.093 29331 29363 E IDM-NetWorkUtils : get: response ----->
05-15 04:11:15.093 29331 29363 E IDM-NetWorkUtils : get: response ----->true
05-15 04:11:15.094 29331 29363 E IDM-NetWorkUtils : send get point end [200]
05-15 04:11:15.095 29331 29567 V IDM-CoapResponder : add Attribute 20010009-09da-4bed-9652-f507366fcfc5 Service
05-15 04:11:15.095 29331 29567 V IDM-CoapResponder : add Attribute 2002000b-09da-4bed-9652-f507366fcfc5 Service
05-15 04:11:15.096 29331 29567 V IDM-CoapResponder : add Attribute 20010008-09da-4bed-9652-f507366fcfc5 Service
05-15 04:11:15.096 29331 29567 V IDM-CoapResponder : add Attribute 20020008-09da-4bed-9652-f507366fcfc5 Service
05-15 04:11:15.097 29331 29567 V IDM-CoapResponder : add Attribute 2001000b-09da-4bed-9652-f507366fcfc5 Service
05-15 04:11:15.098 29331 29567 V IDM-CoapResponder : add Attribute 20020009-09da-4bed-9652-f507366fcfc5 Service
05-15 04:11:15.099 29331 29567 V IDM-CoapResponder : add Attribute 2001000a-09da-4bed-9652-f507366fcfc5 Service
05-15 04:11:15.099 29331 29567 V IDM-CoapResponder : add Attribute 2001000d-09da-4bed-9652-f507366fcfc5 Service
05-15 04:11:15.100 29331 29567 V IDM-CoapResponder : add Attribute 2001000c-09da-4bed-9652-f507366fcfc5 Service
05-15 04:11:15.100 29331 29567 V IDM-CoapResponder : add Attribute 2002000c-09da-4bed-9652-f507366fcfc5 Service
05-15 04:11:15.100 29331 29567 V IDM-CoapResponder : add Attribute 2002000d-09da-4bed-9652-f507366fcfc5 Service
05-15 04:11:15.100 29331 29567 V IDM-CoapResponder : add Attribute 00000000-09da-4bed-9652-f507366fcfc5 Service
05-15 04:11:15.100 29331 29567 V IDM-CoapResponder : add Attribute 20020002-09da-4bed-9652-f507366fcfc5 Service
05-15 04:11:15.100 29331 29567 V IDM-CoapResponder : add Attribute 20010001-09da-4bed-9652-f507366fcfc5 Service
05-15 04:11:15.100 29331 29567 V IDM-CoapResponder : add Attribute 00000001-09da-4bed-9652-f507366fcfc5 Service
05-15 04:11:15.100 29331 29567 V IDM-CoapResponder : add Attribute 20020003-09da-4bed-9652-f507366fcfc5 Service
05-15 04:11:15.100 29331 29567 V IDM-CoapResponder : add Attribute 20010003-09da-4bed-9652-f507366fcfc5 Service
05-15 04:11:15.100 29331 29567 V IDM-CoapResponder : add Attribute 00000003-09da-4bed-9652-f507366fcfc5 Service
05-15 04:11:15.100 29331 29567 V IDM-CoapResponder : add Attribute 20020001-09da-4bed-9652-f507366fcfc5 Service
05-15 04:11:15.100 29331 29567 V IDM-CoapResponder : add Attribute 20010002-09da-4bed-9652-f507366fcfc5 Service
05-15 04:11:15.101 29331 29567 V IDM-CoapResponder : add Attribute 00000004-09da-4bed-9652-f507366fcfc5 Service
05-15 04:11:15.101 29331 29567 V IDM-CoapResponder : add Attribute 20020006-09da-4bed-9652-f507366fcfc5 Service
05-15 04:11:15.101 29331 29567 V IDM-CoapResponder : add Attribute 20010005-09da-4bed-9652-f507366fcfc5 Service
05-15 04:11:15.101 29331 29567 V IDM-CoapResponder : add Attribute 00000005-09da-4bed-9652-f507366fcfc5 Service
05-15 04:11:15.101 29331 29567 V IDM-CoapResponder : add Attribute 20020007-09da-4bed-9652-f507366fcfc5 Service
05-15 04:11:15.101 29331 29567 V IDM-CoapResponder : add Attribute 20010004-09da-4bed-9652-f507366fcfc5 Service
05-15 04:11:15.101 29331 29567 V IDM-CoapResponder : add Attribute 00000006-09da-4bed-9652-f507366fcfc5 Service
05-15 04:11:15.101 29331 29567 V IDM-CoapResponder : add Attribute 20020004-09da-4bed-9652-f507366fcfc5 Service
05-15 04:11:15.101 29331 29567 V IDM-CoapResponder : add Attribute 20010007-09da-4bed-9652-f507366fcfc5 Service
05-15 04:11:15.101 29331 29567 V IDM-CoapResponder : add Attribute 00000007-09da-4bed-9652-f507366fcfc5 Service
05-15 04:11:15.101 29331 29567 V IDM-CoapResponder : add Attribute 20020005-09da-4bed-9652-f507366fcfc5 Service
05-15 04:11:15.102 29331 29567 V IDM-CoapResponder : add Attribute 20010006-09da-4bed-9652-f507366fcfc5 Service
05-15 04:11:15.106 29331 29353 I IDM-CloudCtrFileJob : done
05-15 04:11:15.106 29331 29379 D IDM-IDMConfigCache : start updateIDMCloudConfig
05-15 04:11:15.106 29331 29353 D IDM-CloudCtrBaseJob : work
05-15 04:11:15.111 29331 29353 D IDM-CloudCtrUrlConfig : config release https://cdn.awsusor1.fds.api.mi-img.com/miot-standard-fds/release/config/appconfig_phone.json?GalaxyAccessKeyId=5151729087601&Expires=9223372036854775807&Signature=C0EZIcUck36IDNAzEeKAifzKbGk=
05-15 04:11:15.125 29331 29354 D IDM-CertSavingManager : get cert3 from ram
05-15 04:11:15.125 29331 29354 D IDM-CertSavingManager : get cert2 from ram space
05-15 04:11:15.126 29331 29354 V IDM-MiIdentity : h: Receive message 1, hardware data 37c8b02fc947e222c97245c67104793923f751c6, hardwareHash 7c
05-15 04:11:15.127 29331 29354 D IDM-CertSavingManager : queryWhenLogin mijiaDid 37c8b02fc947e222c97245c67104793923f751c6, didHash 7c
05-15 04:11:15.128 29331 29582 D IDM-CertSavingManager : save all data fetched in new thread.
05-15 04:11:15.138 29331 29354 D IDM-CertSavingManager : get cert3 from ram
05-15 04:11:15.139 29331 29354 D IDM-CertSavingManager : get cert2 from ram space
05-15 04:11:15.140 29331 29583 D IDM-CertSavingManager : save all data fetched in new thread.
05-15 04:11:15.218 29331 29364 V IDM-MiIdentity : h: generateKeyPair end took 651 milliseconds.
05-15 04:11:15.320 29331 29379 D IDM-IDMConfigCache : idmConfigAppList size = 0
05-15 04:11:15.337 29331 29379 D IDM-IDMCloudTransfer : Sending request https://idm.iot.mi.com/idm/info/batch on null

05-15 04:11:15.552 29331 29356 D IDM-TimerStack : ServerTime end: 995
05-15 04:11:15.552 29331 29356 D IDM-Trace : server time: 1652602275939, delta: 995, elapsed: 131941926
05-15 04:11:15.568 29331 29353 I IDM-ConfigMgr : version cur 3 new 2
05-15 04:11:15.568 29331 29353 D IDM-CloudCtrBaseJob : done
05-15 04:11:15.568 29331 29353 D IDM-CertRefreshJob : Start work
05-15 04:11:15.568 29331 29353 D IDM-CertRefreshJob : End work
05-15 04:11:15.568 29331 29353 D IDM-BackgroundJob : BleRelayCtrFileJob start
05-15 04:11:15.572 29331 29353 D IDM-BackgroundJob : empty ble relay conf url, ignore
05-15 04:11:16.129 29331 29548 D IDM-TAG : Advertising flag is 2
05-15 04:11:16.129 29331 29548 V IDM-TAG : Short Id Hash is 333763
05-15 04:11:16.130 29331 29548 D IDM-BonjourGovernor : startAdvertising: enter
05-15 04:11:16.136 29331 29548 D IDM-BonjourGovernor : J-Debug pattern  count: 1
05-15 04:11:16.136 29331 29548 D IDM-BonjourGovernor : J-Debug pattern [\u4e00-\u9fa5]count: 0
05-15 04:11:16.136 29331 29548 V IDM-BonjourGovernor : J-Debug outside realLen: 60, nmLen: 21, asLen: 19, ipLen: 9, containChinese: false, jsonStr: {"nm":"Redmi Note 10S","as":"[8193, 8194]","ip":"91"}
05-15 04:11:16.136 29331 29548 V IDM-BonjourGovernor : J-Debug startAdvertising json: {"nm":"Redmi Note 10S","as":"[8193, 8194]","ip":"91"}
05-15 04:11:16.856 29331 29381 D IDM-BonjourGovernor : onServiceRegistered: 
05-15 04:11:16.856 29331 29548 D IDM-LocalAppServer : advertisingResult, discType:2, result3
05-15 04:11:16.857 29331 29548 D IDM-AppMgrNative : onAdvertisingResult enter, result:3
05-15 04:11:16.858 29331 29548 D IDM-LocalAppServer : advertisingResult, discType:2, result3
05-15 04:11:16.858 29331 29548 D IDM-AppMgrNative : onAdvertisingResult enter, result:3
05-15 04:11:16.858 29331 29548 D IDM-BonjourGovernor : startAdvertising: exit
05-15 04:11:16.858 29331 29548 D IDM-LocalAppServer : can not create p2p go.
05-15 04:11:16.858 29331 29548 E IDM-LocalAppServer : startAdvertising end.
05-15 04:11:16.858 29331 29548 I IDM-MiConnectService : startAdvertising 3
05-15 04:11:16.858 29331 29548 D IDM-PropertyUtils : is agreed: false
05-15 04:11:16.859 29331 29535 V IDM-HandoffProcessService : onAdvertisingResult: status = [3] MSG = [Start Advertising SUCCESS]
05-15 04:11:16.859 29331 29548 E IDM-s:miconnect:  : not available
05-15 04:11:16.859 29331 29548 E IDM-stat: MiotReportManager : not available becase: is_enable_disable_build: true
05-15 04:11:16.860 29331 29567 I IDM-AdvertisingManager : update 2
05-15 04:11:16.860 29331 29567 I IDM-AdvertisingManager : update after changed for BT, discType is 2
05-15 04:11:16.860 29331 29567 D IDM-BonjourGovernor : stopAdvertising: enter
05-15 04:11:16.861 29331 29381 D IDM-BonjourGovernor : onServiceUnregistered: 
05-15 04:11:16.862 29331 29567 D IDM-BonjourGovernor : stopAdvertising: exit
05-15 04:11:17.312 29331 29379 D IDM-IDMCloudTransfer : Received response for https://idm.iot.mi.com/idm/info/batch in 1974,5ms
date: Sun, 15 May 2022 08:11:17 GMT
content-type: application/json
vary: Origin
vary: Access-Control-Request-Method
vary: Access-Control-Request-Headers

05-15 04:11:17.330 29331 29379 D IDM-IDMCloudTransfer : requestAppConfigPost body = {"status":200,"message":"","result":[{"id":4,"clientId":"aa80e4f0","appName":"ToBSoundBox","signature":"E2:2C:DA:40:69:37:EA:C4:6B:DE:7A:A2:F2:09:2D:AA:CC:9E:FF:F6","certificate":"","platform":"Android","packageName":"com.xiaomi.micolauncher","online":2,"createTime":1607414192,"changeTime":1614132887,"comment":"","services":null,"findables":[{"serviceType":"urn:aiot-spec-v3:service:iot-local-control:00000001:1","actions":["ALL"]}]},{"id":3,"clientId":"a5c11fdd","appName":"TestTeamApp","signature":"7A:68:0A:8D:D9:99:21:43:B7:69:EA:93:9B:89:9A:8E:43:D2:09:67","certificate":"","platform":"Android","packageName":"com.iot.xiaomi.miconnecttest","online":2,"createTime":1607414027,"changeTime":1619058349,"comment":"","services":[{"serviceType":"urn:aiot-spec-v3:service:idm-test:00000001:1","actions":[]},{"serviceType":"urn:aiot-spec-v3:service:multi-screen-collaboration:00000001:1","actions":[]},{"serviceType":"urn:aiot-spec-v3:service:input:00000001:1","actions":[]},{"serviceType":"urn:aiot-spec-v3:service:iot-local-control:00000001:1","actions":[]},{"serviceType":"urn:aiot-spec-v3:service:ip-camera:00000001:1","actions":[]},{"serviceType":"urn:aiot-spec-v3:service:light:00000001:1","actions":[]},{"serviceType":"urn:aiot-spec-v3:service:motionsensor:00000001:1","actions":[]},{"serviceType":"urn:aiot-spec-v3:service:handoff:00000001:1","actions":[]},{"serviceType":"urn:aiot-spec-v3:com.mi.idm:service:micast-tv:00017802:1.0","actions":["ALL"]},{"serviceType":"urn:aiot-spec-v3:com.mi.idm:service:notification-local:00017804:1.0","actions":[]}],"findables":[{"serviceType":"urn:aiot-spec-v3:service:iot-local-control:00000001:1","actions":["ALL"]},{"serviceType":"urn:aiot-spec-v3:service:ip-camera:00000001:1","actions":["ALL"]},{"serviceType":"urn:aiot-spec-v3:service:light:00000001:1","actions":["ALL"]},{"serviceType":"urn:aiot-spec-v3:service:motionsensor:00000001:1","actions":["ALL"]},{"serviceType":"urn:aiot-spec-v3:service:handoff:00000001:1","actions":["ALL"]},{"serviceType":"urn:aiot-spec-v3:service:input:00000001:1","actions":["ALL"]},{"serviceType":"urn:aiot-spec-v3:service:multi-screen-collaboration:00000001:1","actions":["ALL"]},{"serviceType":"urn:aiot-spec-v3:service:idm-test:00000001:1","actions":[]},{"serviceType":"urn:aiot-spec-v3:com.mi.idm:service:micast-tv:00017802:1.0","actions":["ALL"]},{"serviceType":"urn:aiot-spec-v3:com.mi.idm:service:notification-local:00017804:1.0","actions":["ALL"]}]},{"id":1,"clientId":"adc78733","appName":"IDMTestApp","signature":"27:19:6E:38:6B:87:5E:76:AD:F7:00:E7:EA:84:E4:C6:EE:E3:3D:FA","certificate":"","platform":"Android","packageName":"com.xiaomi.miconnect","online":2,"createTime":1607413671,"changeTime":1620717390,"comment":"","services":[{"serviceType":"urn:aiot-spec-v3:service:idm-test:00000001:1","actions":[]}],"findables":[{"serviceType":"urn:aiot-spec-v3:service:light:00000001:1","actions":["ALL"]},{"serviceType":"urn:aiot-spec-v3:service:input:00000001:1","actions":["ALL"]},{"serviceType":"urn:aiot-spec-v3:service:multi-screen-collaboration:00000001:1","actions":["ALL"]}]},{"id":5,"clientId":"apmr9571","appName":"SampleCode","signature":"2C:29:D4:3E:24:1E:3F:57:02:1B:86:D4:9B:E7:0F:59:7F:1A:4C:4D","certificate":"","platform":"Android","packageName":"com.xiaomi.idm.sample","online":2,"createTime":1607414256,"changeTime":1618390694,"comment":"","services":[{"serviceType":"urn:aiot-spec-v3:service:idm-test:00000001:1","actions":["ALL"]},{"serviceType":"urn:aiot-spec-v3:com.mi.idm:service:micast-tv:00017802:1.0","actions":["ALL"]}],"findables":[{"serviceType":"urn:aiot-spec-v3:service:iot-local-control:00000001:1","actions":["ALL"]},{"serviceType":"urn:aiot-spec-v3:service:ip-camera:00000001:1","actions":["ALL"]},{"serviceType":"urn:aiot-spec-v3:service:light:00000001:1","actions":["ALL"]},{"serviceType":"urn:aiot-spec-v3:service:motionsensor:00000001:1","actions":["ALL"]},{"serviceType":"urn:aiot-spec-v3:service:handoff:00000001:1","actions":["ALL"]},{"serviceType":"urn:aiot-spec-v3:service:input:00000001:1","actions":["ALL"]},{"serviceType":"urn:aiot-spec-v3:service:multi-screen-collaboration:00000001:1","actions":["ALL"]}]},{"id":2,"clientId":"aca27627","appName":"xiaomimirror","signature":"7B:6D:C7:07:9C:34:73:9C:E8:11:59:71:9F:B5:EB:61:D2:A0:32:25","certificate":"","platform":"Android","packageName":"com.xiaomi.mirror","online":2,"createTime":1607413907,"changeTime":1616405217,"comment":"","services":[{"serviceType":"urn:aiot-spec-v3:service:multi-screen-collaboration:00000001:1","actions":[]}],"findables":[{"serviceType":"urn:aiot-spec-v3:service:multi-screen-collaboration:00000001:1","actions":["ALL"]}]},{"id":6,"clientId":"adio19d2","appName":"DuoKanTvBox","signature":"08:32:F8:EB:8B:B2:28:12:1A:6E:A9:0C:AD:D8:9D:58:2C:B1:9C:7D","certificate":"","platform":"Android","packageName":"com.duokan.airkan.tvbox","online":2,"createTime":1607414401,"changeTime":1607414433,"comment":"","services":null,"findables":[{"serviceType":"urn:aiot-spec-v3:service:input:00000001:1","actions":["ALL"]}]}],"timestamp":"2022-05-15 16:11:17.633"}
05-15 04:11:17.342 29331 29379 D IDM-IDMConfigCache : finish updateIDMCloudConfig
05-15 04:11:17.901 29331 29567 D IDM-TAG : Advertising flag is 2
05-15 04:11:17.901 29331 29567 V IDM-TAG : Short Id Hash is 333763
05-15 04:11:17.902 29331 29567 D IDM-BonjourGovernor : startAdvertising: enter
05-15 04:11:17.907 29331 29567 D IDM-BonjourGovernor : J-Debug pattern  count: 1
05-15 04:11:17.907 29331 29567 D IDM-BonjourGovernor : J-Debug pattern [\u4e00-\u9fa5]count: 0
05-15 04:11:17.908 29331 29567 V IDM-BonjourGovernor : J-Debug outside realLen: 60, nmLen: 21, asLen: 19, ipLen: 9, containChinese: false, jsonStr: {"nm":"Redmi Note 10S","as":"[8193, 8194]","ip":"91"}
05-15 04:11:17.908 29331 29567 V IDM-BonjourGovernor : J-Debug startAdvertising json: {"nm":"Redmi Note 10S","as":"[8193, 8194]","ip":"91"}
05-15 04:11:18.613 29331 29381 D IDM-BonjourGovernor : onServiceRegistered: 
05-15 04:11:18.615 29331 29567 D IDM-LocalAppServer : advertisingResult, discType:2, result3
05-15 04:11:18.615 29331 29567 D IDM-LocalAppServer : result = START_ADVERTISING_SUCCESS, no need callback!
05-15 04:11:18.615 29331 29567 D IDM-LocalAppServer : advertisingResult, discType:2, result3
05-15 04:11:18.615 29331 29567 D IDM-LocalAppServer : result = START_ADVERTISING_SUCCESS, no need callback!
05-15 04:11:18.615 29331 29567 D IDM-BonjourGovernor : startAdvertising: exit
05-15 04:11:18.615 29331 29567 D IDM-LocalAppServer : can not create p2p go.
05-15 04:11:18.615 29331 29567 E IDM-LocalAppServer : startAdvertising end.
05-15 04:11:18.615 29331 29567 I IDM-MiConnectService : startAdvertising 3
05-15 04:11:18.616 29331 29567 D IDM-PropertyUtils : is agreed: false
05-15 04:11:18.616 29331 29567 E IDM-s:miconnect:  : not available
05-15 04:11:18.616 29331 29567 E IDM-stat: MiotReportManager : not available becase: is_enable_disable_build: true
05-15 04:28:07.188 29331 29331 D IDM-IDMCloudManager : onPackageRemoved
05-15 04:28:07.191 29331 29379 E IDM-IDMConfigCache : clearInternalCache clientIds == 0
05-15 04:28:07.238 29331 29331 I IDM-PermissionManager : load permission assets
05-15 04:28:07.239 29331 29331 D IDM-IDMCloudManager : onPackageAdded pkg = com.google.android.apps.restore
05-15 04:30:53.657 29331 29331 I IDM-PermissionManager : load permission assets
05-15 04:30:53.659 29331 29331 D IDM-IDMCloudManager : onPackageAdded pkg = com.twitter.android
05-15 04:39:15.234 29331 29331 I IDM-PermissionManager : load permission assets
05-15 04:39:15.244 29331 29331 D IDM-IDMCloudManager : onPackageAdded pkg = com.joelapenna.foursquared
05-15 04:43:38.352 7895 7895 I IDM-LogUtil : LogUtils init, A new application started
05-15 04:43:38.360 7895 7895 D IDM-PermissionManager : mIsSelfDebugSignature = false
05-15 04:43:38.363 7895 7895 I IDM-PermissionManager : load permission assets
05-15 04:43:38.368 7895 7895 I IDM-PermissionManager : failed to check uid for com.miui.huanji -1
05-15 04:43:38.369 7895 7895 I IDM-PermissionManager : failed to check uid for com.duokan.phone.remotecontroller -1
05-15 04:43:38.369 7895 7895 I IDM-PermissionManager : failed to check uid for com.iot.xiaomi.miconnecttest -1
05-15 04:43:38.370 7895 7895 I IDM-PermissionManager : failed to check uid for com.xiaomi.idm_autotest_android -1
05-15 04:43:38.371 7895 7895 I IDM-PermissionManager : failed to check uid for com.miui.video -1
05-15 04:43:38.371 7895 7895 I IDM-PermissionManager : failed to check uid for com.xiaomi.mitime -1
05-15 04:43:38.372 7895 7895 I IDM-PermissionManager : failed to check uid for com.xiaomi.wearable -1
05-15 04:43:38.373 7895 7895 I IDM-PermissionManager : failed to check uid for com.xiaomi.idm.sample -1
05-15 04:43:38.373 7895 7895 I IDM-PermissionManager : perm loaded v: 8
05-15 04:43:38.374 7895 7895 D IDM-ConfigMgr : config file: /data/user/0/com.xiaomi.mi_connect_service/files/config/config
05-15 04:43:38.401 7895 7895 D IDM-TimerStack : parseConfig start
05-15 04:43:38.403 7895 7895 W IDM-ConfigMgr : api invokes before apps loaded
05-15 04:43:38.403 7895 7895 D IDM-TimerStack : parseConfig end: 3
05-15 04:43:38.404 7895 7895 I IDM-ConfigMgr : 13 items loaded
05-15 04:43:38.404 7895 7895 I IDM-ConfigMgr : 4 data items loaded
05-15 04:43:38.404 7895 7895 D IDM-RegionUtil : CL
05-15 04:43:38.431 7895 7895 D IDM-PropertyUtils : is agreed: false
05-15 04:43:38.449 7895 7917 I IDM-CloudCtrFileJob : work
05-15 04:43:38.453 7895 7895 D IDM-PropertyUtils : is agreed: false
05-15 04:43:38.456 7895 7895 D IDM-DeviceUtil : platform type property: default
05-15 04:43:38.456 7895 7895 E IDM-Constant : is international: true
05-15 04:43:38.456 7895 7895 E IDM-s:miconnect:  : not available
05-15 04:43:38.459 7895 7920 V IDM-url : server time url: https://us-idm.api.io.mi.com/app/appgateway/miot/miconnect_server/MiconnectService/common/serverTime
05-15 04:43:38.459 7895 7920 D IDM-TimerStack : ServerTime start
05-15 04:43:38.461 7895 7895 V IDM-NetworkApi : mijia api base is : https://us.api.io.mi.com/
05-15 04:43:38.468 7895 7895 D IDM-MiIdentity : h: MiIdentity init start: ACCOUNT_VERIFY true
05-15 04:43:38.469 7895 7895 V IDM-MiIdentity : MiIdentityStore: MiIdentityStore init
05-15 04:43:38.476 7895 7895 V IDM-MiIdentity : MiIdentityStore: loadMiIdentityInfo took 6 milliseconds.
05-15 04:43:38.487 7895 7895 V IDM-MiIdentity : h: MiIdentity init end took 19 milliseconds.
05-15 04:43:38.487 7895 7930 V IDM-MiIdentity : h: MiIdentity onAccountChange, old 6552773799, new 6552773799
05-15 04:43:38.488 7895 7918 V IDM-MiIdentity : h: Receive message 0, hardware data 37c8b02fc947e222c97245c67104793923f751c6, hardwareHash 7c
05-15 04:43:38.488 7895 7918 D IDM-CertSavingManager : queryWhenLogin mijiaDid 37c8b02fc947e222c97245c67104793923f751c6, didHash 7c
05-15 04:43:38.490 7895 7895 I IDM-MiConnectService : onCreate versionName:2.1.137 userId:0
05-15 04:43:38.497 7895 7895 D IDM-PropertyUtils : is agreed: false
05-15 04:43:38.498 7895 7895 E IDM-s:miconnect:  : not available
05-15 04:43:38.498 7895 7895 D IDM-DeviceUtil : platform type property: default
05-15 04:43:38.499 7895 7895 D IDM-BonjourGovernor : BonjourGovernor ver: 9.8.09.01
05-15 04:43:38.499 7895 7944 D IDM-TimerStack : load all start
05-15 04:43:38.500 7895 7945 D IDM-CoapResponder : startCoapServer
05-15 04:43:38.500 7895 7945 V IDM-CoapResponder : 0: Start coap server on ports 56666
05-15 04:43:38.501 7895 7927 E IDM-apm-idm : {"machineCode":"us","countryCode":"CL"}
05-15 04:43:38.501 7895 7927 E IDM-apm-idm : url=https://cdn.awsusor1.fds.api.mi-img.com/miot-miconnect-apm/idmapm/release/apm_control.json
05-15 04:43:38.501 7895 7927 D IDM-PropertyUtils : is agreed: false
05-15 04:43:38.515 7895 7945 D IDM-CoapResponder : Start CoapServer Successful
05-15 04:43:38.516 7895 7944 D IDM-TimerStack : load all end: 16
05-15 04:43:38.717 7895 7895 D IDM-MiConnectService : SYSTEM userId else: 0,APP USERID 1000
05-15 04:43:38.717 7895 7895 D IDM-BtGovernor : BtApi getBleGovernor
05-15 04:43:38.720 7895 7895 I IDM-BleClientService :  BleAttributeClientOperation Consturctor, dev.1.2.0
05-15 04:43:38.720 7895 7895 D IDM-BleDiscovery : init enter, mIsInitiated=false
05-15 04:43:38.720 7895 7895 D IDM-BleDiscovery : mBleScanner is null
05-15 04:43:38.721 7895 7895 I IDM-BleServerService :  BleAttributeServerOperation Consturctor, dev.1.2.0
05-15 04:43:38.721 7895 7895 I IDM-BleClientViaAttService :  BleClientService Consturctor, dev.1.2.0
05-15 04:43:38.725 7895 7895 I IDM-BleServerViaAttService :  BleServerService Consturctor, dev.1.2.0
05-15 04:43:38.731 7895 7895 I IDM-Discovery :  BleDiscovery Consturctor, dev.1.2.0
05-15 04:43:38.731 7895 7895 D IDM-Discovery : scan mode=2
05-15 04:43:38.731 7895 7895 D IDM-BtGovernor : BtApi BtGovernor Constructor, dev.1.2.0
05-15 04:43:38.732 7895 7895 D IDM-BtGovernor : BT Adapter was not supported ! 
05-15 04:43:38.732 7895 7895 I IDM-BleAdvertising :  BleAdvertising Consturctor, dev.1.2.0
05-15 04:43:38.733 7895 7895 E IDM-BleAdvertising : get BleAdvertiser failed
05-15 04:43:38.733 7895 7895 D IDM-PropertyUtils : is agreed: false
05-15 04:43:38.733 7895 7895 W IDM-MiConnectReport : report failure -1107 0
05-15 04:43:38.733 7895 7895 E IDM-stat: MiotReportManager : not available becase: is_enable_disable_build: true
05-15 04:43:38.734 7895 7895 E IDM-BtGovernor : Log enabled =false
05-15 04:43:38.735 7895 7895 D IDM-AbstractBtGovernor : BleApi setCallback
05-15 04:43:38.735 7895 7895 D IDM-BleBackGround : setCallback is set
05-15 04:43:38.735 7895 7895 D IDM-AbstractBtGovernor : BleApi enableStateListener
05-15 04:43:38.735 7895 7895 I IDM-AbstractBtGovernor : isAvailable enter
05-15 04:43:38.735 7895 7895 D IDM-AbstractBtGovernor : is support BT: false
05-15 04:43:38.735 7895 7895 D IDM-BtClassicGovernor : Classic Api getBtGovernor
05-15 04:43:38.735 7895 7895 I IDM-BleClientService :  BleAttributeClientOperation Consturctor, dev.1.2.0
05-15 04:43:38.736 7895 7895 D IDM-BleDiscovery : init enter, mIsInitiated=false
05-15 04:43:38.736 7895 7895 D IDM-BleDiscovery : mBleScanner is null
05-15 04:43:38.736 7895 7895 I IDM-BleClientViaAttService :  BleClientService Consturctor, dev.1.2.0
05-15 04:43:38.736 7895 7895 I IDM-BleServerViaAttService :  BleServerService Consturctor, dev.1.2.0
05-15 04:43:38.737 7895 7895 D IDM-BtClassicGovernor : Classic Api BtGovernor Constructor, dev.1.2.0
05-15 04:43:38.738 7895 7895 I IDM-BleAdvertising :  BleAdvertising Consturctor, dev.1.2.0
05-15 04:43:38.739 7895 7895 E IDM-BleAdvertising : get BleAdvertiser failed
05-15 04:43:38.739 7895 7895 D IDM-PropertyUtils : is agreed: false
05-15 04:43:38.739 7895 7895 W IDM-MiConnectReport : report failure -1107 0
05-15 04:43:38.739 7895 7895 E IDM-stat: MiotReportManager : not available becase: is_enable_disable_build: true
05-15 04:43:38.739 7895 7895 E IDM-BtClassicGovernor : Log enabled =false
05-15 04:43:38.739 7895 7895 I IDM-BtClassicGovernor : Classic setCallback
05-15 04:43:38.739 7895 7895 D IDM-AbstractBtGovernor : BleApi setCallback
05-15 04:43:38.739 7895 7895 D IDM-AbstractBtGovernor : BleApi enableStateListener
05-15 04:43:38.739 7895 7895 I IDM-BtClassicGovernor : BtClassical isAvailable enter
05-15 04:43:38.740 7895 7895 I IDM-AbstractBtGovernor : isAvailable enter
05-15 04:43:38.740 7895 7895 D IDM-AbstractBtGovernor : is support BT: false
05-15 04:43:38.740 7895 7895 D IDM-BtClassicGovernor : is support BT: false
05-15 04:43:38.740 7895 7895 D IDM-PropertyUtils : is agreed: false
05-15 04:43:38.740 7895 7895 W IDM-MiConnectReport : report failure -1024 0
05-15 04:43:38.740 7895 7895 E IDM-stat: MiotReportManager : not available becase: is_enable_disable_build: true
05-15 04:43:38.740 7895 7895 D IDM-BleGovernor : BleApi getBleGovernor
05-15 04:43:38.741 7895 7895 I IDM-BleClientService :  BleAttributeClientOperation Consturctor, dev.1.2.0
05-15 04:43:38.741 7895 7895 D IDM-BleDiscovery : init enter, mIsInitiated=false
05-15 04:43:38.741 7895 7895 D IDM-BleDiscovery : mBleScanner is null
05-15 04:43:38.741 7895 7895 I IDM-BleClientViaAttService :  BleClientService Consturctor, dev.1.2.0
05-15 04:43:38.741 7895 7895 I IDM-BleServerViaAttService :  BleServerService Consturctor, dev.1.2.0
05-15 04:43:38.742 7895 7895 D IDM-BleDiscovery : init enter, mIsInitiated=false
05-15 04:43:38.742 7895 7895 D IDM-BleDiscovery : mBleScanner is null
05-15 04:43:38.744 7895 7895 D IDM-BleGovernor : BT Adapter was not supported ! 
05-15 04:43:38.744 7895 7895 I IDM-BleAdvertising :  BleAdvertising Consturctor, dev.1.2.0
05-15 04:43:38.744 7895 7895 E IDM-BleAdvertising : get BleAdvertiser failed
05-15 04:43:38.744 7895 7895 D IDM-PropertyUtils : is agreed: false
05-15 04:43:38.744 7895 7895 W IDM-MiConnectReport : report failure -1107 0
05-15 04:43:38.744 7895 7895 E IDM-stat: MiotReportManager : not available becase: is_enable_disable_build: true
05-15 04:43:38.744 7895 7895 I IDM-BleGovernor : BleApi setCallback enter
05-15 04:43:38.744 7895 7895 D IDM-AbstractBtGovernor : BleApi setCallback
05-15 04:43:38.745 7895 7895 D IDM-AbstractBtGovernor : BleApi enableStateListener
05-15 04:43:38.745 7895 7895 I IDM-BleGovernor : isAvailable enter
05-15 04:43:38.745 7895 7895 I IDM-AbstractBtGovernor : isAvailable enter
05-15 04:43:38.745 7895 7895 D IDM-AbstractBtGovernor : is support BT: false
05-15 04:43:38.745 7895 7895 I IDM-WifiGovernor : Common: WifiGovernor Constructor
05-15 04:43:38.762 7895 7895 D IDM-WifiGovernor : Common: support5gBand: ret: true
05-15 04:43:38.763 7895 7895 D IDM-WifiGovernor : Common: Support DTLS: false
05-15 04:43:38.763 7895 7895 I IDM-WifiGovernor : Common: WifiGovernor constructor exit
05-15 04:43:38.763 7895 7895 I IDM-WifiGovernor : Common: isAvailable enter
05-15 04:43:38.763 7895 7895 I IDM-WifiGovernor : Common: isAvailable exit: true
05-15 04:43:38.763 7895 7895 I IDM-WifiGovernor : Common: WifiGovernor init enter
05-15 04:43:38.766 7895 7895 D IDM-WifiGovernor : Common: Start coap server successfully. retry: 0
05-15 04:43:38.766 7895 7895 I IDM-WifiGovernor : Common: WifiGovernor init exit
05-15 04:43:38.766 7895 7895 I IDM-WifiGovernor : Common: setCallback: com.xiaomi.mi_connect_service.MiConnectService$d@841cfc8
05-15 04:43:38.769 7895 7895 I IDM-NfcAdvPresenter : registerReceiver
05-15 04:43:38.769 7895 7895 D IDM-DeviceUtil : platform type property: default
05-15 04:43:38.769 7895 7895 D IDM-DeviceUtil : platform type property: default
05-15 04:43:38.770 7895 7895 I IDM-NfcScanHelper : ---start---state:IDEL
05-15 04:43:38.771 7895 7895 I IDM-NfcMessagePublisher : use NfcScanHelper
05-15 04:43:38.771 7895 7895 D IDM-DeviceUtil : platform type property: default
05-15 04:43:38.772 7895 7895 D IDM-DeviceUtil : platform type property: default
05-15 04:43:38.773 7895 7895 I IDM-NfcGovernor : isAvailable false
05-15 04:43:38.773 7895 7895 D IDM-MiConnectService : NFC available false
05-15 04:43:38.773 7895 7895 D IDM-DeviceUtil : platform type property: default
05-15 04:43:38.773 7895 7895 I IDM-NfcGovernor : isAvailable false
05-15 04:43:38.773 7895 7895 I IDM-BleGovernor : BleApi setAdvertisingCallback enter
05-15 04:43:38.773 7895 7895 E IDM-BleGovernor : BtGovernor died. need to init
05-15 04:43:38.774 7895 7895 D IDM-PropertyUtils : is agreed: false
05-15 04:43:38.774 7895 7895 W IDM-MiConnectReport : report failure -1053 0
05-15 04:43:38.774 7895 7895 E IDM-stat: MiotReportManager : not available becase: is_enable_disable_build: true
05-15 04:43:38.774 7895 7895 I IDM-BtClassicGovernor : BtClassical setAdvertisingCallback enter
05-15 04:43:38.774 7895 7895 E IDM-BtClassicGovernor : BtGovernor died. need to init
05-15 04:43:38.774 7895 7895 D IDM-PropertyUtils : is agreed: false
05-15 04:43:38.774 7895 7895 W IDM-MiConnectReport : report failure -1092 0
05-15 04:43:38.774 7895 7895 E IDM-stat: MiotReportManager : not available becase: is_enable_disable_build: true
05-15 04:43:38.774 7895 7895 I IDM-BtGovernor : BtApi setAdvertisingCallback enter
05-15 04:43:38.775 7895 7895 E IDM-BtGovernor : BtGovernor died. need to init
05-15 04:43:38.775 7895 7895 I IDM-BleGovernor : BleApi setDiscoveryCallback enter
05-15 04:43:38.775 7895 7895 E IDM-BleGovernor : BtGovernor died. need to init
05-15 04:43:38.775 7895 7895 D IDM-PropertyUtils : is agreed: false
05-15 04:43:38.775 7895 7895 W IDM-MiConnectReport : report failure -1053 0
05-15 04:43:38.775 7895 7895 E IDM-stat: MiotReportManager : not available becase: is_enable_disable_build: true
05-15 04:43:38.775 7895 7895 D IDM-BleDiscovery : setCallback enter
05-15 04:43:38.775 7895 7895 I IDM-BtClassicGovernor : BtClassic setDiscoveryCallback enter
05-15 04:43:38.775 7895 7895 E IDM-BtClassicGovernor : BtGovernor died. need to init
05-15 04:43:38.775 7895 7895 D IDM-PropertyUtils : is agreed: false
05-15 04:43:38.776 7895 7895 W IDM-MiConnectReport : report failure -1092 0
05-15 04:43:38.776 7895 7895 E IDM-stat: MiotReportManager : not available becase: is_enable_disable_build: true
05-15 04:43:38.776 7895 7895 D IDM-BtDiscovery : setCallback enter
05-15 04:43:38.776 7895 7895 I IDM-BtGovernor : BtApi setDiscoveryCallback enter
05-15 04:43:38.776 7895 7895 E IDM-BtGovernor : BtGovernor died. need to init
05-15 04:43:38.776 7895 7895 I IDM-WifiGovernor : Common: setDiscoveryCallback: b.h.o.q$a@72ef299
05-15 04:43:38.776 7895 7895 E IDM-BleGovernor : BLE is not enabled
05-15 04:43:38.776 7895 7895 D IDM-AbstractBtGovernor : BleApi setAttributeCallback enter
05-15 04:43:38.776 7895 7895 I IDM-BtClassicGovernor : BtClassical setAttributeCallback enter
05-15 04:43:38.777 7895 7895 E IDM-BtClassicGovernor : BLE is not enabled
05-15 04:43:38.777 7895 7895 D IDM-AbstractBtGovernor : BleApi setAttributeCallback enter
05-15 04:43:38.777 7895 7895 I IDM-BtGovernor : BtApi setAttributeCallback enter
05-15 04:43:38.777 7895 7895 E IDM-BtGovernor : BLE is not enabled
05-15 04:43:38.777 7895 7895 D IDM-AbstractBtGovernor : BleApi setAttributeCallback enter
05-15 04:43:38.777 7895 7895 I IDM-WifiGovernor : Common: setAttributeCallback: b.h.o.k$a@83e195e
05-15 04:43:38.783 7895 7895 V IDM-DeviceUtil : Get Phone name Redmi Note 10S
05-15 04:43:38.783 7895 7895 D IDM-MiConnectService : ScreenStateObserver.EnableObserve main
05-15 04:43:38.785 7895 7895 D IDM-MiConnectService : UserSwitchedObserver.EnableObserve main
05-15 04:43:38.790 7895 7895 D IDM-MiConnectService : Register name change observer for phone
05-15 04:43:38.790 7895 7895 D IDM-MiConnectService : PhoneSystemNameChangeObserver.EnableObserve main
05-15 04:43:38.792 7895 7895 D IDM-IDMRuntime : Initializing Managers...
05-15 04:43:38.792 7895 7895 D IDM-IDMConfigCache : isDebugSignature = false
05-15 04:43:38.793 7895 7895 D IDM-IDMClientProcManager : Initializing
05-15 04:43:38.794 7895 7895 D IDM-IDMServerProcManager : Initializing
05-15 04:43:38.794 7895 7895 D IDM-IDMConnectionManager : Initializing
05-15 04:43:38.794 7895 7895 D IDM-IDMRuntime : Initializing BuiltInServices...
05-15 04:43:38.807 7895 7945 D IDM-IDMConfigCache : initAssetsCache in pool thread
05-15 04:43:38.809 7895 7895 E IDM-IotLocalControlSerivceImpl : IotLocalControlSerivceImpl IDM_LOCALSERVICE_UUIDffff3ffc-09da-4bed-9652-f507366fcfc5
05-15 04:43:38.838 7895 7895 D IDM-IDMNative : init
05-15 04:43:38.841 7895 7895 D IDM-AppMgrNative : init
05-15 04:43:38.842 7895 7895 D IDM-IDMNative : setIdentity, idhash: 333763, name: Redmi Note 10S
05-15 04:43:38.845 7895 7895 D IDM-IDMNative : startAdvertising, service:ffff3ffc-09da-4bed-9652-f507366fcfc5 discType:3 commType:8 serviceSecurityType:0
05-15 04:43:38.845 7895 7895 D IDM-IDMNative : startAdvertising, service:168474d5-94d5-488d-84ea-8e20050985f2 discType:2 commType:2 serviceSecurityType:0
