05-15 05:21:02.677 22690 22690 D IDM-IDMRuntime : Initializing HandoffProcessService...
05-15 05:21:02.677 22690 22907 D IDM-PropertyUtils : is agreed: false
05-15 05:21:02.677 22690 22907 E IDM-s:miconnect:  : not available
05-15 05:21:02.677 22690 22907 E IDM-stat: MiotReportManager : not available becase: is_enable_disable_build: true
05-15 05:21:02.677 22690 22907 I IDM-MiConnectService : startAdvertising discType 2
05-15 05:21:02.678 22690 22907 D IDM-LocalAppServer : initSuppSetting: commSetting = 2
05-15 05:21:02.682 22690 22907 D IDM-LocalAppServer : initCurrSetting: commSetting = 2
05-15 05:21:02.685 22690 22907 D IDM-LocalAppServerHolder : add App Server 8194
05-15 05:21:02.685 22690 22690 V IDM-NetworkApi : mijia api base is : https://us.api.io.mi.com/
05-15 05:21:02.686 22690 22907 D IDM-PropertyUtils : is agreed: false
05-15 05:21:02.686 22690 22690 D IDM-DeviceUtil : platform type property: default
05-15 05:21:02.686 22690 22907 E IDM-s:miconnect:  : not available
05-15 05:21:02.686 22690 22907 I IDM-MiConnectService : startAdvertising 2
05-15 05:21:02.686 22690 22907 E IDM-LocalAppServer : startAdvertising
05-15 05:21:02.686 22690 22690 D IDM-ConnectionManager : ConnectionManagerImpl construct with version code:1,debug:false
05-15 05:21:02.687 22690 22690 I IDM-WifiGovernor : Common: setHostCallback: b.h.o.k.D@cd1db41
05-15 05:21:02.687 22690 22690 I IDM-WifiGovernor : Common: setHostCallback: b.h.o.k.D@cd1db41
05-15 05:21:02.687 22690 22690 I IDM-WifiGovernor : Common: setConnectionCallback: b.h.o.k.q@b6e58e6
05-15 05:21:02.687 22690 22690 I IDM-WifiGovernor : Common: setConnectionCallback: b.h.o.k.q@b6e58e6
05-15 05:21:02.692 22690 22690 D IDM-CommStateMonitor : onReceive: android.net.conn.CONNECTIVITY_CHANGE
05-15 05:21:02.697 22690 22690 D IDM-MiConnectService : onBind action:com.xiaomi.mi_connect_service.MiConnectService
05-15 05:21:02.701 22690 22690 D IDM-IDMServerProcManager : register ServerProc, clientId = [a023jkdf]
05-15 05:21:02.703 22690 22690 D IDM-PackkageUtil : pkg com.xiaomi.mi_connect_service
05-15 05:21:02.703 22690 22690 E IDM-IDMSecurityManager : checkRegisterClientId InnerCalling no need check clientId
05-15 05:21:02.704 22690 22690 D IDM-IDMNativeWraper : clientId = [a023jkdf], sdk version = [2001137]
05-15 05:21:02.704 22690 22690 D IDM-IDMNativeWraper : clientId = [a023jkdf], Use Native V2
05-15 05:21:02.704 22690 22690 V IDM-HandoffProcessService : IDMServer onProcessConnected, ready to register service
05-15 05:21:02.704 22690 22690 V IDM-HandoffProcessService : register Handoff service
05-15 05:21:02.706 22690 22690 D IDM-IDMServerProcManager : registerService
05-15 05:21:02.706 22690 22714 D IDM-CertSavingManager : get cert3 from ram
05-15 05:21:02.710 22690 22690 D IDM-PackkageUtil : pkg com.xiaomi.mi_connect_service
05-15 05:21:02.715 22690 22714 D IDM-CertSavingManager : get cert3 from sp
05-15 05:21:02.715 22690 22714 D IDM-CertSavingManager : get cert2 from ram space
05-15 05:21:02.716 22690 22690 E IDM-IDMSecurityManager : checkServiceRegistrable InnerCalling no need check
05-15 05:21:02.720 22690 22714 D IDM-CertSavingManager : get cert2 from sp file
05-15 05:21:02.721 22690 22907 V IDM-CertSavingManager : current saving is empty
05-15 05:21:02.721 22690 22907 V IDM-MiIdentity : h: validateCurrentSaving took 0 milliseconds.
05-15 05:21:02.722 22690 22907 I IDM-AttributeManager : update 2
05-15 05:21:02.722 22690 22907 D IDM-CoapStorage : addAttribute uuid: 00000000-09da-4bed-9652-f507366fcfc5
05-15 05:21:02.722 22690 22907 D IDM-CoapStorage : addAttribute uuid: 00000001-09da-4bed-9652-f507366fcfc5
05-15 05:21:02.722 22690 22907 D IDM-CoapStorage : addAttribute uuid: 00000003-09da-4bed-9652-f507366fcfc5
05-15 05:21:02.722 22690 22907 D IDM-CoapStorage : addAttribute uuid: 00000004-09da-4bed-9652-f507366fcfc5
05-15 05:21:02.722 22690 22907 D IDM-CoapStorage : addAttribute uuid: 00000005-09da-4bed-9652-f507366fcfc5
05-15 05:21:02.722 22690 22907 D IDM-CoapStorage : addAttribute uuid: 00000006-09da-4bed-9652-f507366fcfc5
05-15 05:21:02.722 22690 22907 D IDM-CoapStorage : addAttribute uuid: 00000008-09da-4bed-9652-f507366fcfc5
05-15 05:21:02.722 22690 22907 D IDM-CoapStorage : addAttribute uuid: 00000007-09da-4bed-9652-f507366fcfc5
05-15 05:21:02.723 22690 22907 D IDM-CoapStorage : addAttribute uuid: 20020001-09da-4bed-9652-f507366fcfc5
05-15 05:21:02.723 22690 22907 D IDM-CoapStorage : addAttribute uuid: 20020002-09da-4bed-9652-f507366fcfc5
05-15 05:21:02.723 22690 22907 D IDM-CoapStorage : addAttribute uuid: 20020003-09da-4bed-9652-f507366fcfc5
05-15 05:21:02.724 22690 22907 D IDM-CoapStorage : addAttribute uuid: 20020004-09da-4bed-9652-f507366fcfc5
05-15 05:21:02.724 22690 22907 D IDM-CoapStorage : addAttribute uuid: 20020005-09da-4bed-9652-f507366fcfc5
05-15 05:21:02.724 22690 22907 D IDM-CoapStorage : addAttribute uuid: 20020006-09da-4bed-9652-f507366fcfc5
05-15 05:21:02.724 22690 22907 D IDM-CoapStorage : addAttribute uuid: 20020007-09da-4bed-9652-f507366fcfc5
05-15 05:21:02.725 22690 22907 D IDM-CoapStorage : addAttribute uuid: 20020008-09da-4bed-9652-f507366fcfc5
05-15 05:21:02.725 22690 22907 D IDM-CoapStorage : addAttribute uuid: 20020009-09da-4bed-9652-f507366fcfc5
05-15 05:21:02.725 22690 22907 D IDM-CoapStorage : addAttribute uuid: 2002000a-09da-4bed-9652-f507366fcfc5
05-15 05:21:02.725 22690 22907 D IDM-CoapStorage : addAttribute uuid: 2002000b-09da-4bed-9652-f507366fcfc5
05-15 05:21:02.725 22690 22714 V IDM-MiIdentity : h: Receive message 1, hardware data 37c8b02fc947e222c97245c67104793923f751c6, hardwareHash 7c
05-15 05:21:02.725 22690 22907 D IDM-CoapStorage : addAttribute uuid: 2002000c-09da-4bed-9652-f507366fcfc5
05-15 05:21:02.725 22690 22714 D IDM-CertSavingManager : queryWhenLogin mijiaDid 37c8b02fc947e222c97245c67104793923f751c6, didHash 7c
05-15 05:21:02.725 22690 22907 D IDM-CoapStorage : addAttribute uuid: 2002000d-09da-4bed-9652-f507366fcfc5
05-15 05:21:02.725 22690 22907 D IDM-CoapResponder : addService
05-15 05:21:02.726 22690 22907 V IDM-CoapResponder : add Attribute 00000008-09da-4bed-9652-f507366fcfc5 Service
05-15 05:21:02.726 22690 22907 V IDM-CoapResponder : add Attribute 2002000a-09da-4bed-9652-f507366fcfc5 Service
05-15 05:21:02.726 22690 22690 D IDM-PackkageUtil : pkg com.xiaomi.mi_connect_service
05-15 05:21:02.726 22690 22907 V IDM-CoapResponder : add Attribute 2002000b-09da-4bed-9652-f507366fcfc5 Service
05-15 05:21:02.727 22690 22907 V IDM-CoapResponder : add Attribute 20020008-09da-4bed-9652-f507366fcfc5 Service
05-15 05:21:02.727 22690 22907 V IDM-CoapResponder : add Attribute 20020009-09da-4bed-9652-f507366fcfc5 Service
05-15 05:21:02.727 22690 22907 V IDM-CoapResponder : add Attribute 2002000c-09da-4bed-9652-f507366fcfc5 Service
05-15 05:21:02.727 22690 22907 V IDM-CoapResponder : add Attribute 2002000d-09da-4bed-9652-f507366fcfc5 Service
05-15 05:21:02.727 22690 22907 V IDM-CoapResponder : add Attribute 00000000-09da-4bed-9652-f507366fcfc5 Service
05-15 05:21:02.727 22690 22907 V IDM-CoapResponder : add Attribute 20020002-09da-4bed-9652-f507366fcfc5 Service
05-15 05:21:02.727 22690 22907 V IDM-CoapResponder : add Attribute 00000001-09da-4bed-9652-f507366fcfc5 Service
05-15 05:21:02.727 22690 22907 V IDM-CoapResponder : add Attribute 20020003-09da-4bed-9652-f507366fcfc5 Service
05-15 05:21:02.727 22690 22907 V IDM-CoapResponder : add Attribute 00000003-09da-4bed-9652-f507366fcfc5 Service
05-15 05:21:02.727 22690 22907 V IDM-CoapResponder : add Attribute 20020001-09da-4bed-9652-f507366fcfc5 Service
05-15 05:21:02.727 22690 22907 V IDM-CoapResponder : add Attribute 00000004-09da-4bed-9652-f507366fcfc5 Service
05-15 05:21:02.728 22690 22907 V IDM-CoapResponder : add Attribute 20020006-09da-4bed-9652-f507366fcfc5 Service
05-15 05:21:02.728 22690 22907 V IDM-CoapResponder : add Attribute 00000005-09da-4bed-9652-f507366fcfc5 Service
05-15 05:21:02.728 22690 22907 V IDM-CoapResponder : add Attribute 20020007-09da-4bed-9652-f507366fcfc5 Service
05-15 05:21:02.728 22690 22907 V IDM-CoapResponder : add Attribute 00000006-09da-4bed-9652-f507366fcfc5 Service
05-15 05:21:02.728 22690 22907 V IDM-CoapResponder : add Attribute 20020004-09da-4bed-9652-f507366fcfc5 Service
05-15 05:21:02.728 22690 22907 V IDM-CoapResponder : add Attribute 00000007-09da-4bed-9652-f507366fcfc5 Service
05-15 05:21:02.728 22690 22907 V IDM-CoapResponder : add Attribute 20020005-09da-4bed-9652-f507366fcfc5 Service
05-15 05:21:02.729 22690 22907 I IDM-AdvertisingManager : update 2
05-15 05:21:02.729 22690 22907 I IDM-AdvertisingManager : update after changed for BT, discType is 2
05-15 05:21:02.729 22690 22907 D IDM-BonjourGovernor : stopAdvertising: enter
05-15 05:21:02.729 22690 22907 E IDM-BonjourGovernor : stopAdvertising: exit since not in advertising
05-15 05:21:02.729 22690 22907 D IDM-PropertyUtils : is agreed: false
05-15 05:21:02.729 22690 22907 W IDM-MiConnectReport : report failure -2012 0
05-15 05:21:02.729 22690 22907 E IDM-stat: MiotReportManager : not available becase: is_enable_disable_build: true
05-15 05:21:02.729 22690 22912 D IDM-CertSavingManager : save all data fetched in new thread.
05-15 05:21:02.730 22690 22690 D IDM-PackkageUtil : pkg com.xiaomi.mi_connect_service
05-15 05:21:02.731 22690 22690 D IDM-MiConnectService : filterCommTypeOnPermission for com.xiaomi.mi_connect_service
05-15 05:21:02.731 22690 22690 D IDM-IDMServerProc : register Service, serviceId = [c7ab5bb2-1f7a-46a8-8f4e-240027b742c3]
05-15 05:21:02.731 22690 22690 D IDM-IDMNativeWraper : startAdvertising V2
05-15 05:21:02.731 22690 22690 D IDM-IDMNative : startAdvertising, service:c7ab5bb2-1f7a-46a8-8f4e-240027b742c3 discType:2 commType:2 serviceSecurityType:0
05-15 05:21:02.731 22690 22690 D IDM-AppMgrNative : registerApp
05-15 05:21:02.732 22690 22690 D IDM-MiConnectService : executor id:8193
05-15 05:21:02.732 22690 22690 D IDM-MiConnectService : generate executor for 8193
05-15 05:21:02.734 22690 22690 D IDM-MiConnectService : executor id:8193
05-15 05:21:02.734 22690 22690 V IDM-HandoffProcessService : IDMClient onProcessConnected
05-15 05:21:02.735 22690 22690 D IDM-IDMClientProcManager : registerIDMClient: clientId = [a023jkdf]
05-15 05:21:02.735 22690 22913 I IDM-MiConnectService : app thread created app thread for 8193
05-15 05:21:02.736 22690 22913 I IDM-MiConnectService : setCallBack appid: 8193,roleType: 1
05-15 05:21:02.736 22690 22913 D IDM-PropertyUtils : is agreed: false
05-15 05:21:02.736 22690 22913 E IDM-s:miconnect:  : not available
05-15 05:21:02.736 22690 22913 E IDM-stat: MiotReportManager : not available becase: is_enable_disable_build: true
05-15 05:21:02.736 22690 22913 I IDM-MiConnectService : startAdvertising discType 2
05-15 05:21:02.736 22690 22913 D IDM-LocalAppServer : initSuppSetting: commSetting = 2
05-15 05:21:02.736 22690 22690 D IDM-PackkageUtil : pkg com.xiaomi.mi_connect_service
05-15 05:21:02.736 22690 22690 E IDM-IDMSecurityManager : checkRegisterClientId InnerCalling no need check clientId
05-15 05:21:02.736 22690 22690 D IDM-IDMClientProcManager : param size = [4]
05-15 05:21:02.738 22690 22690 E IDM-IDMClientProcManager : IdentifyParam = [# com.xiaomi.mi_connect_service.proto.IPCParam$IdentifyParam@7bc6f]
05-15 05:21:02.738 22690 22690 D IDM-IDMNativeWraper : clientId = [a023jkdf], sdk version = [2001137]
05-15 05:21:02.738 22690 22690 D IDM-IDMNativeWraper : clientId = [a023jkdf], Use Native V2
05-15 05:21:02.738 22690 22690 E IDM-PropertyAgent : DeviceService  init 
05-15 05:21:02.739 22690 22690 I IDM-PropertyAgent : setTokenInfo
05-15 05:21:02.739 22690 22913 D IDM-LocalAppServer : initCurrSetting: commSetting = 2
05-15 05:21:02.743 22690 22913 D IDM-LocalAppServerHolder : add App Server 8193
05-15 05:21:02.744 22690 22913 D IDM-PropertyUtils : is agreed: false
05-15 05:21:02.744 22690 22913 E IDM-s:miconnect:  : not available
05-15 05:21:02.744 22690 22913 I IDM-MiConnectService : startAdvertising 2
05-15 05:21:02.744 22690 22913 E IDM-LocalAppServer : startAdvertising
05-15 05:21:02.744 22690 22913 V IDM-CertSavingManager : current saving is empty
05-15 05:21:02.744 22690 22913 V IDM-MiIdentity : h: validateCurrentSaving took 0 milliseconds.
05-15 05:21:02.744 22690 22913 I IDM-AttributeManager : update 2
05-15 05:21:02.745 22690 22913 D IDM-CoapStorage : addAttribute uuid: 00000000-09da-4bed-9652-f507366fcfc5
05-15 05:21:02.745 22690 22690 D IDM-IDMNativeWraper : registerIDMClient V2
05-15 05:21:02.745 22690 22913 D IDM-CoapStorage : addAttribute uuid: 00000001-09da-4bed-9652-f507366fcfc5
05-15 05:21:02.745 22690 22690 D IDM-IDMNative : registerIDMClient, id:a023jkdf
05-15 05:21:02.745 22690 22913 D IDM-CoapStorage : addAttribute uuid: 00000003-09da-4bed-9652-f507366fcfc5
05-15 05:21:02.745 22690 22913 D IDM-CoapStorage : addAttribute uuid: 00000004-09da-4bed-9652-f507366fcfc5
05-15 05:21:02.745 22690 22913 D IDM-CoapStorage : addAttribute uuid: 00000005-09da-4bed-9652-f507366fcfc5
05-15 05:21:02.746 22690 22913 D IDM-CoapStorage : addAttribute uuid: 00000006-09da-4bed-9652-f507366fcfc5
05-15 05:21:02.746 22690 22913 D IDM-CoapStorage : addAttribute uuid: 00000008-09da-4bed-9652-f507366fcfc5
05-15 05:21:02.746 22690 22913 D IDM-CoapStorage : addAttribute uuid: 00000007-09da-4bed-9652-f507366fcfc5
05-15 05:21:02.747 22690 22913 D IDM-CoapStorage : addAttribute uuid: 20020001-09da-4bed-9652-f507366fcfc5
05-15 05:21:02.747 22690 22913 D IDM-CoapStorage : addAttribute uuid: 20020002-09da-4bed-9652-f507366fcfc5
05-15 05:21:02.747 22690 22913 D IDM-CoapStorage : addAttribute uuid: 20020003-09da-4bed-9652-f507366fcfc5
05-15 05:21:02.748 22690 22913 D IDM-CoapStorage : addAttribute uuid: 20020004-09da-4bed-9652-f507366fcfc5
05-15 05:21:02.748 22690 22913 D IDM-CoapStorage : addAttribute uuid: 20020005-09da-4bed-9652-f507366fcfc5
05-15 05:21:02.748 22690 22913 D IDM-CoapStorage : addAttribute uuid: 20020006-09da-4bed-9652-f507366fcfc5
05-15 05:21:02.748 22690 22913 D IDM-CoapStorage : addAttribute uuid: 20020007-09da-4bed-9652-f507366fcfc5
05-15 05:21:02.748 22690 22913 D IDM-CoapStorage : addAttribute uuid: 20020008-09da-4bed-9652-f507366fcfc5
05-15 05:21:02.748 22690 22913 D IDM-CoapStorage : addAttribute uuid: 20020009-09da-4bed-9652-f507366fcfc5
05-15 05:21:02.748 22690 22913 D IDM-CoapStorage : addAttribute uuid: 2002000a-09da-4bed-9652-f507366fcfc5
05-15 05:21:02.749 22690 22913 D IDM-CoapStorage : addAttribute uuid: 2002000b-09da-4bed-9652-f507366fcfc5
05-15 05:21:02.751 22690 22913 D IDM-CoapStorage : addAttribute uuid: 2002000c-09da-4bed-9652-f507366fcfc5
05-15 05:21:02.751 22690 22913 D IDM-CoapStorage : addAttribute uuid: 2002000d-09da-4bed-9652-f507366fcfc5
05-15 05:21:02.751 22690 22913 D IDM-CoapStorage : addAttribute uuid: 20010001-09da-4bed-9652-f507366fcfc5
05-15 05:21:02.751 22690 22714 D IDM-CertSavingManager : get cert3 from ram
05-15 05:21:02.752 22690 22913 D IDM-CoapStorage : addAttribute uuid: 20010002-09da-4bed-9652-f507366fcfc5
05-15 05:21:02.752 22690 22913 D IDM-CoapStorage : addAttribute uuid: 20010003-09da-4bed-9652-f507366fcfc5
05-15 05:21:02.752 22690 22913 D IDM-CoapStorage : addAttribute uuid: 20010004-09da-4bed-9652-f507366fcfc5
05-15 05:21:02.752 22690 22913 D IDM-CoapStorage : addAttribute uuid: 20010005-09da-4bed-9652-f507366fcfc5
05-15 05:21:02.752 22690 22913 D IDM-CoapStorage : addAttribute uuid: 20010006-09da-4bed-9652-f507366fcfc5
05-15 05:21:02.752 22690 22714 D IDM-CertSavingManager : get cert2 from ram space
05-15 05:21:02.752 22690 22913 D IDM-CoapStorage : addAttribute uuid: 20010007-09da-4bed-9652-f507366fcfc5
05-15 05:21:02.752 22690 22913 D IDM-CoapStorage : addAttribute uuid: 20010008-09da-4bed-9652-f507366fcfc5
05-15 05:21:02.752 22690 22913 D IDM-CoapStorage : addAttribute uuid: 20010009-09da-4bed-9652-f507366fcfc5
05-15 05:21:02.753 22690 22913 D IDM-CoapStorage : addAttribute uuid: 2001000a-09da-4bed-9652-f507366fcfc5
05-15 05:21:02.753 22690 22913 D IDM-CoapStorage : addAttribute uuid: 2001000b-09da-4bed-9652-f507366fcfc5
05-15 05:21:02.753 22690 22714 V IDM-MiIdentity : h: Receive message 1, hardware data 37c8b02fc947e222c97245c67104793923f751c6, hardwareHash 7c
05-15 05:21:02.753 22690 22913 D IDM-CoapStorage : addAttribute uuid: 2001000c-09da-4bed-9652-f507366fcfc5
05-15 05:21:02.754 22690 22913 D IDM-CoapStorage : addAttribute uuid: 2001000d-09da-4bed-9652-f507366fcfc5
05-15 05:21:02.754 22690 22913 D IDM-CoapResponder : addService
05-15 05:21:02.754 22690 22913 V IDM-CoapResponder : add Attribute 00000008-09da-4bed-9652-f507366fcfc5 Service
05-15 05:21:02.754 22690 22913 V IDM-CoapResponder : add Attribute 2002000a-09da-4bed-9652-f507366fcfc5 Service
05-15 05:21:02.754 22690 22913 V IDM-CoapResponder : add Attribute 20010009-09da-4bed-9652-f507366fcfc5 Service
05-15 05:21:02.754 22690 22714 D IDM-CertSavingManager : queryWhenLogin mijiaDid 37c8b02fc947e222c97245c67104793923f751c6, didHash 7c
05-15 05:21:02.754 22690 22913 V IDM-CoapResponder : add Attribute 2002000b-09da-4bed-9652-f507366fcfc5 Service
05-15 05:21:02.754 22690 22913 V IDM-CoapResponder : add Attribute 20010008-09da-4bed-9652-f507366fcfc5 Service
05-15 05:21:02.754 22690 22913 V IDM-CoapResponder : add Attribute 20020008-09da-4bed-9652-f507366fcfc5 Service
05-15 05:21:02.754 22690 22915 D IDM-CertSavingManager : save all data fetched in new thread.
05-15 05:21:02.754 22690 22913 V IDM-CoapResponder : add Attribute 2001000b-09da-4bed-9652-f507366fcfc5 Service
05-15 05:21:02.755 22690 22913 V IDM-CoapResponder : add Attribute 20020009-09da-4bed-9652-f507366fcfc5 Service
05-15 05:21:02.755 22690 22913 V IDM-CoapResponder : add Attribute 2001000a-09da-4bed-9652-f507366fcfc5 Service
05-15 05:21:02.755 22690 22913 V IDM-CoapResponder : add Attribute 2001000d-09da-4bed-9652-f507366fcfc5 Service
05-15 05:21:02.755 22690 22913 V IDM-CoapResponder : add Attribute 2001000c-09da-4bed-9652-f507366fcfc5 Service
05-15 05:21:02.755 22690 22913 V IDM-CoapResponder : add Attribute 2002000c-09da-4bed-9652-f507366fcfc5 Service
05-15 05:21:02.755 22690 22913 V IDM-CoapResponder : add Attribute 2002000d-09da-4bed-9652-f507366fcfc5 Service
05-15 05:21:02.755 22690 22913 V IDM-CoapResponder : add Attribute 00000000-09da-4bed-9652-f507366fcfc5 Service
05-15 05:21:02.755 22690 22913 V IDM-CoapResponder : add Attribute 20020002-09da-4bed-9652-f507366fcfc5 Service
05-15 05:21:02.755 22690 22913 V IDM-CoapResponder : add Attribute 20010001-09da-4bed-9652-f507366fcfc5 Service
05-15 05:21:02.755 22690 22913 V IDM-CoapResponder : add Attribute 00000001-09da-4bed-9652-f507366fcfc5 Service
05-15 05:21:02.755 22690 22913 V IDM-CoapResponder : add Attribute 20020003-09da-4bed-9652-f507366fcfc5 Service
05-15 05:21:02.756 22690 22913 V IDM-CoapResponder : add Attribute 20010003-09da-4bed-9652-f507366fcfc5 Service
05-15 05:21:02.756 22690 22913 V IDM-CoapResponder : add Attribute 00000003-09da-4bed-9652-f507366fcfc5 Service
05-15 05:21:02.756 22690 22913 V IDM-CoapResponder : add Attribute 20020001-09da-4bed-9652-f507366fcfc5 Service
05-15 05:21:02.756 22690 22913 V IDM-CoapResponder : add Attribute 20010002-09da-4bed-9652-f507366fcfc5 Service
05-15 05:21:02.756 22690 22913 V IDM-CoapResponder : add Attribute 00000004-09da-4bed-9652-f507366fcfc5 Service
05-15 05:21:02.756 22690 22913 V IDM-CoapResponder : add Attribute 20020006-09da-4bed-9652-f507366fcfc5 Service
05-15 05:21:02.756 22690 22913 V IDM-CoapResponder : add Attribute 20010005-09da-4bed-9652-f507366fcfc5 Service
05-15 05:21:02.756 22690 22913 V IDM-CoapResponder : add Attribute 00000005-09da-4bed-9652-f507366fcfc5 Service
05-15 05:21:02.756 22690 22913 V IDM-CoapResponder : add Attribute 20020007-09da-4bed-9652-f507366fcfc5 Service
05-15 05:21:02.756 22690 22913 V IDM-CoapResponder : add Attribute 20010004-09da-4bed-9652-f507366fcfc5 Service
05-15 05:21:02.756 22690 22913 V IDM-CoapResponder : add Attribute 00000006-09da-4bed-9652-f507366fcfc5 Service
05-15 05:21:02.757 22690 22913 V IDM-CoapResponder : add Attribute 20020004-09da-4bed-9652-f507366fcfc5 Service
05-15 05:21:02.757 22690 22913 V IDM-CoapResponder : add Attribute 20010007-09da-4bed-9652-f507366fcfc5 Service
05-15 05:21:02.757 22690 22913 V IDM-CoapResponder : add Attribute 00000007-09da-4bed-9652-f507366fcfc5 Service
05-15 05:21:02.757 22690 22913 V IDM-CoapResponder : add Attribute 20020005-09da-4bed-9652-f507366fcfc5 Service
05-15 05:21:02.757 22690 22913 V IDM-CoapResponder : add Attribute 20010006-09da-4bed-9652-f507366fcfc5 Service
05-15 05:21:02.773 22690 22714 D IDM-CertSavingManager : get cert3 from ram
05-15 05:21:02.773 22690 22714 D IDM-CertSavingManager : get cert2 from ram space
05-15 05:21:02.775 22690 22916 D IDM-CertSavingManager : save all data fetched in new thread.
05-15 05:21:02.795 22690 22723 E IDM-NetWorkUtils : get: response ----->{
"all":{"allClose":"false"},
"cpu":{"intervalMillis":"100000"},
"heap":{"intervalMillis":"100000"},
"ram":{"intervalMillis":"100000"},
"traffic":{
"intervalMillis":"100000",
"sampleMillis":"1000"
},
"thread":{
"intervalMillis":"100000",
"threadFilter":"com.godeye.androidgodeye.mods.thread.ExcludeSystemThreadFilter",
"threadTagger":"com.godeye.androidgodeye.mods.thread.DefaultThreadTagger"
},
"appsize":{
"delayMillis":"0"
},
"handle":{
"intervalMillis":"100000"
}
}

05-15 05:21:02.795 22690 22723 E IDM-NetWorkUtils : get: response ----->200
05-15 05:21:02.796 22690 22723 E IDM-NetWorkUtils : get: response ----->
05-15 05:21:02.796 22690 22723 E IDM-NetWorkUtils : get: response ----->true
05-15 05:21:02.796 22690 22723 E IDM-NetWorkUtils : send get point end [200]
05-15 05:21:02.811 22690 22713 I IDM-CloudCtrFileJob : done
05-15 05:21:02.811 22690 22713 D IDM-CloudCtrBaseJob : work
05-15 05:21:02.813 22690 22741 D IDM-IDMConfigCache : start updateIDMCloudConfig
05-15 05:21:02.816 22690 22713 D IDM-CloudCtrUrlConfig : config release https://cdn.awsusor1.fds.api.mi-img.com/miot-standard-fds/release/config/appconfig_phone.json?GalaxyAccessKeyId=5151729087601&Expires=9223372036854775807&Signature=C0EZIcUck36IDNAzEeKAifzKbGk=
05-15 05:21:02.879 22690 22724 V IDM-MiIdentity : h: generateKeyPair end took 646 milliseconds.
05-15 05:21:03.112 22690 22741 D IDM-IDMConfigCache : idmConfigAppList size = 0
05-15 05:21:03.128 22690 22741 D IDM-IDMCloudTransfer : Sending request https://idm.iot.mi.com/idm/info/batch on null

05-15 05:21:03.163 22690 22716 D IDM-TimerStack : ServerTime end: 942
05-15 05:21:03.164 22690 22716 D IDM-Trace : server time: 1652606463553, delta: 942, elapsed: 136129537
05-15 05:21:03.293 22690 22713 I IDM-ConfigMgr : version cur 3 new 2
05-15 05:21:03.294 22690 22713 D IDM-CloudCtrBaseJob : done
05-15 05:21:03.294 22690 22713 D IDM-CertRefreshJob : Start work
05-15 05:21:03.294 22690 22713 D IDM-CertRefreshJob : End work
05-15 05:21:03.295 22690 22713 D IDM-BackgroundJob : BleRelayCtrFileJob start
05-15 05:21:03.301 22690 22713 D IDM-BackgroundJob : empty ble relay conf url, ignore
05-15 05:21:03.769 22690 22907 D IDM-TAG : Advertising flag is 2
05-15 05:21:03.770 22690 22907 V IDM-TAG : Short Id Hash is 333763
05-15 05:21:03.770 22690 22907 D IDM-BonjourGovernor : startAdvertising: enter
05-15 05:21:03.783 22690 22907 D IDM-BonjourGovernor : J-Debug pattern  count: 1
05-15 05:21:03.783 22690 22907 D IDM-BonjourGovernor : J-Debug pattern [\u4e00-\u9fa5]count: 0
05-15 05:21:03.783 22690 22907 V IDM-BonjourGovernor : J-Debug outside realLen: 60, nmLen: 21, asLen: 19, ipLen: 9, containChinese: false, jsonStr: {"nm":"Redmi Note 10S","as":"[8193, 8194]","ip":"91"}
05-15 05:21:03.783 22690 22907 V IDM-BonjourGovernor : J-Debug startAdvertising json: {"nm":"Redmi Note 10S","as":"[8193, 8194]","ip":"91"}
05-15 05:21:04.536 22690 22742 D IDM-BonjourGovernor : onServiceRegistered: 
05-15 05:21:04.537 22690 22907 D IDM-LocalAppServer : advertisingResult, discType:2, result3
05-15 05:21:04.537 22690 22907 D IDM-AppMgrNative : onAdvertisingResult enter, result:3
05-15 05:21:04.537 22690 22907 D IDM-LocalAppServer : advertisingResult, discType:2, result3
05-15 05:21:04.537 22690 22907 D IDM-AppMgrNative : onAdvertisingResult enter, result:3
05-15 05:21:04.538 22690 22907 D IDM-BonjourGovernor : startAdvertising: exit
05-15 05:21:04.538 22690 22907 D IDM-LocalAppServer : can not create p2p go.
05-15 05:21:04.538 22690 22907 E IDM-LocalAppServer : startAdvertising end.
05-15 05:21:04.538 22690 22907 I IDM-MiConnectService : startAdvertising 3
05-15 05:21:04.538 22690 22907 D IDM-PropertyUtils : is agreed: false
05-15 05:21:04.538 22690 22907 E IDM-s:miconnect:  : not available
05-15 05:21:04.538 22690 22907 E IDM-stat: MiotReportManager : not available becase: is_enable_disable_build: true
05-15 05:21:04.538 22690 22896 V IDM-HandoffProcessService : onAdvertisingResult: status = [3] MSG = [Start Advertising SUCCESS]
05-15 05:21:04.540 22690 22913 I IDM-AdvertisingManager : update 2
05-15 05:21:04.540 22690 22913 I IDM-AdvertisingManager : update after changed for BT, discType is 2
05-15 05:21:04.540 22690 22913 D IDM-BonjourGovernor : stopAdvertising: enter
05-15 05:21:04.542 22690 22742 D IDM-BonjourGovernor : onServiceUnregistered: 
05-15 05:21:04.542 22690 22913 D IDM-BonjourGovernor : stopAdvertising: exit
05-15 05:21:05.111 22690 22741 D IDM-IDMCloudTransfer : Received response for https://idm.iot.mi.com/idm/info/batch in 1982,6ms
date: Sun, 15 May 2022 09:21:05 GMT
content-type: application/json
vary: Origin
vary: Access-Control-Request-Method
vary: Access-Control-Request-Headers

05-15 05:21:05.111 22690 22741 D IDM-IDMCloudTransfer : requestAppConfigPost body = {"status":200,"message":"","result":[{"id":4,"clientId":"aa80e4f0","appName":"ToBSoundBox","signature":"E2:2C:DA:40:69:37:EA:C4:6B:DE:7A:A2:F2:09:2D:AA:CC:9E:FF:F6","certificate":"","platform":"Android","packageName":"com.xiaomi.micolauncher","online":2,"createTime":1607414192,"changeTime":1614132887,"comment":"","services":null,"findables":[{"serviceType":"urn:aiot-spec-v3:service:iot-local-control:00000001:1","actions":["ALL"]}]},{"id":3,"clientId":"a5c11fdd","appName":"TestTeamApp","signature":"7A:68:0A:8D:D9:99:21:43:B7:69:EA:93:9B:89:9A:8E:43:D2:09:67","certificate":"","platform":"Android","packageName":"com.iot.xiaomi.miconnecttest","online":2,"createTime":1607414027,"changeTime":1619058349,"comment":"","services":[{"serviceType":"urn:aiot-spec-v3:service:idm-test:00000001:1","actions":[]},{"serviceType":"urn:aiot-spec-v3:service:multi-screen-collaboration:00000001:1","actions":[]},{"serviceType":"urn:aiot-spec-v3:service:input:00000001:1","actions":[]},{"serviceType":"urn:aiot-spec-v3:service:iot-local-control:00000001:1","actions":[]},{"serviceType":"urn:aiot-spec-v3:service:ip-camera:00000001:1","actions":[]},{"serviceType":"urn:aiot-spec-v3:service:light:00000001:1","actions":[]},{"serviceType":"urn:aiot-spec-v3:service:motionsensor:00000001:1","actions":[]},{"serviceType":"urn:aiot-spec-v3:service:handoff:00000001:1","actions":[]},{"serviceType":"urn:aiot-spec-v3:com.mi.idm:service:micast-tv:00017802:1.0","actions":["ALL"]},{"serviceType":"urn:aiot-spec-v3:com.mi.idm:service:notification-local:00017804:1.0","actions":[]}],"findables":[{"serviceType":"urn:aiot-spec-v3:service:iot-local-control:00000001:1","actions":["ALL"]},{"serviceType":"urn:aiot-spec-v3:service:ip-camera:00000001:1","actions":["ALL"]},{"serviceType":"urn:aiot-spec-v3:service:light:00000001:1","actions":["ALL"]},{"serviceType":"urn:aiot-spec-v3:service:motionsensor:00000001:1","actions":["ALL"]},{"serviceType":"urn:aiot-spec-v3:service:handoff:00000001:1","actions":["ALL"]},{"serviceType":"urn:aiot-spec-v3:service:input:00000001:1","actions":["ALL"]},{"serviceType":"urn:aiot-spec-v3:service:multi-screen-collaboration:00000001:1","actions":["ALL"]},{"serviceType":"urn:aiot-spec-v3:service:idm-test:00000001:1","actions":[]},{"serviceType":"urn:aiot-spec-v3:com.mi.idm:service:micast-tv:00017802:1.0","actions":["ALL"]},{"serviceType":"urn:aiot-spec-v3:com.mi.idm:service:notification-local:00017804:1.0","actions":["ALL"]}]},{"id":1,"clientId":"adc78733","appName":"IDMTestApp","signature":"27:19:6E:38:6B:87:5E:76:AD:F7:00:E7:EA:84:E4:C6:EE:E3:3D:FA","certificate":"","platform":"Android","packageName":"com.xiaomi.miconnect","online":2,"createTime":1607413671,"changeTime":1620717390,"comment":"","services":[{"serviceType":"urn:aiot-spec-v3:service:idm-test:00000001:1","actions":[]}],"findables":[{"serviceType":"urn:aiot-spec-v3:service:light:00000001:1","actions":["ALL"]},{"serviceType":"urn:aiot-spec-v3:service:input:00000001:1","actions":["ALL"]},{"serviceType":"urn:aiot-spec-v3:service:multi-screen-collaboration:00000001:1","actions":["ALL"]}]},{"id":5,"clientId":"apmr9571","appName":"SampleCode","signature":"2C:29:D4:3E:24:1E:3F:57:02:1B:86:D4:9B:E7:0F:59:7F:1A:4C:4D","certificate":"","platform":"Android","packageName":"com.xiaomi.idm.sample","online":2,"createTime":1607414256,"changeTime":1618390694,"comment":"","services":[{"serviceType":"urn:aiot-spec-v3:service:idm-test:00000001:1","actions":["ALL"]},{"serviceType":"urn:aiot-spec-v3:com.mi.idm:service:micast-tv:00017802:1.0","actions":["ALL"]}],"findables":[{"serviceType":"urn:aiot-spec-v3:service:iot-local-control:00000001:1","actions":["ALL"]},{"serviceType":"urn:aiot-spec-v3:service:ip-camera:00000001:1","actions":["ALL"]},{"serviceType":"urn:aiot-spec-v3:service:light:00000001:1","actions":["ALL"]},{"serviceType":"urn:aiot-spec-v3:service:motionsensor:00000001:1","actions":["ALL"]},{"serviceType":"urn:aiot-spec-v3:service:handoff:00000001:1","actions":["ALL"]},{"serviceType":"urn:aiot-spec-v3:service:input:00000001:1","actions":["ALL"]},{"serviceType":"urn:aiot-spec-v3:service:multi-screen-collaboration:00000001:1","actions":["ALL"]}]},{"id":2,"clientId":"aca27627","appName":"xiaomimirror","signature":"7B:6D:C7:07:9C:34:73:9C:E8:11:59:71:9F:B5:EB:61:D2:A0:32:25","certificate":"","platform":"Android","packageName":"com.xiaomi.mirror","online":2,"createTime":1607413907,"changeTime":1616405217,"comment":"","services":[{"serviceType":"urn:aiot-spec-v3:service:multi-screen-collaboration:00000001:1","actions":[]}],"findables":[{"serviceType":"urn:aiot-spec-v3:service:multi-screen-collaboration:00000001:1","actions":["ALL"]}]},{"id":6,"clientId":"adio19d2","appName":"DuoKanTvBox","signature":"08:32:F8:EB:8B:B2:28:12:1A:6E:A9:0C:AD:D8:9D:58:2C:B1:9C:7D","certificate":"","platform":"Android","packageName":"com.duokan.airkan.tvbox","online":2,"createTime":1607414401,"changeTime":1607414433,"comment":"","services":null,"findables":[{"serviceType":"urn:aiot-spec-v3:service:input:00000001:1","actions":["ALL"]}]}],"timestamp":"2022-05-15 17:21:05.422"}
05-15 05:21:05.139 22690 22741 D IDM-IDMConfigCache : finish updateIDMCloudConfig
05-15 05:21:05.581 22690 22913 D IDM-TAG : Advertising flag is 2
05-15 05:21:05.582 22690 22913 V IDM-TAG : Short Id Hash is 333763
05-15 05:21:05.582 22690 22913 D IDM-BonjourGovernor : startAdvertising: enter
05-15 05:21:05.596 22690 22913 D IDM-BonjourGovernor : J-Debug pattern  count: 1
05-15 05:21:05.597 22690 22913 D IDM-BonjourGovernor : J-Debug pattern [\u4e00-\u9fa5]count: 0
05-15 05:21:05.597 22690 22913 V IDM-BonjourGovernor : J-Debug outside realLen: 60, nmLen: 21, asLen: 19, ipLen: 9, containChinese: false, jsonStr: {"nm":"Redmi Note 10S","as":"[8193, 8194]","ip":"91"}
05-15 05:21:05.597 22690 22913 V IDM-BonjourGovernor : J-Debug startAdvertising json: {"nm":"Redmi Note 10S","as":"[8193, 8194]","ip":"91"}
05-15 05:21:06.295 22690 22742 D IDM-BonjourGovernor : onServiceRegistered: 
05-15 05:21:06.295 22690 22913 D IDM-LocalAppServer : advertisingResult, discType:2, result3
05-15 05:21:06.295 22690 22913 D IDM-LocalAppServer : result = START_ADVERTISING_SUCCESS, no need callback!
05-15 05:21:06.295 22690 22913 D IDM-LocalAppServer : advertisingResult, discType:2, result3
05-15 05:21:06.296 22690 22913 D IDM-LocalAppServer : result = START_ADVERTISING_SUCCESS, no need callback!
05-15 05:21:06.296 22690 22913 D IDM-BonjourGovernor : startAdvertising: exit
05-15 05:21:06.296 22690 22913 D IDM-LocalAppServer : can not create p2p go.
05-15 05:21:06.296 22690 22913 E IDM-LocalAppServer : startAdvertising end.
05-15 05:21:06.296 22690 22913 I IDM-MiConnectService : startAdvertising 3
05-15 05:21:06.296 22690 22913 D IDM-PropertyUtils : is agreed: false
05-15 05:21:06.296 22690 22913 E IDM-s:miconnect:  : not available
05-15 05:21:06.297 22690 22913 E IDM-stat: MiotReportManager : not available becase: is_enable_disable_build: true
05-15 05:58:53.023 22690 22690 D IDM-IDMCloudManager : onPackageRemoved
05-15 05:58:53.066 22690 22741 E IDM-IDMConfigCache : clearInternalCache clientIds == 0
05-15 05:59:02.617 22690 22690 D IDM-IDMCloudManager : onPackageRemoved
05-15 05:59:02.618 22690 22741 E IDM-IDMConfigCache : clearInternalCache clientIds == 0
05-15 05:59:03.012 22690 22726 V IDM-MiIdentity : h: MiIdentity onAccountChange, old 6552773799, new 6552773799
05-15 05:59:11.650 22690 22690 D IDM-IDMCloudManager : onPackageRemoved
05-15 05:59:11.651 22690 22741 E IDM-IDMConfigCache : clearInternalCache clientIds == 0
05-15 05:59:40.469 22690 22726 V IDM-MiIdentity : h: MiIdentity onAccountChange, old 6552773799, new 6552773799
05-15 06:10:47.121 22690 22690 D IDM-IDMCloudManager : onPackageRemoved
05-15 06:10:47.124 22690 22741 E IDM-IDMConfigCache : clearInternalCache clientIds == 0
05-15 06:10:48.235 22690 22726 V IDM-MiIdentity : h: MiIdentity onAccountChange, old 6552773799, new 6552773799
05-15 06:11:52.507 22690 22690 D IDM-IDMCloudManager : onPackageRemoved
05-15 06:11:52.508 22690 22741 E IDM-IDMConfigCache : clearInternalCache clientIds == 0
